<?xml version="1.0" encoding="ISO-8859-1" ?>
<link_info>
   <banner>TI ARM Linker Unix v18.12.1.LTS</banner>
   <copyright>Copyright (c) 1996-2018 Texas Instruments Incorporated</copyright>
   <link_time>0x5cef15b7</link_time>
   <link_errors>0x0</link_errors>
   <output_file>Horizon.out</output_file>
   <entry_point>
      <name>_c_int00_noargs</name>
      <address>0x3a15</address>
   </entry_point>
   <input_file_list>
      <input_file id="fl-2">
         <path>./</path>
         <kind>object</kind>
         <file>ADC_Task.obj</file>
         <name>ADC_Task.obj</name>
      </input_file>
      <input_file id="fl-3">
         <path>./</path>
         <kind>object</kind>
         <file>LCD_Task.obj</file>
         <name>LCD_Task.obj</name>
      </input_file>
      <input_file id="fl-4">
         <path>./</path>
         <kind>object</kind>
         <file>LED.obj</file>
         <name>LED.obj</name>
      </input_file>
      <input_file id="fl-5">
         <path>./</path>
         <kind>object</kind>
         <file>Mailbox.obj</file>
         <name>Mailbox.obj</name>
      </input_file>
      <input_file id="fl-6">
         <path>./</path>
         <kind>object</kind>
         <file>Scheduler.obj</file>
         <name>Scheduler.obj</name>
      </input_file>
      <input_file id="fl-7">
         <path>./</path>
         <kind>object</kind>
         <file>Task.obj</file>
         <name>Task.obj</name>
      </input_file>
      <input_file id="fl-8">
         <path>./</path>
         <kind>object</kind>
         <file>main.obj</file>
         <name>main.obj</name>
      </input_file>
      <input_file id="fl-9">
         <path>./</path>
         <kind>object</kind>
         <file>system_msp432p401r.obj</file>
         <name>system_msp432p401r.obj</name>
      </input_file>
      <input_file id="fl-a">
         <path>./LcdDriver/</path>
         <kind>object</kind>
         <file>Crystalfontz128x128_ST7735.obj</file>
         <name>Crystalfontz128x128_ST7735.obj</name>
      </input_file>
      <input_file id="fl-b">
         <path>./LcdDriver/</path>
         <kind>object</kind>
         <file>HAL_MSP_EXP432P401R_Crystalfontz128x128_ST7735.obj</file>
         <name>HAL_MSP_EXP432P401R_Crystalfontz128x128_ST7735.obj</name>
      </input_file>
      <input_file id="fl-c">
         <path>./ccs/</path>
         <kind>object</kind>
         <file>startup_msp432p401r_ccs.obj</file>
         <name>startup_msp432p401r_ccs.obj</name>
      </input_file>
      <input_file id="fl-17">
         <kind>object</kind>
         <file>&lt;internal&gt;</file>
         <name>&lt;internal&gt;</name>
      </input_file>
      <input_file id="fl-18">
         <path>/home/carlos/ti/simplelink_msp432p4_sdk_2_40_00_10/source/ti/grlib/lib/ccs/m4f/</path>
         <kind>archive</kind>
         <file>grlib.a</file>
         <name>context.obj</name>
      </input_file>
      <input_file id="fl-19">
         <path>/home/carlos/ti/simplelink_msp432p4_sdk_2_40_00_10/source/ti/grlib/lib/ccs/m4f/</path>
         <kind>archive</kind>
         <file>grlib.a</file>
         <name>display.obj</name>
      </input_file>
      <input_file id="fl-1a">
         <path>/home/carlos/ti/simplelink_msp432p4_sdk_2_40_00_10/source/ti/grlib/lib/ccs/m4f/</path>
         <kind>archive</kind>
         <file>grlib.a</file>
         <name>line.obj</name>
      </input_file>
      <input_file id="fl-1b">
         <path>/home/carlos/ti/simplelink_msp432p4_sdk_2_40_00_10/source/ti/grlib/lib/ccs/m4f/</path>
         <kind>archive</kind>
         <file>grlib.a</file>
         <name>rectangle.obj</name>
      </input_file>
      <input_file id="fl-1c">
         <path>/home/carlos/ti/simplelink_msp432p4_sdk_2_40_00_10/source/ti/devices/msp432p4xx/driverlib/ccs/</path>
         <kind>archive</kind>
         <file>msp432p4xx_driverlib.lib</file>
         <name>adc14.o</name>
      </input_file>
      <input_file id="fl-1d">
         <path>/home/carlos/ti/simplelink_msp432p4_sdk_2_40_00_10/source/ti/devices/msp432p4xx/driverlib/ccs/</path>
         <kind>archive</kind>
         <file>msp432p4xx_driverlib.lib</file>
         <name>gpio.o</name>
      </input_file>
      <input_file id="fl-1e">
         <path>/home/carlos/ti/simplelink_msp432p4_sdk_2_40_00_10/source/ti/devices/msp432p4xx/driverlib/ccs/</path>
         <kind>archive</kind>
         <file>msp432p4xx_driverlib.lib</file>
         <name>interrupt.o</name>
      </input_file>
      <input_file id="fl-1f">
         <path>/home/carlos/ti/simplelink_msp432p4_sdk_2_40_00_10/source/ti/devices/msp432p4xx/driverlib/ccs/</path>
         <kind>archive</kind>
         <file>msp432p4xx_driverlib.lib</file>
         <name>spi.o</name>
      </input_file>
      <input_file id="fl-20">
         <path>/home/carlos/ti/simplelink_msp432p4_sdk_2_40_00_10/source/ti/devices/msp432p4xx/driverlib/ccs/</path>
         <kind>archive</kind>
         <file>msp432p4xx_driverlib.lib</file>
         <name>cpu.o</name>
      </input_file>
      <input_file id="fl-d6">
         <path>/home/carlos/ti/ccs901/ccs/tools/compiler/ti-cgt-arm_18.12.1.LTS/lib/</path>
         <kind>archive</kind>
         <file>rtsv7M4_T_le_v4SPD16_eabi.lib</file>
         <name>typeinfo.c.obj</name>
      </input_file>
      <input_file id="fl-d7">
         <path>/home/carlos/ti/ccs901/ccs/tools/compiler/ti-cgt-arm_18.12.1.LTS/lib/</path>
         <kind>archive</kind>
         <file>rtsv7M4_T_le_v4SPD16_eabi.lib</file>
         <name>new.cpp.obj</name>
      </input_file>
      <input_file id="fl-d8">
         <path>/home/carlos/ti/ccs901/ccs/tools/compiler/ti-cgt-arm_18.12.1.LTS/lib/</path>
         <kind>archive</kind>
         <file>rtsv7M4_T_le_v4SPD16_eabi.lib</file>
         <name>s_tan.c.obj</name>
      </input_file>
      <input_file id="fl-d9">
         <path>/home/carlos/ti/ccs901/ccs/tools/compiler/ti-cgt-arm_18.12.1.LTS/lib/</path>
         <kind>archive</kind>
         <file>rtsv7M4_T_le_v4SPD16_eabi.lib</file>
         <name>e_acosf.c.obj</name>
      </input_file>
      <input_file id="fl-da">
         <path>/home/carlos/ti/ccs901/ccs/tools/compiler/ti-cgt-arm_18.12.1.LTS/lib/</path>
         <kind>archive</kind>
         <file>rtsv7M4_T_le_v4SPD16_eabi.lib</file>
         <name>e_sqrtf.c.obj</name>
      </input_file>
      <input_file id="fl-db">
         <path>/home/carlos/ti/ccs901/ccs/tools/compiler/ti-cgt-arm_18.12.1.LTS/lib/</path>
         <kind>archive</kind>
         <file>rtsv7M4_T_le_v4SPD16_eabi.lib</file>
         <name>stdlib_typeinfo.cpp.obj</name>
      </input_file>
      <input_file id="fl-dc">
         <path>/home/carlos/ti/ccs901/ccs/tools/compiler/ti-cgt-arm_18.12.1.LTS/lib/</path>
         <kind>archive</kind>
         <file>rtsv7M4_T_le_v4SPD16_eabi.lib</file>
         <name>fd_add_t2.asm.obj</name>
      </input_file>
      <input_file id="fl-dd">
         <path>/home/carlos/ti/ccs901/ccs/tools/compiler/ti-cgt-arm_18.12.1.LTS/lib/</path>
         <kind>archive</kind>
         <file>rtsv7M4_T_le_v4SPD16_eabi.lib</file>
         <name>fd_cmp_t2.asm.obj</name>
      </input_file>
      <input_file id="fl-de">
         <path>/home/carlos/ti/ccs901/ccs/tools/compiler/ti-cgt-arm_18.12.1.LTS/lib/</path>
         <kind>archive</kind>
         <file>rtsv7M4_T_le_v4SPD16_eabi.lib</file>
         <name>fd_div_t2.asm.obj</name>
      </input_file>
      <input_file id="fl-df">
         <path>/home/carlos/ti/ccs901/ccs/tools/compiler/ti-cgt-arm_18.12.1.LTS/lib/</path>
         <kind>archive</kind>
         <file>rtsv7M4_T_le_v4SPD16_eabi.lib</file>
         <name>fd_mul_t2.asm.obj</name>
      </input_file>
      <input_file id="fl-e0">
         <path>/home/carlos/ti/ccs901/ccs/tools/compiler/ti-cgt-arm_18.12.1.LTS/lib/</path>
         <kind>archive</kind>
         <file>rtsv7M4_T_le_v4SPD16_eabi.lib</file>
         <name>fd_toi_t2.asm.obj</name>
      </input_file>
      <input_file id="fl-e1">
         <path>/home/carlos/ti/ccs901/ccs/tools/compiler/ti-cgt-arm_18.12.1.LTS/lib/</path>
         <kind>archive</kind>
         <file>rtsv7M4_T_le_v4SPD16_eabi.lib</file>
         <name>fd_tos_t2.asm.obj</name>
      </input_file>
      <input_file id="fl-e2">
         <path>/home/carlos/ti/ccs901/ccs/tools/compiler/ti-cgt-arm_18.12.1.LTS/lib/</path>
         <kind>archive</kind>
         <file>rtsv7M4_T_le_v4SPD16_eabi.lib</file>
         <name>fs_tod_t2.asm.obj</name>
      </input_file>
      <input_file id="fl-e3">
         <path>/home/carlos/ti/ccs901/ccs/tools/compiler/ti-cgt-arm_18.12.1.LTS/lib/</path>
         <kind>archive</kind>
         <file>rtsv7M4_T_le_v4SPD16_eabi.lib</file>
         <name>i_tofd_t2.asm.obj</name>
      </input_file>
      <input_file id="fl-e4">
         <path>/home/carlos/ti/ccs901/ccs/tools/compiler/ti-cgt-arm_18.12.1.LTS/lib/</path>
         <kind>archive</kind>
         <file>rtsv7M4_T_le_v4SPD16_eabi.lib</file>
         <name>u_tofd_t2.asm.obj</name>
      </input_file>
      <input_file id="fl-e5">
         <path>/home/carlos/ti/ccs901/ccs/tools/compiler/ti-cgt-arm_18.12.1.LTS/lib/</path>
         <kind>archive</kind>
         <file>rtsv7M4_T_le_v4SPD16_eabi.lib</file>
         <name>copy_zero_init.c.obj</name>
      </input_file>
      <input_file id="fl-e6">
         <path>/home/carlos/ti/ccs901/ccs/tools/compiler/ti-cgt-arm_18.12.1.LTS/lib/</path>
         <kind>archive</kind>
         <file>rtsv7M4_T_le_v4SPD16_eabi.lib</file>
         <name>copy_decompress_none.c.obj</name>
      </input_file>
      <input_file id="fl-e7">
         <path>/home/carlos/ti/ccs901/ccs/tools/compiler/ti-cgt-arm_18.12.1.LTS/lib/</path>
         <kind>archive</kind>
         <file>rtsv7M4_T_le_v4SPD16_eabi.lib</file>
         <name>copy_decompress_lzss.c.obj</name>
      </input_file>
      <input_file id="fl-e8">
         <path>/home/carlos/ti/ccs901/ccs/tools/compiler/ti-cgt-arm_18.12.1.LTS/lib/</path>
         <kind>archive</kind>
         <file>rtsv7M4_T_le_v4SPD16_eabi.lib</file>
         <name>exit.c.obj</name>
      </input_file>
      <input_file id="fl-e9">
         <path>/home/carlos/ti/ccs901/ccs/tools/compiler/ti-cgt-arm_18.12.1.LTS/lib/</path>
         <kind>archive</kind>
         <file>rtsv7M4_T_le_v4SPD16_eabi.lib</file>
         <name>_lock.c.obj</name>
      </input_file>
      <input_file id="fl-ea">
         <path>/home/carlos/ti/ccs901/ccs/tools/compiler/ti-cgt-arm_18.12.1.LTS/lib/</path>
         <kind>archive</kind>
         <file>rtsv7M4_T_le_v4SPD16_eabi.lib</file>
         <name>memory.c.obj</name>
      </input_file>
      <input_file id="fl-eb">
         <path>/home/carlos/ti/ccs901/ccs/tools/compiler/ti-cgt-arm_18.12.1.LTS/lib/</path>
         <kind>archive</kind>
         <file>rtsv7M4_T_le_v4SPD16_eabi.lib</file>
         <name>errno.c.obj</name>
      </input_file>
      <input_file id="fl-ec">
         <path>/home/carlos/ti/ccs901/ccs/tools/compiler/ti-cgt-arm_18.12.1.LTS/lib/</path>
         <kind>archive</kind>
         <file>rtsv7M4_T_le_v4SPD16_eabi.lib</file>
         <name>boot_cortex_m.c.obj</name>
      </input_file>
      <input_file id="fl-ed">
         <path>/home/carlos/ti/ccs901/ccs/tools/compiler/ti-cgt-arm_18.12.1.LTS/lib/</path>
         <kind>archive</kind>
         <file>rtsv7M4_T_le_v4SPD16_eabi.lib</file>
         <name>k_rem_pio2.c.obj</name>
      </input_file>
      <input_file id="fl-ee">
         <path>/home/carlos/ti/ccs901/ccs/tools/compiler/ti-cgt-arm_18.12.1.LTS/lib/</path>
         <kind>archive</kind>
         <file>rtsv7M4_T_le_v4SPD16_eabi.lib</file>
         <name>k_tan.c.obj</name>
      </input_file>
      <input_file id="fl-ef">
         <path>/home/carlos/ti/ccs901/ccs/tools/compiler/ti-cgt-arm_18.12.1.LTS/lib/</path>
         <kind>archive</kind>
         <file>rtsv7M4_T_le_v4SPD16_eabi.lib</file>
         <name>s_floor.c.obj</name>
      </input_file>
      <input_file id="fl-f0">
         <path>/home/carlos/ti/ccs901/ccs/tools/compiler/ti-cgt-arm_18.12.1.LTS/lib/</path>
         <kind>archive</kind>
         <file>rtsv7M4_T_le_v4SPD16_eabi.lib</file>
         <name>s_scalbn.c.obj</name>
      </input_file>
      <input_file id="fl-f1">
         <path>/home/carlos/ti/ccs901/ccs/tools/compiler/ti-cgt-arm_18.12.1.LTS/lib/</path>
         <kind>archive</kind>
         <file>rtsv7M4_T_le_v4SPD16_eabi.lib</file>
         <name>s_copysign.c.obj</name>
      </input_file>
      <input_file id="fl-f2">
         <path>/home/carlos/ti/ccs901/ccs/tools/compiler/ti-cgt-arm_18.12.1.LTS/lib/</path>
         <kind>archive</kind>
         <file>rtsv7M4_T_le_v4SPD16_eabi.lib</file>
         <name>stdlib_exception.cpp.obj</name>
      </input_file>
      <input_file id="fl-f3">
         <path>/home/carlos/ti/ccs901/ccs/tools/compiler/ti-cgt-arm_18.12.1.LTS/lib/</path>
         <kind>archive</kind>
         <file>rtsv7M4_T_le_v4SPD16_eabi.lib</file>
         <name>memcpy_t2.asm.obj</name>
      </input_file>
      <input_file id="fl-f4">
         <path>/home/carlos/ti/ccs901/ccs/tools/compiler/ti-cgt-arm_18.12.1.LTS/lib/</path>
         <kind>archive</kind>
         <file>rtsv7M4_T_le_v4SPD16_eabi.lib</file>
         <name>memset_t2.asm.obj</name>
      </input_file>
      <input_file id="fl-f5">
         <path>/home/carlos/ti/ccs901/ccs/tools/compiler/ti-cgt-arm_18.12.1.LTS/lib/</path>
         <kind>archive</kind>
         <file>rtsv7M4_T_le_v4SPD16_eabi.lib</file>
         <name>autoinit.c.obj</name>
      </input_file>
      <input_file id="fl-f6">
         <path>/home/carlos/ti/ccs901/ccs/tools/compiler/ti-cgt-arm_18.12.1.LTS/lib/</path>
         <kind>archive</kind>
         <file>rtsv7M4_T_le_v4SPD16_eabi.lib</file>
         <name>pre_init.c.obj</name>
      </input_file>
      <input_file id="fl-f7">
         <path>/home/carlos/ti/ccs901/ccs/tools/compiler/ti-cgt-arm_18.12.1.LTS/lib/</path>
         <kind>archive</kind>
         <file>rtsv7M4_T_le_v4SPD16_eabi.lib</file>
         <name>cpy_tbl.c.obj</name>
      </input_file>
      <input_file id="fl-f8">
         <path>/home/carlos/ti/ccs901/ccs/tools/compiler/ti-cgt-arm_18.12.1.LTS/lib/</path>
         <kind>archive</kind>
         <file>rtsv7M4_T_le_v4SPD16_eabi.lib</file>
         <name>args_main.c.obj</name>
      </input_file>
   </input_file_list>
   <object_component_list>
      <object_component id="oc-24">
         <name>.intvecs:retain</name>
         <load_address>0x0</load_address>
         <run_address>0x0</run_address>
         <size>0xe4</size>
         <input_file_ref idref="fl-c"/>
      </object_component>
      <object_component id="oc-52d">
         <name>.text:__kernel_rem_pio2</name>
         <load_address>0xe4</load_address>
         <run_address>0xe4</run_address>
         <size>0x738</size>
         <input_file_ref idref="fl-ed"/>
      </object_component>
      <object_component id="oc-423">
         <name>.text:tan</name>
         <load_address>0x81c</load_address>
         <run_address>0x81c</run_address>
         <size>0x508</size>
         <input_file_ref idref="fl-d8"/>
      </object_component>
      <object_component id="oc-362">
         <name>.text:_ZN8LCD_Task30m_GetHorizonBorderIntersectionEss</name>
         <load_address>0xd24</load_address>
         <run_address>0xd24</run_address>
         <size>0x3a4</size>
         <input_file_ref idref="fl-3"/>
      </object_component>
      <object_component id="oc-533">
         <name>.text:__kernel_tan</name>
         <load_address>0x10c8</load_address>
         <run_address>0x10c8</run_address>
         <size>0x318</size>
         <input_file_ref idref="fl-ee"/>
      </object_component>
      <object_component id="oc-2da">
         <name>.text:_ZN8LCD_Task3runEv</name>
         <load_address>0x13e0</load_address>
         <run_address>0x13e0</run_address>
         <size>0x310</size>
         <input_file_ref idref="fl-3"/>
      </object_component>
      <object_component id="oc-4a8">
         <name>.text:_ZN52_INTERNAL_30_Crystalfontz128x128_ST7735_cpp_acdafc1437Crystalfontz128x128_PixelDrawMultipleEPK16Graphics_DisplaysssssPKhPKj</name>
         <load_address>0x16f0</load_address>
         <run_address>0x16f0</run_address>
         <size>0x1d8</size>
         <input_file_ref idref="fl-a"/>
      </object_component>
      <object_component id="oc-372">
         <name>.text</name>
         <load_address>0x18c8</load_address>
         <run_address>0x18c8</run_address>
         <size>0x1b6</size>
         <input_file_ref idref="fl-dc"/>
      </object_component>
      <object_component id="oc-74">
         <name>.text:Default_Handler</name>
         <load_address>0x1a7e</load_address>
         <run_address>0x1a7e</run_address>
         <size>0x2</size>
         <input_file_ref idref="fl-c"/>
      </object_component>
      <object_component id="oc-626">
         <name>.text:acosf</name>
         <load_address>0x1a80</load_address>
         <run_address>0x1a80</run_address>
         <size>0x198</size>
         <input_file_ref idref="fl-d9"/>
      </object_component>
      <object_component id="oc-44f">
         <name>.text:Graphics_clipLine</name>
         <load_address>0x1c18</load_address>
         <run_address>0x1c18</run_address>
         <size>0x180</size>
         <input_file_ref idref="fl-1a"/>
      </object_component>
      <object_component id="oc-38f">
         <name>.text:Graphics_drawLine</name>
         <load_address>0x1d98</load_address>
         <run_address>0x1d98</run_address>
         <size>0x174</size>
         <input_file_ref idref="fl-1a"/>
      </object_component>
      <object_component id="oc-4d4">
         <name>.text:_getIndexForMemRegister</name>
         <load_address>0x1f0c</load_address>
         <run_address>0x1f0c</run_address>
         <size>0x160</size>
         <input_file_ref idref="fl-1c"/>
      </object_component>
      <object_component id="oc-41e">
         <name>.text</name>
         <load_address>0x206c</load_address>
         <run_address>0x206c</run_address>
         <size>0x136</size>
         <input_file_ref idref="fl-de"/>
      </object_component>
      <object_component id="oc-5ba">
         <name>.text:_ZNSt9type_infoD1Ev</name>
         <load_address>0x21a2</load_address>
         <run_address>0x21a2</run_address>
         <size>0x2</size>
         <input_file_ref idref="fl-db"/>
      </object_component>
      <object_component id="oc-485">
         <name>.text:_Z32Crystalfontz128x128_SetDrawFrametttt</name>
         <load_address>0x21a4</load_address>
         <run_address>0x21a4</run_address>
         <size>0x134</size>
         <input_file_ref idref="fl-a"/>
      </object_component>
      <object_component id="oc-39c">
         <name>.text:_Z24Crystalfontz128x128_Initv</name>
         <load_address>0x22d8</load_address>
         <run_address>0x22d8</run_address>
         <size>0x12c</size>
         <input_file_ref idref="fl-a"/>
      </object_component>
      <object_component id="oc-389">
         <name>.text:Graphics_fillRectangle</name>
         <load_address>0x2404</load_address>
         <run_address>0x2404</run_address>
         <size>0x112</size>
         <input_file_ref idref="fl-1b"/>
      </object_component>
      <object_component id="oc-311">
         <name>.text:_nop</name>
         <load_address>0x2516</load_address>
         <run_address>0x2516</run_address>
         <size>0x2</size>
         <input_file_ref idref="fl-e9"/>
      </object_component>
      <object_component id="oc-5cc">
         <name>.text:scalbn</name>
         <load_address>0x2518</load_address>
         <run_address>0x2518</run_address>
         <size>0x110</size>
         <input_file_ref idref="fl-f0"/>
      </object_component>
      <object_component id="oc-36d">
         <name>.text</name>
         <load_address>0x2628</load_address>
         <run_address>0x2628</run_address>
         <size>0xfc</size>
         <input_file_ref idref="fl-df"/>
      </object_component>
      <object_component id="oc-5d2">
         <name>.text:floor</name>
         <load_address>0x2724</load_address>
         <run_address>0x2724</run_address>
         <size>0xf8</size>
         <input_file_ref idref="fl-ef"/>
      </object_component>
      <object_component id="oc-635">
         <name>.text:free</name>
         <load_address>0x281c</load_address>
         <run_address>0x281c</run_address>
         <size>0xe8</size>
         <input_file_ref idref="fl-ea"/>
      </object_component>
      <object_component id="oc-2f8">
         <name>.text:_ZN8ADC_Task5setupEv</name>
         <load_address>0x2904</load_address>
         <run_address>0x2904</run_address>
         <size>0xc0</size>
         <input_file_ref idref="fl-2"/>
      </object_component>
      <object_component id="oc-cf">
         <name>.text:SystemInit</name>
         <load_address>0x29c4</load_address>
         <run_address>0x29c4</run_address>
         <size>0xbc</size>
         <input_file_ref idref="fl-9"/>
      </object_component>
      <object_component id="oc-128">
         <name>.text:_ZN9Scheduler3runEv</name>
         <load_address>0x2a80</load_address>
         <run_address>0x2a80</run_address>
         <size>0xbc</size>
         <input_file_ref idref="fl-6"/>
      </object_component>
      <object_component id="oc-572">
         <name>.text:SPI_initMaster</name>
         <load_address>0x2b3c</load_address>
         <run_address>0x2b3c</run_address>
         <size>0xb0</size>
         <input_file_ref idref="fl-1f"/>
      </object_component>
      <object_component id="oc-4e3">
         <name>.text:_ZN8ADC_Task10m_GetAngleEt</name>
         <load_address>0x2bec</load_address>
         <run_address>0x2bec</run_address>
         <size>0xa8</size>
         <input_file_ref idref="fl-2"/>
      </object_component>
      <object_component id="oc-449">
         <name>.text:Graphics_drawLineH</name>
         <load_address>0x2c94</load_address>
         <run_address>0x2c94</run_address>
         <size>0x9c</size>
         <input_file_ref idref="fl-1a"/>
      </object_component>
      <object_component id="oc-443">
         <name>.text:Graphics_drawLineV</name>
         <load_address>0x2d30</load_address>
         <run_address>0x2d30</run_address>
         <size>0x9c</size>
         <input_file_ref idref="fl-1a"/>
      </object_component>
      <object_component id="oc-4ba">
         <name>.text:_ZN52_INTERNAL_30_Crystalfontz128x128_ST7735_cpp_acdafc1428Crystalfontz128x128_RectFillEPK16Graphics_DisplayPK18Graphics_Rectanglet</name>
         <load_address>0x2dcc</load_address>
         <run_address>0x2dcc</run_address>
         <size>0x9c</size>
         <input_file_ref idref="fl-a"/>
      </object_component>
      <object_component id="oc-38">
         <name>.text</name>
         <load_address>0x2e68</load_address>
         <run_address>0x2e68</run_address>
         <size>0x9c</size>
         <input_file_ref idref="fl-f3"/>
      </object_component>
      <object_component id="oc-565">
         <name>.text:GPIO_setAsPeripheralModuleFunctionOutputPin</name>
         <load_address>0x2f04</load_address>
         <run_address>0x2f04</run_address>
         <size>0x88</size>
         <input_file_ref idref="fl-1d"/>
      </object_component>
      <object_component id="oc-528">
         <name>.text:__aeabi_cdcmple</name>
         <load_address>0x2f8c</load_address>
         <run_address>0x2f8c</run_address>
         <size>0x86</size>
         <input_file_ref idref="fl-dd"/>
      </object_component>
      <object_component id="oc-5d8">
         <name>.text:__aeabi_cdrcmple</name>
         <load_address>0x3012</load_address>
         <run_address>0x3012</run_address>
         <size>0x86</size>
         <input_file_ref idref="fl-dd"/>
      </object_component>
      <object_component id="oc-11c">
         <name>.text:_ZN9Scheduler6attachEP4Tasky</name>
         <load_address>0x3098</load_address>
         <run_address>0x3098</run_address>
         <size>0x80</size>
         <input_file_ref idref="fl-6"/>
      </object_component>
      <object_component id="oc-9e">
         <name>.text</name>
         <load_address>0x3118</load_address>
         <run_address>0x3118</run_address>
         <size>0x7a</size>
         <input_file_ref idref="fl-f4"/>
      </object_component>
      <object_component id="oc-aa">
         <name>.text:main</name>
         <load_address>0x3194</load_address>
         <run_address>0x3194</run_address>
         <size>0x78</size>
         <input_file_ref idref="fl-8"/>
      </object_component>
      <object_component id="oc-59c">
         <name>.text</name>
         <load_address>0x320c</load_address>
         <run_address>0x320c</run_address>
         <size>0x6e</size>
         <input_file_ref idref="fl-e1"/>
      </object_component>
      <object_component id="oc-4ef">
         <name>.text:_ZN7Mailbox13m_PostMessageE6st_Msg</name>
         <load_address>0x327a</load_address>
         <run_address>0x327a</run_address>
         <size>0x6c</size>
         <input_file_ref idref="fl-5"/>
      </object_component>
      <object_component id="oc-14">
         <name>.text:decompress:lzss:__TI_decompress_lzss</name>
         <load_address>0x32e6</load_address>
         <run_address>0x32e6</run_address>
         <size>0x68</size>
         <input_file_ref idref="fl-e7"/>
      </object_component>
      <object_component id="oc-55b">
         <name>.text:Graphics_getClipCode</name>
         <load_address>0x334e</load_address>
         <run_address>0x334e</run_address>
         <size>0x64</size>
         <input_file_ref idref="fl-1a"/>
      </object_component>
      <object_component id="oc-4ae">
         <name>.text:_ZN52_INTERNAL_30_Crystalfontz128x128_ST7735_cpp_acdafc1429Crystalfontz128x128_LineDrawHEPK16Graphics_Displayssst</name>
         <load_address>0x33b2</load_address>
         <run_address>0x33b2</run_address>
         <size>0x60</size>
         <input_file_ref idref="fl-a"/>
      </object_component>
      <object_component id="oc-4b4">
         <name>.text:_ZN52_INTERNAL_30_Crystalfontz128x128_ST7735_cpp_acdafc1429Crystalfontz128x128_LineDrawVEPK16Graphics_Displayssst</name>
         <load_address>0x3412</load_address>
         <run_address>0x3412</run_address>
         <size>0x60</size>
         <input_file_ref idref="fl-a"/>
      </object_component>
      <object_component id="oc-14b">
         <name>.text:__TI_auto_init_nobinit:__TI_auto_init_nobinit</name>
         <load_address>0x3474</load_address>
         <run_address>0x3474</run_address>
         <size>0x60</size>
         <input_file_ref idref="fl-f5"/>
      </object_component>
      <object_component id="oc-2f2">
         <name>.text:_ZN8ADC_Task3runEv</name>
         <load_address>0x34d4</load_address>
         <run_address>0x34d4</run_address>
         <size>0x5c</size>
         <input_file_ref idref="fl-2"/>
      </object_component>
      <object_component id="oc-3a2">
         <name>.text:_Z34Crystalfontz128x128_SetOrientationh</name>
         <load_address>0x3530</load_address>
         <run_address>0x3530</run_address>
         <size>0x54</size>
         <input_file_ref idref="fl-a"/>
      </object_component>
      <object_component id="oc-3a8">
         <name>.text:Graphics_initContext</name>
         <load_address>0x3584</load_address>
         <run_address>0x3584</run_address>
         <size>0x52</size>
         <input_file_ref idref="fl-18"/>
      </object_component>
      <object_component id="oc-122">
         <name>.text:_ZN9Scheduler5setupEv</name>
         <load_address>0x35d6</load_address>
         <run_address>0x35d6</run_address>
         <size>0x4c</size>
         <input_file_ref idref="fl-6"/>
      </object_component>
      <object_component id="oc-3cc">
         <name>.text:_ZN8ADC_Task18m_CreateAndPostMsgEv</name>
         <load_address>0x3622</load_address>
         <run_address>0x3622</run_address>
         <size>0x4a</size>
         <input_file_ref idref="fl-2"/>
      </object_component>
      <object_component id="oc-1bf">
         <name>.text:_ZN29_INTERNAL_8_main_cpp_937618a818__NVIC_SetPriorityE4IRQnj</name>
         <load_address>0x366c</load_address>
         <run_address>0x366c</run_address>
         <size>0x48</size>
         <input_file_ref idref="fl-8"/>
      </object_component>
      <object_component id="oc-377">
         <name>.text</name>
         <load_address>0x36b4</load_address>
         <run_address>0x36b4</run_address>
         <size>0x48</size>
         <input_file_ref idref="fl-e0"/>
      </object_component>
      <object_component id="oc-116">
         <name>.text:_Z5Setupv</name>
         <load_address>0x36fc</load_address>
         <run_address>0x36fc</run_address>
         <size>0x44</size>
         <input_file_ref idref="fl-8"/>
      </object_component>
      <object_component id="oc-355">
         <name>.text:_ZN7Mailbox13m_ReadMessageEh</name>
         <load_address>0x3740</load_address>
         <run_address>0x3740</run_address>
         <size>0x44</size>
         <input_file_ref idref="fl-5"/>
      </object_component>
      <object_component id="oc-2e0">
         <name>.text:_ZN8LCD_Task5setupEv</name>
         <load_address>0x3784</load_address>
         <run_address>0x3784</run_address>
         <size>0x44</size>
         <input_file_ref idref="fl-3"/>
      </object_component>
      <object_component id="oc-56b">
         <name>.text:GPIO_setAsOutputPin</name>
         <load_address>0x37c8</load_address>
         <run_address>0x37c8</run_address>
         <size>0x40</size>
         <input_file_ref idref="fl-1d"/>
      </object_component>
      <object_component id="oc-467">
         <name>.text:_Z15HAL_LCD_SpiInitv</name>
         <load_address>0x3808</load_address>
         <run_address>0x3808</run_address>
         <size>0x40</size>
         <input_file_ref idref="fl-b"/>
      </object_component>
      <object_component id="oc-4a2">
         <name>.text:_ZN52_INTERNAL_30_Crystalfontz128x128_ST7735_cpp_acdafc1429Crystalfontz128x128_PixelDrawEPK16Graphics_Displaysst</name>
         <load_address>0x3848</load_address>
         <run_address>0x3848</run_address>
         <size>0x40</size>
         <input_file_ref idref="fl-a"/>
      </object_component>
      <object_component id="oc-600">
         <name>.text:is_A_Module</name>
         <load_address>0x3888</load_address>
         <run_address>0x3888</run_address>
         <size>0x40</size>
         <input_file_ref idref="fl-1f"/>
      </object_component>
      <object_component id="oc-c2">
         <name>.text:_ZN9SchedulerC1Ev</name>
         <load_address>0x38c8</load_address>
         <run_address>0x38c8</run_address>
         <size>0x3a</size>
         <input_file_ref idref="fl-6"/>
      </object_component>
      <object_component id="oc-479">
         <name>.text:_Z20HAL_LCD_writeCommandh</name>
         <load_address>0x3904</load_address>
         <run_address>0x3904</run_address>
         <size>0x38</size>
         <input_file_ref idref="fl-b"/>
      </object_component>
      <object_component id="oc-5a8">
         <name>.text</name>
         <load_address>0x393c</load_address>
         <run_address>0x393c</run_address>
         <size>0x38</size>
         <input_file_ref idref="fl-e2"/>
      </object_component>
      <object_component id="oc-554">
         <name>.text:Graphics_drawHorizontalLineOnDisplay</name>
         <load_address>0x3974</load_address>
         <run_address>0x3974</run_address>
         <size>0x36</size>
         <input_file_ref idref="fl-19"/>
      </object_component>
      <object_component id="oc-54d">
         <name>.text:Graphics_drawVerticalLineOnDisplay</name>
         <load_address>0x39aa</load_address>
         <run_address>0x39aa</run_address>
         <size>0x36</size>
         <input_file_ref idref="fl-19"/>
      </object_component>
      <object_component id="oc-7a">
         <name>.text:T32_INT1_IRQHandler</name>
         <load_address>0x39e0</load_address>
         <run_address>0x39e0</run_address>
         <size>0x34</size>
         <input_file_ref idref="fl-8"/>
      </object_component>
      <object_component id="oc-56">
         <name>.text:_c_int00_noargs:_c_int00_noargs</name>
         <load_address>0x3a14</load_address>
         <run_address>0x3a14</run_address>
         <size>0x34</size>
         <input_file_ref idref="fl-ec"/>
      </object_component>
      <object_component id="oc-461">
         <name>.text:_Z16HAL_LCD_PortInitv</name>
         <load_address>0x3a48</load_address>
         <run_address>0x3a48</run_address>
         <size>0x30</size>
         <input_file_ref idref="fl-b"/>
      </object_component>
      <object_component id="oc-1c5">
         <name>.text:_ZN29_INTERNAL_8_main_cpp_937618a816__NVIC_EnableIRQE4IRQn</name>
         <load_address>0x3a78</load_address>
         <run_address>0x3a78</run_address>
         <size>0x30</size>
         <input_file_ref idref="fl-8"/>
      </object_component>
      <object_component id="oc-1a5">
         <name>.text:_ZN4TaskC1Ev</name>
         <load_address>0x3aa8</load_address>
         <run_address>0x3aa8</run_address>
         <size>0x30</size>
         <input_file_ref idref="fl-7"/>
      </object_component>
      <object_component id="oc-368">
         <name>.text</name>
         <load_address>0x3ad8</load_address>
         <run_address>0x3ad8</run_address>
         <size>0x2e</size>
         <input_file_ref idref="fl-e3"/>
      </object_component>
      <object_component id="oc-455">
         <name>.text:Graphics_drawPixelOnDisplay</name>
         <load_address>0x3b06</load_address>
         <run_address>0x3b06</run_address>
         <size>0x2c</size>
         <input_file_ref idref="fl-19"/>
      </object_component>
      <object_component id="oc-47f">
         <name>.text:_Z17HAL_LCD_writeDatah</name>
         <load_address>0x3b34</load_address>
         <run_address>0x3b34</run_address>
         <size>0x2c</size>
         <input_file_ref idref="fl-b"/>
      </object_component>
      <object_component id="oc-4cc">
         <name>.text:_ZN52_INTERNAL_30_Crystalfontz128x128_ST7735_cpp_acdafc1431Crystalfontz128x128_ClearScreenEPK16Graphics_Displayt</name>
         <load_address>0x3b60</load_address>
         <run_address>0x3b60</run_address>
         <size>0x2c</size>
         <input_file_ref idref="fl-a"/>
      </object_component>
      <object_component id="oc-473">
         <name>.text:GPIO_setOutputHighOnPin</name>
         <load_address>0x3b8c</load_address>
         <run_address>0x3b8c</run_address>
         <size>0x28</size>
         <input_file_ref idref="fl-1d"/>
      </object_component>
      <object_component id="oc-46d">
         <name>.text:GPIO_setOutputLowOnPin</name>
         <load_address>0x3bb4</load_address>
         <run_address>0x3bb4</run_address>
         <size>0x28</size>
         <input_file_ref idref="fl-1d"/>
      </object_component>
      <object_component id="oc-4c0">
         <name>.text:_ZN52_INTERNAL_30_Crystalfontz128x128_ST7735_cpp_acdafc1434Crystalfontz128x128_ColorTranslateEPK16Graphics_Displayj</name>
         <load_address>0x3bdc</load_address>
         <run_address>0x3bdc</run_address>
         <size>0x28</size>
         <input_file_ref idref="fl-a"/>
      </object_component>
      <object_component id="oc-687">
         <name>.text:free_list_insert</name>
         <load_address>0x3c04</load_address>
         <run_address>0x3c04</run_address>
         <size>0x28</size>
         <input_file_ref idref="fl-ea"/>
      </object_component>
      <object_component id="oc-66d">
         <name>.text:sqrtf</name>
         <load_address>0x3c2c</load_address>
         <run_address>0x3c2c</run_address>
         <size>0x28</size>
         <input_file_ref idref="fl-da"/>
      </object_component>
      <object_component id="oc-104">
         <name>.text:_ZN8ADC_TaskC1EP7Mailbox</name>
         <load_address>0x3c54</load_address>
         <run_address>0x3c54</run_address>
         <size>0x20</size>
         <input_file_ref idref="fl-2"/>
      </object_component>
      <object_component id="oc-fe">
         <name>.text:_ZN8LCD_TaskC1EP7Mailbox</name>
         <load_address>0x3c74</load_address>
         <run_address>0x3c74</run_address>
         <size>0x20</size>
         <input_file_ref idref="fl-3"/>
      </object_component>
      <object_component id="oc-419">
         <name>.text</name>
         <load_address>0x3c94</load_address>
         <run_address>0x3c94</run_address>
         <size>0x20</size>
         <input_file_ref idref="fl-e4"/>
      </object_component>
      <object_component id="oc-436">
         <name>.text:Graphics_fillRectangleOnDisplay</name>
         <load_address>0x3cb4</load_address>
         <run_address>0x3cb4</run_address>
         <size>0x1e</size>
         <input_file_ref idref="fl-19"/>
      </object_component>
      <object_component id="oc-3c6">
         <name>.text:ADC14_getResult</name>
         <load_address>0x3cd4</load_address>
         <run_address>0x3cd4</run_address>
         <size>0x1c</size>
         <input_file_ref idref="fl-1c"/>
      </object_component>
      <object_component id="oc-578">
         <name>.text:SPI_enableModule</name>
         <load_address>0x3cf0</load_address>
         <run_address>0x3cf0</run_address>
         <size>0x1c</size>
         <input_file_ref idref="fl-1f"/>
      </object_component>
      <object_component id="oc-34f">
         <name>.text:_ZN7Mailbox14m_CheckMailboxEh</name>
         <load_address>0x3d0c</load_address>
         <run_address>0x3d0c</run_address>
         <size>0x1c</size>
         <input_file_ref idref="fl-5"/>
      </object_component>
      <object_component id="oc-681">
         <name>.text:free_list_remove</name>
         <load_address>0x3d28</load_address>
         <run_address>0x3d28</run_address>
         <size>0x1c</size>
         <input_file_ref idref="fl-ea"/>
      </object_component>
      <object_component id="oc-499">
         <name>.text:Graphics_clearDisplayOnDisplay</name>
         <load_address>0x3d44</load_address>
         <run_address>0x3d44</run_address>
         <size>0x1a</size>
         <input_file_ref idref="fl-19"/>
      </object_component>
      <object_component id="oc-3ae">
         <name>.text:Graphics_setBackgroundColor</name>
         <load_address>0x3d5e</load_address>
         <run_address>0x3d5e</run_address>
         <size>0x1a</size>
         <input_file_ref idref="fl-18"/>
      </object_component>
      <object_component id="oc-643">
         <name>.text:copysign</name>
         <load_address>0x3d78</load_address>
         <run_address>0x3d78</run_address>
         <size>0x1a</size>
         <input_file_ref idref="fl-f1"/>
      </object_component>
      <object_component id="oc-40a">
         <name>.text:_ZNSt3__25arrayINS0_I6st_MsgLj10EEELj255EEixEj</name>
         <load_address>0x3d92</load_address>
         <run_address>0x3d92</run_address>
         <size>0x18</size>
         <input_file_ref idref="fl-5"/>
      </object_component>
      <object_component id="oc-68">
         <name>.text:__sti___8_main_cpp_937618a8</name>
         <load_address>0x3dac</load_address>
         <run_address>0x3dac</run_address>
         <size>0x18</size>
         <input_file_ref idref="fl-8"/>
      </object_component>
      <object_component id="oc-608">
         <name>.text:EUSCI_A_SPI_enable</name>
         <load_address>0x3dc4</load_address>
         <run_address>0x3dc4</run_address>
         <size>0x16</size>
         <input_file_ref idref="fl-1f"/>
      </object_component>
      <object_component id="oc-60e">
         <name>.text:EUSCI_B_SPI_enable</name>
         <load_address>0x3dda</load_address>
         <run_address>0x3dda</run_address>
         <size>0x16</size>
         <input_file_ref idref="fl-1f"/>
      </object_component>
      <object_component id="oc-383">
         <name>.text:Graphics_setForegroundColor</name>
         <load_address>0x3df0</load_address>
         <run_address>0x3df0</run_address>
         <size>0x16</size>
         <input_file_ref idref="fl-18"/>
      </object_component>
      <object_component id="oc-42e">
         <name>.text:Graphics_translateColorOnDisplay</name>
         <load_address>0x3e06</load_address>
         <run_address>0x3e06</run_address>
         <size>0x16</size>
         <input_file_ref idref="fl-19"/>
      </object_component>
      <object_component id="oc-110">
         <name>.text:_ZN4Task17SetTaskReceiverIdEh</name>
         <load_address>0x3e1c</load_address>
         <run_address>0x3e1c</run_address>
         <size>0x16</size>
         <input_file_ref idref="fl-7"/>
      </object_component>
      <object_component id="oc-411">
         <name>.text:_ZNSt3__25arrayI6st_MsgLj10EEixEj</name>
         <load_address>0x3e32</load_address>
         <run_address>0x3e32</run_address>
         <size>0x14</size>
         <input_file_ref idref="fl-5"/>
      </object_component>
      <object_component id="oc-35b">
         <name>.text:_ZNSt3__25arrayINS0_IsLj4EEELj2EEixEj</name>
         <load_address>0x3e46</load_address>
         <run_address>0x3e46</run_address>
         <size>0x14</size>
         <input_file_ref idref="fl-3"/>
      </object_component>
      <object_component id="oc-37c">
         <name>.text:_ZNSt3__25arrayIsLj4EEixEj</name>
         <load_address>0x3e5a</load_address>
         <run_address>0x3e5a</run_address>
         <size>0x14</size>
         <input_file_ref idref="fl-3"/>
      </object_component>
      <object_component id="oc-3b4">
         <name>.text:Graphics_clearDisplay</name>
         <load_address>0x3e6e</load_address>
         <run_address>0x3e6e</run_address>
         <size>0x12</size>
         <input_file_ref idref="fl-18"/>
      </object_component>
      <object_component id="oc-402">
         <name>.text:_ZNSt3__25arrayIhLj255EEixEj</name>
         <load_address>0x3e80</load_address>
         <run_address>0x3e80</run_address>
         <size>0x12</size>
         <input_file_ref idref="fl-5"/>
      </object_component>
      <object_component id="oc-5a1">
         <name>.text:_Z4acosf</name>
         <load_address>0x3e92</load_address>
         <run_address>0x3e92</run_address>
         <size>0x10</size>
         <input_file_ref idref="fl-2"/>
      </object_component>
      <object_component id="oc-501">
         <name>.text:_ZN10__cxxabiv117__class_type_infoD0Ev</name>
         <load_address>0x3ea2</load_address>
         <run_address>0x3ea2</run_address>
         <size>0xe</size>
         <input_file_ref idref="fl-d6"/>
      </object_component>
      <object_component id="oc-3fa">
         <name>.text:_ZN10__cxxabiv120__si_class_type_infoD0Ev</name>
         <load_address>0x3eb0</load_address>
         <run_address>0x3eb0</run_address>
         <size>0xe</size>
         <input_file_ref idref="fl-d6"/>
      </object_component>
      <object_component id="oc-4e9">
         <name>.text:_ZN4Task17GetReceiverTaskIdEv</name>
         <load_address>0x3ebe</load_address>
         <run_address>0x3ebe</run_address>
         <size>0xe</size>
         <input_file_ref idref="fl-7"/>
      </object_component>
      <object_component id="oc-10a">
         <name>.text:_ZN4Task9GetTaskIdEv</name>
         <load_address>0x3ecc</load_address>
         <run_address>0x3ecc</run_address>
         <size>0xe</size>
         <input_file_ref idref="fl-7"/>
      </object_component>
      <object_component id="oc-1a">
         <name>.text:decompress:none:__TI_decompress_none</name>
         <load_address>0x3eda</load_address>
         <run_address>0x3eda</run_address>
         <size>0xe</size>
         <input_file_ref idref="fl-e6"/>
      </object_component>
      <object_component id="oc-6e">
         <name>.text:Reset_Handler</name>
         <load_address>0x3ee8</load_address>
         <run_address>0x3ee8</run_address>
         <size>0xc</size>
         <input_file_ref idref="fl-c"/>
      </object_component>
      <object_component id="oc-337">
         <name>.text:_ZN4Task3runEv</name>
         <load_address>0x3ef4</load_address>
         <run_address>0x3ef4</run_address>
         <size>0xc</size>
         <input_file_ref idref="fl-7"/>
      </object_component>
      <object_component id="oc-33e">
         <name>.text:_ZN4Task5setupEv</name>
         <load_address>0x3f00</load_address>
         <run_address>0x3f00</run_address>
         <size>0xc</size>
         <input_file_ref idref="fl-7"/>
      </object_component>
      <object_component id="oc-bc">
         <name>.text:_ZN7MailboxC1Ev</name>
         <load_address>0x3f0c</load_address>
         <run_address>0x3f0c</run_address>
         <size>0xc</size>
         <input_file_ref idref="fl-5"/>
      </object_component>
      <object_component id="oc-1ce">
         <name>.text:_ZN9Scheduler21CalculateNextScheduleEv</name>
         <load_address>0x3f18</load_address>
         <run_address>0x3f18</run_address>
         <size>0xc</size>
         <input_file_ref idref="fl-6"/>
      </object_component>
      <object_component id="oc-4a">
         <name>.text:decompress:ZI:__TI_zero_init</name>
         <load_address>0x3f24</load_address>
         <run_address>0x3f24</run_address>
         <size>0xc</size>
         <input_file_ref idref="fl-e5"/>
      </object_component>
      <object_component id="oc-4c6">
         <name>.text:_ZN52_INTERNAL_30_Crystalfontz128x128_ST7735_cpp_acdafc1425Crystalfontz128x128_FlushEPK16Graphics_Display</name>
         <load_address>0x3f30</load_address>
         <run_address>0x3f30</run_address>
         <size>0xa</size>
         <input_file_ref idref="fl-a"/>
      </object_component>
      <object_component id="oc-5c2">
         <name>.text:_ZdlPv</name>
         <load_address>0x3f3a</load_address>
         <run_address>0x3f3a</run_address>
         <size>0x8</size>
         <input_file_ref idref="fl-d7"/>
      </object_component>
      <object_component id="oc-539">
         <name>.text:__aeabi_errno_addr</name>
         <load_address>0x3f44</load_address>
         <run_address>0x3f44</run_address>
         <size>0x8</size>
         <input_file_ref idref="fl-eb"/>
      </object_component>
      <object_component id="oc-4fb">
         <name>.text:_ZN10__cxxabiv117__class_type_infoD1Ev</name>
         <load_address>0x3f4c</load_address>
         <run_address>0x3f4c</run_address>
         <size>0x4</size>
         <input_file_ref idref="fl-d6"/>
      </object_component>
      <object_component id="oc-3f4">
         <name>.text:_ZN10__cxxabiv120__si_class_type_infoD1Ev</name>
         <load_address>0x3f50</load_address>
         <run_address>0x3f50</run_address>
         <size>0x4</size>
         <input_file_ref idref="fl-d6"/>
      </object_component>
      <object_component id="oc-512">
         <name>.text:_ZdlPvj</name>
         <load_address>0x3f54</load_address>
         <run_address>0x3f54</run_address>
         <size>0x4</size>
         <input_file_ref idref="fl-d7"/>
      </object_component>
      <object_component id="oc-a4">
         <name>.text:_system_pre_init</name>
         <load_address>0x3f58</load_address>
         <run_address>0x3f58</run_address>
         <size>0x4</size>
         <input_file_ref idref="fl-f6"/>
      </object_component>
      <object_component id="oc-139">
         <name>.text:abort:abort</name>
         <load_address>0x3f5c</load_address>
         <run_address>0x3f5c</run_address>
         <size>0x4</size>
         <input_file_ref idref="fl-e8"/>
      </object_component>
      <object_component id="oc-5dd">
         <name>.const:$O1$$</name>
         <load_address>0x3f60</load_address>
         <run_address>0x3f60</run_address>
         <size>0x158</size>
         <input_file_ref idref="fl-ed"/>
      </object_component>
      <object_component id="oc-4da">
         <name>.const:_ctlRegs</name>
         <load_address>0x40b8</load_address>
         <run_address>0x40b8</run_address>
         <size>0x80</size>
         <input_file_ref idref="fl-1c"/>
      </object_component>
      <object_component id="oc-5e8">
         <name>.const:xxx</name>
         <load_address>0x4138</load_address>
         <run_address>0x4138</run_address>
         <size>0x80</size>
         <input_file_ref idref="fl-ee"/>
      </object_component>
      <object_component id="oc-582">
         <name>.const:GPIO_PORT_TO_BASE</name>
         <load_address>0x41b8</load_address>
         <run_address>0x41b8</run_address>
         <size>0x30</size>
         <input_file_ref idref="fl-1d"/>
      </object_component>
      <object_component id="oc-507">
         <name>.const:.typeinfo:_ZTSN10__cxxabiv120__si_class_type_infoE</name>
         <load_address>0x41e8</load_address>
         <run_address>0x41e8</run_address>
         <size>0x25</size>
         <input_file_ref idref="fl-d6"/>
      </object_component>
      <object_component id="oc-5b0">
         <name>.const:.typeinfo:_ZTSN10__cxxabiv117__class_type_infoE</name>
         <load_address>0x420d</load_address>
         <run_address>0x420d</run_address>
         <size>0x22</size>
         <input_file_ref idref="fl-d6"/>
      </object_component>
      <object_component id="oc-3bd">
         <name>.const:g_sCrystalfontz128x128_funcs</name>
         <load_address>0x4230</load_address>
         <run_address>0x4230</run_address>
         <size>0x20</size>
         <input_file_ref idref="fl-a"/>
      </object_component>
      <object_component id="oc-57e">
         <name>.const:$P$T40$1</name>
         <load_address>0x4250</load_address>
         <run_address>0x4250</run_address>
         <size>0x1c</size>
         <input_file_ref idref="fl-b"/>
      </object_component>
      <object_component id="oc-2cf">
         <name>.const:_ZTV4Task</name>
         <load_address>0x426c</load_address>
         <run_address>0x426c</run_address>
         <size>0x10</size>
         <input_file_ref idref="fl-7"/>
      </object_component>
      <object_component id="oc-1b3">
         <name>.const:_ZTV8ADC_Task</name>
         <load_address>0x427c</load_address>
         <run_address>0x427c</run_address>
         <size>0x10</size>
         <input_file_ref idref="fl-2"/>
      </object_component>
      <object_component id="oc-1ab">
         <name>.const:_ZTV8LCD_Task</name>
         <load_address>0x428c</load_address>
         <run_address>0x428c</run_address>
         <size>0x10</size>
         <input_file_ref idref="fl-3"/>
      </object_component>
      <object_component id="oc-3e5">
         <name>.const:_ZTVN10__cxxabiv117__class_type_infoE</name>
         <load_address>0x429c</load_address>
         <run_address>0x429c</run_address>
         <size>0x10</size>
         <input_file_ref idref="fl-d6"/>
      </object_component>
      <object_component id="oc-345">
         <name>.const:_ZTVN10__cxxabiv120__si_class_type_infoE</name>
         <load_address>0x42ac</load_address>
         <run_address>0x42ac</run_address>
         <size>0x10</size>
         <input_file_ref idref="fl-d6"/>
      </object_component>
      <object_component id="oc-62d">
         <name>.const:.typeinfo:_ZTSSt9type_info</name>
         <load_address>0x42bc</load_address>
         <run_address>0x42bc</run_address>
         <size>0xd</size>
         <input_file_ref idref="fl-db"/>
      </object_component>
      <object_component id="oc-2ed">
         <name>.const:.typeinfo:_ZTI8ADC_Task</name>
         <load_address>0x42cc</load_address>
         <run_address>0x42cc</run_address>
         <size>0xc</size>
         <input_file_ref idref="fl-2"/>
      </object_component>
      <object_component id="oc-2d5">
         <name>.const:.typeinfo:_ZTI8LCD_Task</name>
         <load_address>0x42d8</load_address>
         <run_address>0x42d8</run_address>
         <size>0xc</size>
         <input_file_ref idref="fl-3"/>
      </object_component>
      <object_component id="oc-4f6">
         <name>.const:.typeinfo:_ZTIN10__cxxabiv117__class_type_infoE</name>
         <load_address>0x42e4</load_address>
         <run_address>0x42e4</run_address>
         <size>0xc</size>
         <input_file_ref idref="fl-d6"/>
      </object_component>
      <object_component id="oc-3ef">
         <name>.const:.typeinfo:_ZTIN10__cxxabiv120__si_class_type_infoE</name>
         <load_address>0x42f0</load_address>
         <run_address>0x42f0</run_address>
         <size>0xc</size>
         <input_file_ref idref="fl-d6"/>
      </object_component>
      <object_component id="oc-3c1">
         <name>.const:.typeinfo:_ZTS8ADC_Task</name>
         <load_address>0x42fc</load_address>
         <run_address>0x42fc</run_address>
         <size>0xa</size>
         <input_file_ref idref="fl-2"/>
      </object_component>
      <object_component id="oc-34a">
         <name>.const:.typeinfo:_ZTS8LCD_Task</name>
         <load_address>0x4306</load_address>
         <run_address>0x4306</run_address>
         <size>0xa</size>
         <input_file_ref idref="fl-3"/>
      </object_component>
      <object_component id="oc-594">
         <name>.const:$P$T40$1</name>
         <load_address>0x4310</load_address>
         <run_address>0x4310</run_address>
         <size>0x8</size>
         <input_file_ref idref="fl-a"/>
      </object_component>
      <object_component id="oc-395">
         <name>.const:$P$T41$1</name>
         <load_address>0x4318</load_address>
         <run_address>0x4318</run_address>
         <size>0x8</size>
         <input_file_ref idref="fl-3"/>
      </object_component>
      <object_component id="oc-398">
         <name>.const:$P$T42$2</name>
         <load_address>0x4320</load_address>
         <run_address>0x4320</run_address>
         <size>0x8</size>
         <input_file_ref idref="fl-3"/>
      </object_component>
      <object_component id="oc-332">
         <name>.const:.typeinfo:_ZTI4Task</name>
         <load_address>0x4328</load_address>
         <run_address>0x4328</run_address>
         <size>0x8</size>
         <input_file_ref idref="fl-2"/>
      </object_component>
      <object_component id="oc-5b5">
         <name>.const:.typeinfo:_ZTISt9type_info</name>
         <load_address>0x4330</load_address>
         <run_address>0x4330</run_address>
         <size>0x8</size>
         <input_file_ref idref="fl-db"/>
      </object_component>
      <object_component id="oc-3ea">
         <name>.const:.typeinfo:_ZTS4Task</name>
         <load_address>0x4338</load_address>
         <run_address>0x4338</run_address>
         <size>0x6</size>
         <input_file_ref idref="fl-2"/>
      </object_component>
      <object_component id="oc-6cf">
         <name>.cinit..data.load</name>
         <load_address>0x4348</load_address>
         <run_address>0x4348</run_address>
         <size>0x14</size>
      </object_component>
      <object_component id="oc-6cd">
         <name>__TI_handler_table</name>
         <load_address>0x435c</load_address>
         <run_address>0x435c</run_address>
         <size>0xc</size>
      </object_component>
      <object_component id="oc-6d0">
         <name>.cinit..bss.load</name>
         <load_address>0x4368</load_address>
         <run_address>0x4368</run_address>
         <size>0x8</size>
      </object_component>
      <object_component id="oc-6ce">
         <name>__TI_cinit_table</name>
         <load_address>0x4370</load_address>
         <run_address>0x4370</run_address>
         <size>0x10</size>
      </object_component>
      <object_component id="oc-23">
         <name>.init_array</name>
         <load_address>0x4340</load_address>
         <run_address>0x4340</run_address>
         <size>0x4</size>
         <input_file_ref idref="fl-8"/>
      </object_component>
      <object_component id="oc-6d1">
         <name>SHT$$INIT_ARRAY$$Limit</name>
         <load_address>0x4344</load_address>
         <run_address>0x4344</run_address>
         <size>0x0</size>
      </object_component>
      <object_component id="oc-6a2">
         <name>.binit</name>
         <load_address>0x0</load_address>
         <run_address>0x0</run_address>
         <size>0x0</size>
      </object_component>
      <object_component id="oc-d7">
         <name>.data</name>
         <load_address>0x200098a0</load_address>
         <run_address>0x200098a0</run_address>
         <size>0x9</size>
         <input_file_ref idref="fl-8"/>
      </object_component>
      <object_component id="oc-3ba">
         <name>.data:g_sCrystalfontz128x128</name>
         <load_address>0x20009890</load_address>
         <run_address>0x20009890</run_address>
         <size>0x10</size>
         <input_file_ref idref="fl-a"/>
      </object_component>
      <object_component id="oc-1e3">
         <name>.data:$O1$$</name>
         <load_address>0x200098ac</load_address>
         <run_address>0x200098ac</run_address>
         <size>0x8</size>
         <input_file_ref idref="fl-e9"/>
      </object_component>
      <object_component id="oc-697">
         <name>.data:$O1$$</name>
         <load_address>0x200098b4</load_address>
         <run_address>0x200098b4</run_address>
         <size>0x8</size>
         <input_file_ref idref="fl-ea"/>
      </object_component>
      <object_component id="oc-5ed">
         <name>.data</name>
         <load_address>0x200098bc</load_address>
         <run_address>0x200098bc</run_address>
         <size>0x4</size>
         <input_file_ref idref="fl-eb"/>
      </object_component>
      <object_component id="oc-c8">
         <name>.bss:g_MainMailbox</name>
         <uninitialized>true</uninitialized>
         <run_address>0x20000000</run_address>
         <size>0x50b4</size>
         <input_file_ref idref="fl-8"/>
      </object_component>
      <object_component id="oc-cb">
         <name>.bss:g_MainScheduler</name>
         <uninitialized>true</uninitialized>
         <run_address>0x200050b8</run_address>
         <size>0x3fd0</size>
         <input_file_ref idref="fl-8"/>
      </object_component>
      <object_component id="oc-495">
         <name>.common:Lcd_Orientation</name>
         <uninitialized>true</uninitialized>
         <run_address>0x2000908c</run_address>
         <size>0x1</size>
      </object_component>
      <object_component id="oc-48b">
         <name>.common:Lcd_ScreenWidth</name>
         <uninitialized>true</uninitialized>
         <run_address>0x200050b6</run_address>
         <size>0x2</size>
      </object_component>
      <object_component id="oc-48f">
         <name>.common:Lcd_ScreenHeigth</name>
         <uninitialized>true</uninitialized>
         <run_address>0x200050b4</run_address>
         <size>0x2</size>
      </object_component>
      <object_component id="oc-490">
         <name>.common:Lcd_PenSolid</name>
         <uninitialized>true</uninitialized>
         <run_address>0x2000908d</run_address>
         <size>0x1</size>
      </object_component>
      <object_component id="oc-491">
         <name>.common:Lcd_FontSolid</name>
         <uninitialized>true</uninitialized>
         <run_address>0x2000908b</run_address>
         <size>0x1</size>
      </object_component>
      <object_component id="oc-492">
         <name>.common:Lcd_FlagRead</name>
         <uninitialized>true</uninitialized>
         <run_address>0x2000908a</run_address>
         <size>0x1</size>
      </object_component>
      <object_component id="oc-493">
         <name>.common:Lcd_TouchTrim</name>
         <uninitialized>true</uninitialized>
         <run_address>0x20009088</run_address>
         <size>0x2</size>
      </object_component>
      <object_component id="oc-27">
         <name>.sysmem</name>
         <uninitialized>true</uninitialized>
         <run_address>0x20009090</run_address>
         <size>0x10</size>
         <input_file_ref idref="fl-ea"/>
      </object_component>
      <object_component id="oc-6d3">
         <name>.sysmem</name>
         <uninitialized>true</uninitialized>
         <run_address>0x20009090</run_address>
         <size>0x0</size>
      </object_component>
      <object_component id="oc-2a">
         <name>.stack</name>
         <uninitialized>true</uninitialized>
         <run_address>0x2000fe00</run_address>
         <size>0x4</size>
         <input_file_ref idref="fl-ec"/>
      </object_component>
      <object_component id="oc-6d2">
         <name>.stack</name>
         <uninitialized>true</uninitialized>
         <run_address>0x2000fe00</run_address>
         <size>0x0</size>
      </object_component>
      <object_component id="oc-1b9">
         <name>.debug_info</name>
         <load_address>0x0</load_address>
         <run_address>0x0</run_address>
         <size>0x4fde</size>
         <input_file_ref idref="fl-2"/>
      </object_component>
      <object_component id="oc-1b4">
         <name>.debug_info</name>
         <load_address>0x4fde</load_address>
         <run_address>0x4fde</run_address>
         <size>0xf0</size>
         <input_file_ref idref="fl-2"/>
      </object_component>
      <object_component id="oc-2ee">
         <name>.debug_info</name>
         <load_address>0x50ce</load_address>
         <run_address>0x50ce</run_address>
         <size>0xe2</size>
         <input_file_ref idref="fl-2"/>
      </object_component>
      <object_component id="oc-333">
         <name>.debug_info</name>
         <load_address>0x51b0</load_address>
         <run_address>0x51b0</run_address>
         <size>0xda</size>
         <input_file_ref idref="fl-2"/>
      </object_component>
      <object_component id="oc-3eb">
         <name>.debug_info</name>
         <load_address>0x528a</load_address>
         <run_address>0x528a</run_address>
         <size>0xdf</size>
         <input_file_ref idref="fl-2"/>
      </object_component>
      <object_component id="oc-3c2">
         <name>.debug_info</name>
         <load_address>0x5369</load_address>
         <run_address>0x5369</run_address>
         <size>0xe7</size>
         <input_file_ref idref="fl-2"/>
      </object_component>
      <object_component id="oc-5a2">
         <name>.debug_info</name>
         <load_address>0x5450</load_address>
         <run_address>0x5450</run_address>
         <size>0x1d7</size>
         <input_file_ref idref="fl-2"/>
      </object_component>
      <object_component id="oc-105">
         <name>.debug_info</name>
         <load_address>0x5627</load_address>
         <run_address>0x5627</run_address>
         <size>0x18a</size>
         <input_file_ref idref="fl-2"/>
      </object_component>
      <object_component id="oc-2f3">
         <name>.debug_info</name>
         <load_address>0x57b1</load_address>
         <run_address>0x57b1</run_address>
         <size>0x1bc</size>
         <input_file_ref idref="fl-2"/>
      </object_component>
      <object_component id="oc-2f9">
         <name>.debug_info</name>
         <load_address>0x596d</load_address>
         <run_address>0x596d</run_address>
         <size>0x185</size>
         <input_file_ref idref="fl-2"/>
      </object_component>
      <object_component id="oc-3cd">
         <name>.debug_info</name>
         <load_address>0x5af2</load_address>
         <run_address>0x5af2</run_address>
         <size>0x216</size>
         <input_file_ref idref="fl-2"/>
      </object_component>
      <object_component id="oc-4e4">
         <name>.debug_info</name>
         <load_address>0x5d08</load_address>
         <run_address>0x5d08</run_address>
         <size>0x22e</size>
         <input_file_ref idref="fl-2"/>
      </object_component>
      <object_component id="oc-27b">
         <name>.debug_info</name>
         <load_address>0x5f36</load_address>
         <run_address>0x5f36</run_address>
         <size>0x139b</size>
         <input_file_ref idref="fl-2"/>
      </object_component>
      <object_component id="oc-280">
         <name>.debug_info</name>
         <load_address>0x72d1</load_address>
         <run_address>0x72d1</run_address>
         <size>0x46de</size>
         <input_file_ref idref="fl-2"/>
      </object_component>
      <object_component id="oc-206">
         <name>.debug_info</name>
         <load_address>0xb9af</load_address>
         <run_address>0xb9af</run_address>
         <size>0x1342</size>
         <input_file_ref idref="fl-2"/>
      </object_component>
      <object_component id="oc-12f">
         <name>.debug_info</name>
         <load_address>0xccf1</load_address>
         <run_address>0xccf1</run_address>
         <size>0x132</size>
         <input_file_ref idref="fl-2"/>
      </object_component>
      <object_component id="oc-178">
         <name>.debug_info</name>
         <load_address>0xce23</load_address>
         <run_address>0xce23</run_address>
         <size>0x1e1</size>
         <input_file_ref idref="fl-2"/>
      </object_component>
      <object_component id="oc-291">
         <name>.debug_info</name>
         <load_address>0xd004</load_address>
         <run_address>0xd004</run_address>
         <size>0x221</size>
         <input_file_ref idref="fl-2"/>
      </object_component>
      <object_component id="oc-285">
         <name>.debug_info</name>
         <load_address>0xd225</load_address>
         <run_address>0xd225</run_address>
         <size>0x73</size>
         <input_file_ref idref="fl-2"/>
      </object_component>
      <object_component id="oc-193">
         <name>.debug_info</name>
         <load_address>0xd298</load_address>
         <run_address>0xd298</run_address>
         <size>0x194</size>
         <input_file_ref idref="fl-2"/>
      </object_component>
      <object_component id="oc-296">
         <name>.debug_info</name>
         <load_address>0xd42c</load_address>
         <run_address>0xd42c</run_address>
         <size>0xd0</size>
         <input_file_ref idref="fl-2"/>
      </object_component>
      <object_component id="oc-29b">
         <name>.debug_info</name>
         <load_address>0xd4fc</load_address>
         <run_address>0xd4fc</run_address>
         <size>0xbc</size>
         <input_file_ref idref="fl-2"/>
      </object_component>
      <object_component id="oc-2a0">
         <name>.debug_info</name>
         <load_address>0xd5b8</load_address>
         <run_address>0xd5b8</run_address>
         <size>0xf8</size>
         <input_file_ref idref="fl-2"/>
      </object_component>
      <object_component id="oc-2a5">
         <name>.debug_info</name>
         <load_address>0xd6b0</load_address>
         <run_address>0xd6b0</run_address>
         <size>0x46d</size>
         <input_file_ref idref="fl-2"/>
      </object_component>
      <object_component id="oc-22e">
         <name>.debug_info</name>
         <load_address>0xdb1d</load_address>
         <run_address>0xdb1d</run_address>
         <size>0x1c0</size>
         <input_file_ref idref="fl-2"/>
      </object_component>
      <object_component id="oc-300">
         <name>.debug_info</name>
         <load_address>0xdcdd</load_address>
         <run_address>0xdcdd</run_address>
         <size>0x1789</size>
         <input_file_ref idref="fl-2"/>
      </object_component>
      <object_component id="oc-238">
         <name>.debug_info</name>
         <load_address>0xf466</load_address>
         <run_address>0xf466</run_address>
         <size>0x1c6</size>
         <input_file_ref idref="fl-2"/>
      </object_component>
      <object_component id="oc-210">
         <name>.debug_info</name>
         <load_address>0xf62c</load_address>
         <run_address>0xf62c</run_address>
         <size>0x763</size>
         <input_file_ref idref="fl-2"/>
      </object_component>
      <object_component id="oc-187">
         <name>.debug_info</name>
         <load_address>0xfd8f</load_address>
         <run_address>0xfd8f</run_address>
         <size>0x8b</size>
         <input_file_ref idref="fl-2"/>
      </object_component>
      <object_component id="oc-224">
         <name>.debug_info</name>
         <load_address>0xfe1a</load_address>
         <run_address>0xfe1a</run_address>
         <size>0x2c</size>
         <input_file_ref idref="fl-2"/>
      </object_component>
      <object_component id="oc-233">
         <name>.debug_info</name>
         <load_address>0xfe46</load_address>
         <run_address>0xfe46</run_address>
         <size>0x54b</size>
         <input_file_ref idref="fl-2"/>
      </object_component>
      <object_component id="oc-274">
         <name>.debug_info</name>
         <load_address>0x10391</load_address>
         <run_address>0x10391</run_address>
         <size>0x198</size>
         <input_file_ref idref="fl-2"/>
      </object_component>
      <object_component id="oc-265">
         <name>.debug_info</name>
         <load_address>0x10529</load_address>
         <run_address>0x10529</run_address>
         <size>0x201</size>
         <input_file_ref idref="fl-2"/>
      </object_component>
      <object_component id="oc-21f">
         <name>.debug_info</name>
         <load_address>0x1072a</load_address>
         <run_address>0x1072a</run_address>
         <size>0x25f</size>
         <input_file_ref idref="fl-2"/>
      </object_component>
      <object_component id="oc-242">
         <name>.debug_info</name>
         <load_address>0x10989</load_address>
         <run_address>0x10989</run_address>
         <size>0x11e</size>
         <input_file_ref idref="fl-2"/>
      </object_component>
      <object_component id="oc-26f">
         <name>.debug_info</name>
         <load_address>0x10aa7</load_address>
         <run_address>0x10aa7</run_address>
         <size>0x235</size>
         <input_file_ref idref="fl-2"/>
      </object_component>
      <object_component id="oc-23d">
         <name>.debug_info</name>
         <load_address>0x10cdc</load_address>
         <run_address>0x10cdc</run_address>
         <size>0xea</size>
         <input_file_ref idref="fl-2"/>
      </object_component>
      <object_component id="oc-229">
         <name>.debug_info</name>
         <load_address>0x10dc6</load_address>
         <run_address>0x10dc6</run_address>
         <size>0xa0a</size>
         <input_file_ref idref="fl-2"/>
      </object_component>
      <object_component id="oc-256">
         <name>.debug_info</name>
         <load_address>0x117d0</load_address>
         <run_address>0x117d0</run_address>
         <size>0x2c9</size>
         <input_file_ref idref="fl-2"/>
      </object_component>
      <object_component id="oc-305">
         <name>.debug_info</name>
         <load_address>0x11a99</load_address>
         <run_address>0x11a99</run_address>
         <size>0xef</size>
         <input_file_ref idref="fl-2"/>
      </object_component>
      <object_component id="oc-198">
         <name>.debug_info</name>
         <load_address>0x11b88</load_address>
         <run_address>0x11b88</run_address>
         <size>0xbb</size>
         <input_file_ref idref="fl-2"/>
      </object_component>
      <object_component id="oc-24c">
         <name>.debug_info</name>
         <load_address>0x11c43</load_address>
         <run_address>0x11c43</run_address>
         <size>0x2a1</size>
         <input_file_ref idref="fl-2"/>
      </object_component>
      <object_component id="oc-1ff">
         <name>.debug_info</name>
         <load_address>0x11ee4</load_address>
         <run_address>0x11ee4</run_address>
         <size>0x8e7</size>
         <input_file_ref idref="fl-2"/>
      </object_component>
      <object_component id="oc-215">
         <name>.debug_info</name>
         <load_address>0x127cb</load_address>
         <run_address>0x127cb</run_address>
         <size>0x46</size>
         <input_file_ref idref="fl-2"/>
      </object_component>
      <object_component id="oc-260">
         <name>.debug_info</name>
         <load_address>0x12811</load_address>
         <run_address>0x12811</run_address>
         <size>0x2fe</size>
         <input_file_ref idref="fl-2"/>
      </object_component>
      <object_component id="oc-21a">
         <name>.debug_info</name>
         <load_address>0x12b0f</load_address>
         <run_address>0x12b0f</run_address>
         <size>0x519</size>
         <input_file_ref idref="fl-2"/>
      </object_component>
      <object_component id="oc-247">
         <name>.debug_info</name>
         <load_address>0x13028</load_address>
         <run_address>0x13028</run_address>
         <size>0x626</size>
         <input_file_ref idref="fl-2"/>
      </object_component>
      <object_component id="oc-251">
         <name>.debug_info</name>
         <load_address>0x1364e</load_address>
         <run_address>0x1364e</run_address>
         <size>0x401</size>
         <input_file_ref idref="fl-2"/>
      </object_component>
      <object_component id="oc-2aa">
         <name>.debug_info</name>
         <load_address>0x13a4f</load_address>
         <run_address>0x13a4f</run_address>
         <size>0x195</size>
         <input_file_ref idref="fl-2"/>
      </object_component>
      <object_component id="oc-2af">
         <name>.debug_info</name>
         <load_address>0x13be4</load_address>
         <run_address>0x13be4</run_address>
         <size>0x120</size>
         <input_file_ref idref="fl-2"/>
      </object_component>
      <object_component id="oc-25b">
         <name>.debug_info</name>
         <load_address>0x13d04</load_address>
         <run_address>0x13d04</run_address>
         <size>0x35</size>
         <input_file_ref idref="fl-2"/>
      </object_component>
      <object_component id="oc-26a">
         <name>.debug_info</name>
         <load_address>0x13d39</load_address>
         <run_address>0x13d39</run_address>
         <size>0x21e</size>
         <input_file_ref idref="fl-2"/>
      </object_component>
      <object_component id="oc-2b9">
         <name>.debug_info</name>
         <load_address>0x13f57</load_address>
         <run_address>0x13f57</run_address>
         <size>0xd0</size>
         <input_file_ref idref="fl-2"/>
      </object_component>
      <object_component id="oc-1b1">
         <name>.debug_info</name>
         <load_address>0x14027</load_address>
         <run_address>0x14027</run_address>
         <size>0x577a</size>
         <input_file_ref idref="fl-3"/>
      </object_component>
      <object_component id="oc-1ac">
         <name>.debug_info</name>
         <load_address>0x197a1</load_address>
         <run_address>0x197a1</run_address>
         <size>0xf0</size>
         <input_file_ref idref="fl-3"/>
      </object_component>
      <object_component id="oc-2d6">
         <name>.debug_info</name>
         <load_address>0x19891</load_address>
         <run_address>0x19891</run_address>
         <size>0xe2</size>
         <input_file_ref idref="fl-3"/>
      </object_component>
      <object_component id="oc-34b">
         <name>.debug_info</name>
         <load_address>0x19973</load_address>
         <run_address>0x19973</run_address>
         <size>0xe7</size>
         <input_file_ref idref="fl-3"/>
      </object_component>
      <object_component id="oc-396">
         <name>.debug_info</name>
         <load_address>0x19a5a</load_address>
         <run_address>0x19a5a</run_address>
         <size>0xcf</size>
         <input_file_ref idref="fl-3"/>
      </object_component>
      <object_component id="oc-399">
         <name>.debug_info</name>
         <load_address>0x19b29</load_address>
         <run_address>0x19b29</run_address>
         <size>0xcf</size>
         <input_file_ref idref="fl-3"/>
      </object_component>
      <object_component id="oc-37d">
         <name>.debug_info</name>
         <load_address>0x19bf8</load_address>
         <run_address>0x19bf8</run_address>
         <size>0x1e4</size>
         <input_file_ref idref="fl-3"/>
      </object_component>
      <object_component id="oc-35c">
         <name>.debug_info</name>
         <load_address>0x19ddc</load_address>
         <run_address>0x19ddc</run_address>
         <size>0x1ef</size>
         <input_file_ref idref="fl-3"/>
      </object_component>
      <object_component id="oc-ff">
         <name>.debug_info</name>
         <load_address>0x19fcb</load_address>
         <run_address>0x19fcb</run_address>
         <size>0x18a</size>
         <input_file_ref idref="fl-3"/>
      </object_component>
      <object_component id="oc-2db">
         <name>.debug_info</name>
         <load_address>0x1a155</load_address>
         <run_address>0x1a155</run_address>
         <size>0x911</size>
         <input_file_ref idref="fl-3"/>
      </object_component>
      <object_component id="oc-2e1">
         <name>.debug_info</name>
         <load_address>0x1aa66</load_address>
         <run_address>0x1aa66</run_address>
         <size>0x1fe</size>
         <input_file_ref idref="fl-3"/>
      </object_component>
      <object_component id="oc-363">
         <name>.debug_info</name>
         <load_address>0x1ac64</load_address>
         <run_address>0x1ac64</run_address>
         <size>0x8f0</size>
         <input_file_ref idref="fl-3"/>
      </object_component>
      <object_component id="oc-1d5">
         <name>.debug_info</name>
         <load_address>0x1b554</load_address>
         <run_address>0x1b554</run_address>
         <size>0x57e</size>
         <input_file_ref idref="fl-3"/>
      </object_component>
      <object_component id="oc-134">
         <name>.debug_info</name>
         <load_address>0x1bad2</load_address>
         <run_address>0x1bad2</run_address>
         <size>0x164</size>
         <input_file_ref idref="fl-3"/>
      </object_component>
      <object_component id="oc-2e8">
         <name>.debug_info</name>
         <load_address>0x1bc36</load_address>
         <run_address>0x1bc36</run_address>
         <size>0x1789</size>
         <input_file_ref idref="fl-3"/>
      </object_component>
      <object_component id="oc-2b4">
         <name>.debug_info</name>
         <load_address>0x1d3bf</load_address>
         <run_address>0x1d3bf</run_address>
         <size>0x25d</size>
         <input_file_ref idref="fl-3"/>
      </object_component>
      <object_component id="oc-1da">
         <name>.debug_info</name>
         <load_address>0x1d61c</load_address>
         <run_address>0x1d61c</run_address>
         <size>0xec1</size>
         <input_file_ref idref="fl-3"/>
      </object_component>
      <object_component id="oc-330">
         <name>.debug_info</name>
         <load_address>0x1e4dd</load_address>
         <run_address>0x1e4dd</run_address>
         <size>0x1d77</size>
         <input_file_ref idref="fl-4"/>
      </object_component>
      <object_component id="oc-28c">
         <name>.debug_info</name>
         <load_address>0x20254</load_address>
         <run_address>0x20254</run_address>
         <size>0x124</size>
         <input_file_ref idref="fl-4"/>
      </object_component>
      <object_component id="oc-17d">
         <name>.debug_info</name>
         <load_address>0x20378</load_address>
         <run_address>0x20378</run_address>
         <size>0x3050</size>
         <input_file_ref idref="fl-5"/>
      </object_component>
      <object_component id="oc-403">
         <name>.debug_info</name>
         <load_address>0x233c8</load_address>
         <run_address>0x233c8</run_address>
         <size>0x1e5</size>
         <input_file_ref idref="fl-5"/>
      </object_component>
      <object_component id="oc-412">
         <name>.debug_info</name>
         <load_address>0x235ad</load_address>
         <run_address>0x235ad</run_address>
         <size>0x1ea</size>
         <input_file_ref idref="fl-5"/>
      </object_component>
      <object_component id="oc-40b">
         <name>.debug_info</name>
         <load_address>0x23797</load_address>
         <run_address>0x23797</run_address>
         <size>0x1f7</size>
         <input_file_ref idref="fl-5"/>
      </object_component>
      <object_component id="oc-bd">
         <name>.debug_info</name>
         <load_address>0x2398e</load_address>
         <run_address>0x2398e</run_address>
         <size>0x12b</size>
         <input_file_ref idref="fl-5"/>
      </object_component>
      <object_component id="oc-4f0">
         <name>.debug_info</name>
         <load_address>0x23ab9</load_address>
[...]
         <object_component_ref idref="oc-54d"/>
      </symbol>
      <symbol id="sm-504">
         <name>Graphics_fillRectangleOnDisplay</name>
         <value>0x3cb5</value>
         <object_component_ref idref="oc-436"/>
      </symbol>
      <symbol id="sm-561">
         <name>Graphics_drawLineH</name>
         <value>0x2c95</value>
         <object_component_ref idref="oc-449"/>
      </symbol>
      <symbol id="sm-562">
         <name>Graphics_drawLineV</name>
         <value>0x2d31</value>
         <object_component_ref idref="oc-443"/>
      </symbol>
      <symbol id="sm-563">
         <name>Graphics_drawLine</name>
         <value>0x1d99</value>
         <object_component_ref idref="oc-38f"/>
      </symbol>
      <symbol id="sm-57a">
         <name>Graphics_fillRectangle</name>
         <value>0x2405</value>
         <object_component_ref idref="oc-389"/>
      </symbol>
      <symbol id="sm-5c6">
         <name>ADC14_getResult</name>
         <value>0x3cd5</value>
         <object_component_ref idref="oc-3c6"/>
      </symbol>
      <symbol id="sm-5ff">
         <name>GPIO_setOutputHighOnPin</name>
         <value>0x3b8d</value>
         <object_component_ref idref="oc-473"/>
      </symbol>
      <symbol id="sm-600">
         <name>GPIO_setAsOutputPin</name>
         <value>0x37c9</value>
         <object_component_ref idref="oc-56b"/>
      </symbol>
      <symbol id="sm-601">
         <name>GPIO_setOutputLowOnPin</name>
         <value>0x3bb5</value>
         <object_component_ref idref="oc-46d"/>
      </symbol>
      <symbol id="sm-602">
         <name>GPIO_setAsPeripheralModuleFunctionOutputPin</name>
         <value>0x2f05</value>
         <object_component_ref idref="oc-565"/>
      </symbol>
      <symbol id="sm-642">
         <name>EUSCI_B_SPI_enable</name>
         <value>0x3ddb</value>
         <object_component_ref idref="oc-60e"/>
      </symbol>
      <symbol id="sm-643">
         <name>SPI_enableModule</name>
         <value>0x3cf1</value>
         <object_component_ref idref="oc-578"/>
      </symbol>
      <symbol id="sm-644">
         <name>EUSCI_A_SPI_enable</name>
         <value>0x3dc5</value>
         <object_component_ref idref="oc-608"/>
      </symbol>
      <symbol id="sm-645">
         <name>SPI_initMaster</name>
         <value>0x2b3d</value>
         <object_component_ref idref="oc-572"/>
      </symbol>
      <symbol id="sm-6a0">
         <name>_ZN10__cxxabiv117__class_type_infoD1Ev</name>
         <value>0x3f4d</value>
         <object_component_ref idref="oc-4fb"/>
      </symbol>
      <symbol id="sm-6a1">
         <name>_ZTSN10__cxxabiv120__si_class_type_infoE</name>
         <value>0x41e8</value>
         <object_component_ref idref="oc-507"/>
      </symbol>
      <symbol id="sm-6a2">
         <name>_ZTSN10__cxxabiv117__class_type_infoE</name>
         <value>0x420d</value>
         <object_component_ref idref="oc-5b0"/>
      </symbol>
      <symbol id="sm-6a3">
         <name>_ZN10__cxxabiv117__class_type_infoD2Ev</name>
         <value>0x3f4d</value>
         <object_component_ref idref="oc-4fb"/>
      </symbol>
      <symbol id="sm-6a4">
         <name>_ZN10__cxxabiv120__si_class_type_infoD2Ev</name>
         <value>0x3f51</value>
         <object_component_ref idref="oc-3f4"/>
      </symbol>
      <symbol id="sm-6a5">
         <name>_ZTVN10__cxxabiv117__class_type_infoE</name>
         <value>0x429c</value>
         <object_component_ref idref="oc-3e5"/>
      </symbol>
      <symbol id="sm-6a6">
         <name>_ZTIN10__cxxabiv117__class_type_infoE</name>
         <value>0x42e4</value>
         <object_component_ref idref="oc-4f6"/>
      </symbol>
      <symbol id="sm-6a7">
         <name>_ZN10__cxxabiv120__si_class_type_infoD1Ev</name>
         <value>0x3f51</value>
         <object_component_ref idref="oc-3f4"/>
      </symbol>
      <symbol id="sm-6a8">
         <name>_ZTIN10__cxxabiv120__si_class_type_infoE</name>
         <value>0x42f0</value>
         <object_component_ref idref="oc-3ef"/>
      </symbol>
      <symbol id="sm-6a9">
         <name>_ZN10__cxxabiv117__class_type_infoD0Ev</name>
         <value>0x3ea3</value>
         <object_component_ref idref="oc-501"/>
      </symbol>
      <symbol id="sm-6aa">
         <name>_ZTVN10__cxxabiv120__si_class_type_infoE</name>
         <value>0x42ac</value>
         <object_component_ref idref="oc-345"/>
      </symbol>
      <symbol id="sm-6ab">
         <name>_ZN10__cxxabiv120__si_class_type_infoD0Ev</name>
         <value>0x3eb1</value>
         <object_component_ref idref="oc-3fa"/>
      </symbol>
      <symbol id="sm-6c7">
         <name>_ZdlPv</name>
         <value>0x3f3b</value>
         <object_component_ref idref="oc-5c2"/>
      </symbol>
      <symbol id="sm-6c8">
         <name>_ZdlPvj</name>
         <value>0x3f55</value>
         <object_component_ref idref="oc-512"/>
      </symbol>
      <symbol id="sm-722">
         <name>tanl</name>
         <value>0x81d</value>
         <object_component_ref idref="oc-423"/>
      </symbol>
      <symbol id="sm-723">
         <name>tan</name>
         <value>0x81d</value>
         <object_component_ref idref="oc-423"/>
      </symbol>
      <symbol id="sm-751">
         <name>acosf</name>
         <value>0x1a81</value>
         <object_component_ref idref="oc-626"/>
      </symbol>
      <symbol id="sm-761">
         <name>sqrtf</name>
         <value>0x3c2d</value>
         <object_component_ref idref="oc-66d"/>
      </symbol>
      <symbol id="sm-785">
         <name>_ZTSSt9type_info</name>
         <value>0x42bc</value>
         <object_component_ref idref="oc-62d"/>
      </symbol>
      <symbol id="sm-786">
         <name>_ZNSt9type_infoD2Ev</name>
         <value>0x21a3</value>
         <object_component_ref idref="oc-5ba"/>
      </symbol>
      <symbol id="sm-787">
         <name>_ZNSt9type_infoD1Ev</name>
         <value>0x21a3</value>
         <object_component_ref idref="oc-5ba"/>
      </symbol>
      <symbol id="sm-788">
         <name>_ZTISt9type_info</name>
         <value>0x4330</value>
         <object_component_ref idref="oc-5b5"/>
      </symbol>
      <symbol id="sm-79f">
         <name>__aeabi_dsub</name>
         <value>0x18c9</value>
         <object_component_ref idref="oc-372"/>
      </symbol>
      <symbol id="sm-7a0">
         <name>__aeabi_dadd</name>
         <value>0x18d3</value>
         <object_component_ref idref="oc-372"/>
      </symbol>
      <symbol id="sm-7c2">
         <name>__aeabi_cdcmpeq</name>
         <value>0x2f8d</value>
         <object_component_ref idref="oc-528"/>
      </symbol>
      <symbol id="sm-7c3">
         <name>__aeabi_cdcmple</name>
         <value>0x2f8d</value>
         <object_component_ref idref="oc-528"/>
      </symbol>
      <symbol id="sm-7c4">
         <name>__aeabi_cdrcmple</name>
         <value>0x3013</value>
         <object_component_ref idref="oc-5d8"/>
      </symbol>
      <symbol id="sm-7d8">
         <name>__aeabi_ddiv</name>
         <value>0x206d</value>
         <object_component_ref idref="oc-41e"/>
      </symbol>
      <symbol id="sm-7e3">
         <name>__aeabi_dmul</name>
         <value>0x2629</value>
         <object_component_ref idref="oc-36d"/>
      </symbol>
      <symbol id="sm-7ed">
         <name>__aeabi_d2iz</name>
         <value>0x36b5</value>
         <object_component_ref idref="oc-377"/>
      </symbol>
      <symbol id="sm-7f9">
         <name>__aeabi_d2f</name>
         <value>0x320d</value>
         <object_component_ref idref="oc-59c"/>
      </symbol>
      <symbol id="sm-804">
         <name>__aeabi_f2d</name>
         <value>0x393d</value>
         <object_component_ref idref="oc-5a8"/>
      </symbol>
      <symbol id="sm-80e">
         <name>__aeabi_i2d</name>
         <value>0x3ad9</value>
         <object_component_ref idref="oc-368"/>
      </symbol>
      <symbol id="sm-818">
         <name>__aeabi_ui2d</name>
         <value>0x3c95</value>
         <object_component_ref idref="oc-419"/>
      </symbol>
      <symbol id="sm-82f">
         <name>__TI_zero_init</name>
         <value>0x3f25</value>
         <object_component_ref idref="oc-4a"/>
      </symbol>
      <symbol id="sm-846">
         <name>__TI_decompress_none</name>
         <value>0x3edb</value>
         <object_component_ref idref="oc-1a"/>
      </symbol>
      <symbol id="sm-869">
         <name>__TI_decompress_lzss</name>
         <value>0x32e7</value>
         <object_component_ref idref="oc-14"/>
      </symbol>
      <symbol id="sm-874">
         <name>C$$EXIT</name>
         <value>0x3f5d</value>
         <object_component_ref idref="oc-139"/>
      </symbol>
      <symbol id="sm-875">
         <name>abort</name>
         <value>0x3f5d</value>
         <object_component_ref idref="oc-139"/>
      </symbol>
      <symbol id="sm-88a">
         <name>_nop</name>
         <value>0x2517</value>
         <object_component_ref idref="oc-311"/>
      </symbol>
      <symbol id="sm-88b">
         <name>_lock</name>
         <value>0x200098ac</value>
         <object_component_ref idref="oc-1e3"/>
      </symbol>
      <symbol id="sm-88c">
         <name>_unlock</name>
         <value>0x200098b0</value>
         <object_component_ref idref="oc-1e3"/>
      </symbol>
      <symbol id="sm-8e1">
         <name>_sys_memory</name>
         <value>0x20009090</value>
         <object_component_ref idref="oc-27"/>
      </symbol>
      <symbol id="sm-8e2">
         <name>free</name>
         <value>0x281d</value>
         <object_component_ref idref="oc-635"/>
      </symbol>
      <symbol id="sm-8f8">
         <name>__aeabi_errno_addr</name>
         <value>0x3f45</value>
         <object_component_ref idref="oc-539"/>
      </symbol>
      <symbol id="sm-8f9">
         <name>errno</name>
         <value>0x200098bc</value>
         <object_component_ref idref="oc-5ed"/>
      </symbol>
      <symbol id="sm-90c">
         <name>__stack</name>
         <value>0x2000fe00</value>
         <object_component_ref idref="oc-2a"/>
      </symbol>
      <symbol id="sm-90d">
         <name>_c_int00_noargs</name>
         <value>0x3a15</value>
         <object_component_ref idref="oc-56"/>
      </symbol>
      <symbol id="sm-973">
         <name>__kernel_rem_pio2</name>
         <value>0xe5</value>
         <object_component_ref idref="oc-52d"/>
      </symbol>
      <symbol id="sm-991">
         <name>__kernel_tan</name>
         <value>0x10c9</value>
         <object_component_ref idref="oc-533"/>
      </symbol>
      <symbol id="sm-9ae">
         <name>floorl</name>
         <value>0x2725</value>
         <object_component_ref idref="oc-5d2"/>
      </symbol>
      <symbol id="sm-9af">
         <name>floor</name>
         <value>0x2725</value>
         <object_component_ref idref="oc-5d2"/>
      </symbol>
      <symbol id="sm-9cc">
         <name>scalbn</name>
         <value>0x2519</value>
         <object_component_ref idref="oc-5cc"/>
      </symbol>
      <symbol id="sm-9cd">
         <name>scalbnl</name>
         <value>0x2519</value>
         <object_component_ref idref="oc-5cc"/>
      </symbol>
      <symbol id="sm-9ce">
         <name>ldexpl</name>
         <value>0x2519</value>
         <object_component_ref idref="oc-5cc"/>
      </symbol>
      <symbol id="sm-9cf">
         <name>ldexp</name>
         <value>0x2519</value>
         <object_component_ref idref="oc-5cc"/>
      </symbol>
      <symbol id="sm-9d9">
         <name>copysign</name>
         <value>0x3d79</value>
         <object_component_ref idref="oc-643"/>
      </symbol>
      <symbol id="sm-9da">
         <name>copysignl</name>
         <value>0x3d79</value>
         <object_component_ref idref="oc-643"/>
      </symbol>
      <symbol id="sm-9f6">
         <name>memcpy</name>
         <value>0x2e69</value>
         <object_component_ref idref="oc-38"/>
      </symbol>
      <symbol id="sm-9f7">
         <name>__aeabi_memcpy</name>
         <value>0x2e69</value>
         <object_component_ref idref="oc-38"/>
      </symbol>
      <symbol id="sm-9f8">
         <name>__aeabi_memcpy8</name>
         <value>0x2e69</value>
         <object_component_ref idref="oc-38"/>
      </symbol>
      <symbol id="sm-9f9">
         <name>__aeabi_memcpy4</name>
         <value>0x2e69</value>
         <object_component_ref idref="oc-38"/>
      </symbol>
      <symbol id="sm-a08">
         <name>__aeabi_memset</name>
         <value>0x311b</value>
         <object_component_ref idref="oc-9e"/>
      </symbol>
      <symbol id="sm-a09">
         <name>memset</name>
         <value>0x3121</value>
         <object_component_ref idref="oc-9e"/>
      </symbol>
      <symbol id="sm-a0a">
         <name>__aeabi_memset8</name>
         <value>0x311b</value>
         <object_component_ref idref="oc-9e"/>
      </symbol>
      <symbol id="sm-a0b">
         <name>__aeabi_memset4</name>
         <value>0x311b</value>
         <object_component_ref idref="oc-9e"/>
      </symbol>
      <symbol id="sm-a0c">
         <name>__aeabi_memclr8</name>
         <value>0x3119</value>
         <object_component_ref idref="oc-9e"/>
      </symbol>
      <symbol id="sm-a0d">
         <name>__aeabi_memclr4</name>
         <value>0x3119</value>
         <object_component_ref idref="oc-9e"/>
      </symbol>
      <symbol id="sm-a0e">
         <name>__aeabi_memclr</name>
         <value>0x3119</value>
         <object_component_ref idref="oc-9e"/>
      </symbol>
      <symbol id="sm-a3b">
         <name>__TI_auto_init_nobinit</name>
         <value>0x3475</value>
         <object_component_ref idref="oc-14b"/>
      </symbol>
      <symbol id="sm-a45">
         <name>_system_pre_init</name>
         <value>0x3f59</value>
         <object_component_ref idref="oc-a4"/>
      </symbol>
      <symbol id="sm-a48">
         <name>__TI_static_base__</name>
         <value>0x0</value>
      </symbol>
      <symbol id="sm-a4b">
         <name>__mpu_init</name>
         <value>0x0</value>
      </symbol>
      <symbol id="sm-a4c">
         <name>_system_post_cinit</name>
         <value>0x0</value>
      </symbol>
      <symbol id="sm-a4d">
         <name>NMI_Handler</name>
         <value>0x1a7f</value>
      </symbol>
      <symbol id="sm-a4e">
         <name>HardFault_Handler</name>
         <value>0x1a7f</value>
      </symbol>
      <symbol id="sm-a4f">
         <name>MemManage_Handler</name>
         <value>0x1a7f</value>
      </symbol>
      <symbol id="sm-a50">
         <name>BusFault_Handler</name>
         <value>0x1a7f</value>
      </symbol>
      <symbol id="sm-a51">
         <name>UsageFault_Handler</name>
         <value>0x1a7f</value>
      </symbol>
      <symbol id="sm-a52">
         <name>SVC_Handler</name>
         <value>0x1a7f</value>
      </symbol>
      <symbol id="sm-a53">
         <name>DebugMon_Handler</name>
         <value>0x1a7f</value>
      </symbol>
      <symbol id="sm-a54">
         <name>PendSV_Handler</name>
         <value>0x1a7f</value>
      </symbol>
      <symbol id="sm-a55">
         <name>SysTick_Handler</name>
         <value>0x1a7f</value>
      </symbol>
      <symbol id="sm-a56">
         <name>PSS_IRQHandler</name>
         <value>0x1a7f</value>
      </symbol>
      <symbol id="sm-a57">
         <name>CS_IRQHandler</name>
         <value>0x1a7f</value>
      </symbol>
      <symbol id="sm-a58">
         <name>PCM_IRQHandler</name>
         <value>0x1a7f</value>
      </symbol>
      <symbol id="sm-a59">
         <name>WDT_A_IRQHandler</name>
         <value>0x1a7f</value>
      </symbol>
      <symbol id="sm-a5a">
         <name>FPU_IRQHandler</name>
         <value>0x1a7f</value>
      </symbol>
      <symbol id="sm-a5b">
         <name>FLCTL_IRQHandler</name>
         <value>0x1a7f</value>
      </symbol>
      <symbol id="sm-a5c">
         <name>COMP_E0_IRQHandler</name>
         <value>0x1a7f</value>
      </symbol>
      <symbol id="sm-a5d">
         <name>COMP_E1_IRQHandler</name>
         <value>0x1a7f</value>
      </symbol>
      <symbol id="sm-a5e">
         <name>TA0_0_IRQHandler</name>
         <value>0x1a7f</value>
      </symbol>
      <symbol id="sm-a5f">
         <name>TA0_N_IRQHandler</name>
         <value>0x1a7f</value>
      </symbol>
      <symbol id="sm-a60">
         <name>TA1_0_IRQHandler</name>
         <value>0x1a7f</value>
      </symbol>
      <symbol id="sm-a61">
         <name>TA1_N_IRQHandler</name>
         <value>0x1a7f</value>
      </symbol>
      <symbol id="sm-a62">
         <name>TA2_0_IRQHandler</name>
         <value>0x1a7f</value>
      </symbol>
      <symbol id="sm-a63">
         <name>TA2_N_IRQHandler</name>
         <value>0x1a7f</value>
      </symbol>
      <symbol id="sm-a64">
         <name>TA3_0_IRQHandler</name>
         <value>0x1a7f</value>
      </symbol>
      <symbol id="sm-a65">
         <name>TA3_N_IRQHandler</name>
         <value>0x1a7f</value>
      </symbol>
      <symbol id="sm-a66">
         <name>EUSCIA0_IRQHandler</name>
         <value>0x1a7f</value>
      </symbol>
      <symbol id="sm-a67">
         <name>EUSCIA1_IRQHandler</name>
         <value>0x1a7f</value>
      </symbol>
      <symbol id="sm-a68">
         <name>EUSCIA2_IRQHandler</name>
         <value>0x1a7f</value>
      </symbol>
      <symbol id="sm-a69">
         <name>EUSCIA3_IRQHandler</name>
         <value>0x1a7f</value>
      </symbol>
      <symbol id="sm-a6a">
         <name>EUSCIB0_IRQHandler</name>
         <value>0x1a7f</value>
      </symbol>
      <symbol id="sm-a6b">
         <name>EUSCIB1_IRQHandler</name>
         <value>0x1a7f</value>
      </symbol>
      <symbol id="sm-a6c">
         <name>EUSCIB2_IRQHandler</name>
         <value>0x1a7f</value>
      </symbol>
      <symbol id="sm-a6d">
         <name>EUSCIB3_IRQHandler</name>
         <value>0x1a7f</value>
      </symbol>
      <symbol id="sm-a6e">
         <name>ADC14_IRQHandler</name>
         <value>0x1a7f</value>
      </symbol>
      <symbol id="sm-a6f">
         <name>T32_INT1_IRQHandler</name>
         <value>0x39e1</value>
      </symbol>
      <symbol id="sm-a70">
         <name>T32_INT2_IRQHandler</name>
         <value>0x1a7f</value>
      </symbol>
      <symbol id="sm-a71">
         <name>T32_INTC_IRQHandler</name>
         <value>0x1a7f</value>
      </symbol>
      <symbol id="sm-a72">
         <name>AES256_IRQHandler</name>
         <value>0x1a7f</value>
      </symbol>
      <symbol id="sm-a73">
         <name>RTC_C_IRQHandler</name>
         <value>0x1a7f</value>
      </symbol>
      <symbol id="sm-a74">
         <name>DMA_ERR_IRQHandler</name>
         <value>0x1a7f</value>
      </symbol>
      <symbol id="sm-a75">
         <name>DMA_INT3_IRQHandler</name>
         <value>0x1a7f</value>
      </symbol>
      <symbol id="sm-a76">
         <name>DMA_INT2_IRQHandler</name>
         <value>0x1a7f</value>
      </symbol>
      <symbol id="sm-a77">
         <name>DMA_INT1_IRQHandler</name>
         <value>0x1a7f</value>
      </symbol>
      <symbol id="sm-a78">
         <name>DMA_INT0_IRQHandler</name>
         <value>0x1a7f</value>
      </symbol>
      <symbol id="sm-a79">
         <name>PORT1_IRQHandler</name>
         <value>0x1a7f</value>
      </symbol>
      <symbol id="sm-a7a">
         <name>PORT2_IRQHandler</name>
         <value>0x1a7f</value>
      </symbol>
      <symbol id="sm-a7b">
         <name>PORT3_IRQHandler</name>
         <value>0x1a7f</value>
      </symbol>
      <symbol id="sm-a7c">
         <name>PORT4_IRQHandler</name>
         <value>0x1a7f</value>
      </symbol>
      <symbol id="sm-a7d">
         <name>PORT5_IRQHandler</name>
         <value>0x1a7f</value>
      </symbol>
      <symbol id="sm-a7e">
         <name>PORT6_IRQHandler</name>
         <value>0x1a7f</value>
      </symbol>
      <symbol id="sm-a7f">
         <name>_ZSt17__throw_bad_allocv</name>
         <value>0x3f5d</value>
      </symbol>
   </symbol_table>
   <title>Link successful</title>
</link_info>
