******************************************************************************
                  TI ARM Linker Unix v18.12.1                  
******************************************************************************
>> Linked Wed May 29 17:28:55 2019

OUTPUT FILE NAME:   <Horizon.out>
ENTRY POINT SYMBOL: "_c_int00_noargs"  address: 00003a15


MEMORY CONFIGURATION

         name            origin    length      used     unused   attr    fill
----------------------  --------  ---------  --------  --------  ----  --------
  MAIN                  00000000   00040000  0000437a  0003bc86  R  X
  INFO                  00200000   00004000  00000000  00004000  R  X
  SRAM_CODE             01000000   00010000  00009abe  00006542  RW X
  SRAM_DATA             20000000   00010000  00009abe  00006542  RW  


SEGMENT ALLOCATION MAP

run origin  load origin   length   init length attrs members
----------  ----------- ---------- ----------- ----- -------
00000000    00000000    00004380   00004380    r-x
  00000000    00000000    000000e4   000000e4    r-- .intvecs
  000000e4    000000e4    00003e7c   00003e7c    r-x .text
  00003f60    00003f60    000003de   000003de    r-- .const
  00004340    00004340    00000004   00000004    r-- .init_array
  00004348    00004348    00000038   00000038    r-- .cinit
20000000    20000000    000098c0   00000000    rw-
  20000000    20000000    0000908e   00000000    rw- .bss
  20009090    20009090    00000800   00000000    rw- .sysmem
  20009890    20009890    00000030   00000000    rw- .data
2000fe00    2000fe00    00000200   00000000    rw-
  2000fe00    2000fe00    00000200   00000000    rw- .stack


SECTION ALLOCATION MAP

 output                                  attributes/
section   page    origin      length       input sections
--------  ----  ----------  ----------   ----------------
.intvecs   0    00000000    000000e4     
                  00000000    000000e4     startup_msp432p401r_ccs.obj (.intvecs:retain)

.binit     0    00000000    00000000     

.text      0    000000e4    00003e7c     
                  000000e4    00000738     rtsv7M4_T_le_v4SPD16_eabi.lib : k_rem_pio2.c.obj (.text:__kernel_rem_pio2)
                  0000081c    00000508                                   : s_tan.c.obj (.text:tan)
                  00000d24    000003a4     LCD_Task.obj (.text:_ZN8LCD_Task30m_GetHorizonBorderIntersectionEss)
                  000010c8    00000318     rtsv7M4_T_le_v4SPD16_eabi.lib : k_tan.c.obj (.text:__kernel_tan)
                  000013e0    00000310     LCD_Task.obj (.text:_ZN8LCD_Task3runEv)
                  000016f0    000001d8     Crystalfontz128x128_ST7735.obj (.text:_ZN52_INTERNAL_30_Crystalfontz128x128_ST7735_cpp_acdafc1437Crystalfontz128x128_PixelDrawMultipleEPK16Graphics_DisplaysssssPKhPKj)
                  000018c8    000001b6     rtsv7M4_T_le_v4SPD16_eabi.lib : fd_add_t2.asm.obj (.text)
                  00001a7e    00000002     startup_msp432p401r_ccs.obj (.text:Default_Handler)
                  00001a80    00000198     rtsv7M4_T_le_v4SPD16_eabi.lib : e_acosf.c.obj (.text:acosf)
                  00001c18    00000180     grlib.a : line.obj (.text:Graphics_clipLine)
                  00001d98    00000174             : line.obj (.text:Graphics_drawLine)
                  00001f0c    00000160     msp432p4xx_driverlib.lib : adc14.o (.text:_getIndexForMemRegister)
                  0000206c    00000136     rtsv7M4_T_le_v4SPD16_eabi.lib : fd_div_t2.asm.obj (.text)
                  000021a2    00000002                                   : stdlib_typeinfo.cpp.obj (.text:_ZNSt9type_infoD1Ev)
                  000021a4    00000134     Crystalfontz128x128_ST7735.obj (.text:_Z32Crystalfontz128x128_SetDrawFrametttt)
                  000022d8    0000012c     Crystalfontz128x128_ST7735.obj (.text:_Z24Crystalfontz128x128_Initv)
                  00002404    00000112     grlib.a : rectangle.obj (.text:Graphics_fillRectangle)
                  00002516    00000002     rtsv7M4_T_le_v4SPD16_eabi.lib : _lock.c.obj (.text:_nop)
                  00002518    00000110                                   : s_scalbn.c.obj (.text:scalbn)
                  00002628    000000fc                                   : fd_mul_t2.asm.obj (.text)
                  00002724    000000f8                                   : s_floor.c.obj (.text:floor)
                  0000281c    000000e8                                   : memory.c.obj (.text:free)
                  00002904    000000c0     ADC_Task.obj (.text:_ZN8ADC_Task5setupEv)
                  000029c4    000000bc     system_msp432p401r.obj (.text:SystemInit)
                  00002a80    000000bc     Scheduler.obj (.text:_ZN9Scheduler3runEv)
                  00002b3c    000000b0     msp432p4xx_driverlib.lib : spi.o (.text:SPI_initMaster)
                  00002bec    000000a8     ADC_Task.obj (.text:_ZN8ADC_Task10m_GetAngleEt)
                  00002c94    0000009c     grlib.a : line.obj (.text:Graphics_drawLineH)
                  00002d30    0000009c             : line.obj (.text:Graphics_drawLineV)
                  00002dcc    0000009c     Crystalfontz128x128_ST7735.obj (.text:_ZN52_INTERNAL_30_Crystalfontz128x128_ST7735_cpp_acdafc1428Crystalfontz128x128_RectFillEPK16Graphics_DisplayPK18Graphics_Rectanglet)
                  00002e68    0000009c     rtsv7M4_T_le_v4SPD16_eabi.lib : memcpy_t2.asm.obj (.text)
                  00002f04    00000088     msp432p4xx_driverlib.lib : gpio.o (.text:GPIO_setAsPeripheralModuleFunctionOutputPin)
                  00002f8c    00000086     rtsv7M4_T_le_v4SPD16_eabi.lib : fd_cmp_t2.asm.obj (.text:__aeabi_cdcmple)
                  00003012    00000086                                   : fd_cmp_t2.asm.obj (.text:__aeabi_cdrcmple)
                  00003098    00000080     Scheduler.obj (.text:_ZN9Scheduler6attachEP4Tasky)
                  00003118    0000007a     rtsv7M4_T_le_v4SPD16_eabi.lib : memset_t2.asm.obj (.text)
                  00003192    00000002     --HOLE-- [fill = 0]
                  00003194    00000078     main.obj (.text:main)
                  0000320c    0000006e     rtsv7M4_T_le_v4SPD16_eabi.lib : fd_tos_t2.asm.obj (.text)
                  0000327a    0000006c     Mailbox.obj (.text:_ZN7Mailbox13m_PostMessageE6st_Msg)
                  000032e6    00000068     rtsv7M4_T_le_v4SPD16_eabi.lib : copy_decompress_lzss.c.obj (.text:decompress:lzss:__TI_decompress_lzss)
                  0000334e    00000064     grlib.a : line.obj (.text:Graphics_getClipCode)
                  000033b2    00000060     Crystalfontz128x128_ST7735.obj (.text:_ZN52_INTERNAL_30_Crystalfontz128x128_ST7735_cpp_acdafc1429Crystalfontz128x128_LineDrawHEPK16Graphics_Displayssst)
                  00003412    00000060     Crystalfontz128x128_ST7735.obj (.text:_ZN52_INTERNAL_30_Crystalfontz128x128_ST7735_cpp_acdafc1429Crystalfontz128x128_LineDrawVEPK16Graphics_Displayssst)
                  00003472    00000002     --HOLE-- [fill = 0]
                  00003474    00000060     rtsv7M4_T_le_v4SPD16_eabi.lib : autoinit.c.obj (.text:__TI_auto_init_nobinit:__TI_auto_init_nobinit)
                  000034d4    0000005c     ADC_Task.obj (.text:_ZN8ADC_Task3runEv)
                  00003530    00000054     Crystalfontz128x128_ST7735.obj (.text:_Z34Crystalfontz128x128_SetOrientationh)
                  00003584    00000052     grlib.a : context.obj (.text:Graphics_initContext)
                  000035d6    0000004c     Scheduler.obj (.text:_ZN9Scheduler5setupEv)
                  00003622    0000004a     ADC_Task.obj (.text:_ZN8ADC_Task18m_CreateAndPostMsgEv)
                  0000366c    00000048     main.obj (.text:_ZN29_INTERNAL_8_main_cpp_937618a818__NVIC_SetPriorityE4IRQnj)
                  000036b4    00000048     rtsv7M4_T_le_v4SPD16_eabi.lib : fd_toi_t2.asm.obj (.text)
                  000036fc    00000044     main.obj (.text:_Z5Setupv)
                  00003740    00000044     Mailbox.obj (.text:_ZN7Mailbox13m_ReadMessageEh)
                  00003784    00000044     LCD_Task.obj (.text:_ZN8LCD_Task5setupEv)
                  000037c8    00000040     msp432p4xx_driverlib.lib : gpio.o (.text:GPIO_setAsOutputPin)
                  00003808    00000040     HAL_MSP_EXP432P401R_Crystalfontz128x128_ST7735.obj (.text:_Z15HAL_LCD_SpiInitv)
                  00003848    00000040     Crystalfontz128x128_ST7735.obj (.text:_ZN52_INTERNAL_30_Crystalfontz128x128_ST7735_cpp_acdafc1429Crystalfontz128x128_PixelDrawEPK16Graphics_Displaysst)
                  00003888    00000040     msp432p4xx_driverlib.lib : spi.o (.text:is_A_Module)
                  000038c8    0000003a     Scheduler.obj (.text:_ZN9SchedulerC1Ev)
                  00003902    00000002     --HOLE-- [fill = 0]
                  00003904    00000038     HAL_MSP_EXP432P401R_Crystalfontz128x128_ST7735.obj (.text:_Z20HAL_LCD_writeCommandh)
                  0000393c    00000038     rtsv7M4_T_le_v4SPD16_eabi.lib : fs_tod_t2.asm.obj (.text)
                  00003974    00000036     grlib.a : display.obj (.text:Graphics_drawHorizontalLineOnDisplay)
                  000039aa    00000036             : display.obj (.text:Graphics_drawVerticalLineOnDisplay)
                  000039e0    00000034     main.obj (.text:T32_INT1_IRQHandler)
                  00003a14    00000034     rtsv7M4_T_le_v4SPD16_eabi.lib : boot_cortex_m.c.obj (.text:_c_int00_noargs:_c_int00_noargs)
                  00003a48    00000030     HAL_MSP_EXP432P401R_Crystalfontz128x128_ST7735.obj (.text:_Z16HAL_LCD_PortInitv)
                  00003a78    00000030     main.obj (.text:_ZN29_INTERNAL_8_main_cpp_937618a816__NVIC_EnableIRQE4IRQn)
                  00003aa8    00000030     Task.obj (.text:_ZN4TaskC1Ev)
                  00003ad8    0000002e     rtsv7M4_T_le_v4SPD16_eabi.lib : i_tofd_t2.asm.obj (.text)
                  00003b06    0000002c     grlib.a : display.obj (.text:Graphics_drawPixelOnDisplay)
                  00003b32    00000002     --HOLE-- [fill = 0]
                  00003b34    0000002c     HAL_MSP_EXP432P401R_Crystalfontz128x128_ST7735.obj (.text:_Z17HAL_LCD_writeDatah)
                  00003b60    0000002c     Crystalfontz128x128_ST7735.obj (.text:_ZN52_INTERNAL_30_Crystalfontz128x128_ST7735_cpp_acdafc1431Crystalfontz128x128_ClearScreenEPK16Graphics_Displayt)
                  00003b8c    00000028     msp432p4xx_driverlib.lib : gpio.o (.text:GPIO_setOutputHighOnPin)
                  00003bb4    00000028                              : gpio.o (.text:GPIO_setOutputLowOnPin)
                  00003bdc    00000028     Crystalfontz128x128_ST7735.obj (.text:_ZN52_INTERNAL_30_Crystalfontz128x128_ST7735_cpp_acdafc1434Crystalfontz128x128_ColorTranslateEPK16Graphics_Displayj)
                  00003c04    00000028     rtsv7M4_T_le_v4SPD16_eabi.lib : memory.c.obj (.text:free_list_insert)
                  00003c2c    00000028                                   : e_sqrtf.c.obj (.text:sqrtf)
                  00003c54    00000020     ADC_Task.obj (.text:_ZN8ADC_TaskC1EP7Mailbox)
                  00003c74    00000020     LCD_Task.obj (.text:_ZN8LCD_TaskC1EP7Mailbox)
                  00003c94    00000020     rtsv7M4_T_le_v4SPD16_eabi.lib : u_tofd_t2.asm.obj (.text)
                  00003cb4    0000001e     grlib.a : display.obj (.text:Graphics_fillRectangleOnDisplay)
                  00003cd2    00000002     --HOLE-- [fill = 0]
                  00003cd4    0000001c     msp432p4xx_driverlib.lib : adc14.o (.text:ADC14_getResult)
                  00003cf0    0000001c                              : spi.o (.text:SPI_enableModule)
                  00003d0c    0000001c     Mailbox.obj (.text:_ZN7Mailbox14m_CheckMailboxEh)
                  00003d28    0000001c     rtsv7M4_T_le_v4SPD16_eabi.lib : memory.c.obj (.text:free_list_remove)
                  00003d44    0000001a     grlib.a : display.obj (.text:Graphics_clearDisplayOnDisplay)
                  00003d5e    0000001a             : context.obj (.text:Graphics_setBackgroundColor)
                  00003d78    0000001a     rtsv7M4_T_le_v4SPD16_eabi.lib : s_copysign.c.obj (.text:copysign)
                  00003d92    00000018     Mailbox.obj (.text:_ZNSt3__25arrayINS0_I6st_MsgLj10EEELj255EEixEj)
                  00003daa    00000002     --HOLE-- [fill = 0]
                  00003dac    00000018     main.obj (.text:__sti___8_main_cpp_937618a8)
                  00003dc4    00000016     msp432p4xx_driverlib.lib : spi.o (.text:EUSCI_A_SPI_enable)
                  00003dda    00000016                              : spi.o (.text:EUSCI_B_SPI_enable)
                  00003df0    00000016     grlib.a : context.obj (.text:Graphics_setForegroundColor)
                  00003e06    00000016             : display.obj (.text:Graphics_translateColorOnDisplay)
                  00003e1c    00000016     Task.obj (.text:_ZN4Task17SetTaskReceiverIdEh)
                  00003e32    00000014     Mailbox.obj (.text:_ZNSt3__25arrayI6st_MsgLj10EEixEj)
                  00003e46    00000014     LCD_Task.obj (.text:_ZNSt3__25arrayINS0_IsLj4EEELj2EEixEj)
                  00003e5a    00000014     LCD_Task.obj (.text:_ZNSt3__25arrayIsLj4EEixEj)
                  00003e6e    00000012     grlib.a : context.obj (.text:Graphics_clearDisplay)
                  00003e80    00000012     Mailbox.obj (.text:_ZNSt3__25arrayIhLj255EEixEj)
                  00003e92    00000010     ADC_Task.obj (.text:_Z4acosf)
                  00003ea2    0000000e     rtsv7M4_T_le_v4SPD16_eabi.lib : typeinfo.c.obj (.text:_ZN10__cxxabiv117__class_type_infoD0Ev)
                  00003eb0    0000000e                                   : typeinfo.c.obj (.text:_ZN10__cxxabiv120__si_class_type_infoD0Ev)
                  00003ebe    0000000e     Task.obj (.text:_ZN4Task17GetReceiverTaskIdEv)
                  00003ecc    0000000e     Task.obj (.text:_ZN4Task9GetTaskIdEv)
                  00003eda    0000000e     rtsv7M4_T_le_v4SPD16_eabi.lib : copy_decompress_none.c.obj (.text:decompress:none:__TI_decompress_none)
                  00003ee8    0000000c     startup_msp432p401r_ccs.obj (.text:Reset_Handler)
                  00003ef4    0000000c     Task.obj (.text:_ZN4Task3runEv)
                  00003f00    0000000c     Task.obj (.text:_ZN4Task5setupEv)
                  00003f0c    0000000c     Mailbox.obj (.text:_ZN7MailboxC1Ev)
                  00003f18    0000000c     Scheduler.obj (.text:_ZN9Scheduler21CalculateNextScheduleEv)
                  00003f24    0000000c     rtsv7M4_T_le_v4SPD16_eabi.lib : copy_zero_init.c.obj (.text:decompress:ZI:__TI_zero_init)
                  00003f30    0000000a     Crystalfontz128x128_ST7735.obj (.text:_ZN52_INTERNAL_30_Crystalfontz128x128_ST7735_cpp_acdafc1425Crystalfontz128x128_FlushEPK16Graphics_Display)
                  00003f3a    00000008     rtsv7M4_T_le_v4SPD16_eabi.lib : new.cpp.obj (.text:_ZdlPv)
                  00003f42    00000002     --HOLE-- [fill = 0]
                  00003f44    00000008                                   : errno.c.obj (.text:__aeabi_errno_addr)
                  00003f4c    00000004                                   : typeinfo.c.obj (.text:_ZN10__cxxabiv117__class_type_infoD1Ev)
                  00003f50    00000004                                   : typeinfo.c.obj (.text:_ZN10__cxxabiv120__si_class_type_infoD1Ev)
                  00003f54    00000004                                   : new.cpp.obj (.text:_ZdlPvj)
                  00003f58    00000004                                   : pre_init.c.obj (.text:_system_pre_init)
                  00003f5c    00000004                                   : exit.c.obj (.text:abort:abort)

.const     0    00003f60    000003de     
                  00003f60    00000158     rtsv7M4_T_le_v4SPD16_eabi.lib : k_rem_pio2.c.obj (.const:$O1$$)
                  000040b8    00000080     msp432p4xx_driverlib.lib : adc14.o (.const:_ctlRegs)
                  00004138    00000080     rtsv7M4_T_le_v4SPD16_eabi.lib : k_tan.c.obj (.const:xxx)
                  000041b8    00000030     msp432p4xx_driverlib.lib : gpio.o (.const:GPIO_PORT_TO_BASE)
                  000041e8    00000025     rtsv7M4_T_le_v4SPD16_eabi.lib : typeinfo.c.obj (.const:.typeinfo:_ZTSN10__cxxabiv120__si_class_type_infoE)
                  0000420d    00000022                                   : typeinfo.c.obj (.const:.typeinfo:_ZTSN10__cxxabiv117__class_type_infoE)
                  0000422f    00000001     --HOLE-- [fill = 0]
                  00004230    00000020     Crystalfontz128x128_ST7735.obj (.const:g_sCrystalfontz128x128_funcs)
                  00004250    0000001c     HAL_MSP_EXP432P401R_Crystalfontz128x128_ST7735.obj (.const:$P$T40$1)
                  0000426c    00000010     Task.obj (.const:_ZTV4Task)
                  0000427c    00000010     ADC_Task.obj (.const:_ZTV8ADC_Task)
                  0000428c    00000010     LCD_Task.obj (.const:_ZTV8LCD_Task)
                  0000429c    00000010     rtsv7M4_T_le_v4SPD16_eabi.lib : typeinfo.c.obj (.const:_ZTVN10__cxxabiv117__class_type_infoE)
                  000042ac    00000010                                   : typeinfo.c.obj (.const:_ZTVN10__cxxabiv120__si_class_type_infoE)
                  000042bc    0000000d                                   : stdlib_typeinfo.cpp.obj (.const:.typeinfo:_ZTSSt9type_info)
                  000042c9    00000003     --HOLE-- [fill = 0]
                  000042cc    0000000c     ADC_Task.obj (.const:.typeinfo:_ZTI8ADC_Task)
                  000042d8    0000000c     LCD_Task.obj (.const:.typeinfo:_ZTI8LCD_Task)
                  000042e4    0000000c     rtsv7M4_T_le_v4SPD16_eabi.lib : typeinfo.c.obj (.const:.typeinfo:_ZTIN10__cxxabiv117__class_type_infoE)
                  000042f0    0000000c                                   : typeinfo.c.obj (.const:.typeinfo:_ZTIN10__cxxabiv120__si_class_type_infoE)
                  000042fc    0000000a     ADC_Task.obj (.const:.typeinfo:_ZTS8ADC_Task)
                  00004306    0000000a     LCD_Task.obj (.const:.typeinfo:_ZTS8LCD_Task)
                  00004310    00000008     Crystalfontz128x128_ST7735.obj (.const:$P$T40$1)
                  00004318    00000008     LCD_Task.obj (.const:$P$T41$1)
                  00004320    00000008     LCD_Task.obj (.const:$P$T42$2)
                  00004328    00000008     ADC_Task.obj (.const:.typeinfo:_ZTI4Task)
                  00004330    00000008     rtsv7M4_T_le_v4SPD16_eabi.lib : stdlib_typeinfo.cpp.obj (.const:.typeinfo:_ZTISt9type_info)
                  00004338    00000006     ADC_Task.obj (.const:.typeinfo:_ZTS4Task)

.cinit     0    00004348    00000038     
                  00004348    00000014     (.cinit..data.load) [load image, compression = lzss]
                  0000435c    0000000c     (__TI_handler_table)
                  00004368    00000008     (.cinit..bss.load) [load image, compression = zero_init]
                  00004370    00000010     (__TI_cinit_table)

.init_array 
*          0    00004340    00000004     
                  00004340    00000004     main.obj (.init_array)

.bss       0    20000000    0000908e     UNINITIALIZED
                  20000000    000050b4     main.obj (.bss:g_MainMailbox)
                  200050b4    00000002     (.common:Lcd_ScreenHeigth)
                  200050b6    00000002     (.common:Lcd_ScreenWidth)
                  200050b8    00003fd0     main.obj (.bss:g_MainScheduler)
                  20009088    00000002     (.common:Lcd_TouchTrim)
                  2000908a    00000001     (.common:Lcd_FlagRead)
                  2000908b    00000001     (.common:Lcd_FontSolid)
                  2000908c    00000001     (.common:Lcd_Orientation)
                  2000908d    00000001     (.common:Lcd_PenSolid)

.sysmem    0    20009090    00000800     UNINITIALIZED
                  20009090    00000010     rtsv7M4_T_le_v4SPD16_eabi.lib : memory.c.obj (.sysmem)
                  200090a0    000007f0     --HOLE--

.data      0    20009890    00000030     UNINITIALIZED
                  20009890    00000010     Crystalfontz128x128_ST7735.obj (.data:g_sCrystalfontz128x128)
                  200098a0    00000009     main.obj (.data)
                  200098a9    00000003     --HOLE--
                  200098ac    00000008     rtsv7M4_T_le_v4SPD16_eabi.lib : _lock.c.obj (.data:$O1$$)
                  200098b4    00000008                                   : memory.c.obj (.data:$O1$$)
                  200098bc    00000004                                   : errno.c.obj (.data)

.stack     0    2000fe00    00000200     UNINITIALIZED
                  2000fe00    00000004     rtsv7M4_T_le_v4SPD16_eabi.lib : boot_cortex_m.c.obj (.stack)
                  2000fe04    000001fc     --HOLE--

MODULE SUMMARY

       Module                                               code    ro data   rw data
       ------                                               ----    -------   -------
    ./
       main.obj                                             384     4         74010  
       LCD_Task.obj                                         1856    54        0      
       ADC_Task.obj                                         574     52        0      
       Scheduler.obj                                        462     0         0      
       Mailbox.obj                                          278     0         0      
       system_msp432p401r.obj                               188     0         0      
       Task.obj                                             122     16        0      
    +--+----------------------------------------------------+-------+---------+---------+
       Total:                                               3864    126       74010  
                                                                                     
    ./LcdDriver/
       Crystalfontz128x128_ST7735.obj                       1670    40        52     
       HAL_MSP_EXP432P401R_Crystalfontz128x128_ST7735.obj   212     28        0      
    +--+----------------------------------------------------+-------+---------+---------+
       Total:                                               1882    68        52     
                                                                                     
    ./ccs/
       startup_msp432p401r_ccs.obj                          14      228       0      
    +--+----------------------------------------------------+-------+---------+---------+
       Total:                                               14      228       0      
                                                                                     
    /home/carlos/ti/ccs901/ccs/tools/compiler/ti-cgt-arm_18.12.1.LTS/lib/rtsv7M4_T_le_v4SPD16_eabi.lib
       k_rem_pio2.c.obj                                     1848    344       0      
       s_tan.c.obj                                          1288    0         0      
       k_tan.c.obj                                          792     128       0      
       fd_add_t2.asm.obj                                    438     0         0      
       e_acosf.c.obj                                        408     0         0      
       memory.c.obj                                         300     0         16     
       fd_div_t2.asm.obj                                    310     0         0      
       s_scalbn.c.obj                                       272     0         0      
       fd_cmp_t2.asm.obj                                    268     0         0      
       fd_mul_t2.asm.obj                                    252     0         0      
       s_floor.c.obj                                        248     0         0      
       typeinfo.c.obj                                       36      127       0      
       memcpy_t2.asm.obj                                    156     0         0      
       memset_t2.asm.obj                                    122     0         0      
       fd_tos_t2.asm.obj                                    110     0         0      
       copy_decompress_lzss.c.obj                           104     0         0      
       autoinit.c.obj                                       96      0         0      
       fd_toi_t2.asm.obj                                    72      0         0      
       fs_tod_t2.asm.obj                                    56      0         0      
       boot_cortex_m.c.obj                                  52      0         0      
       i_tofd_t2.asm.obj                                    46      0         0      
       e_sqrtf.c.obj                                        40      0         0      
       u_tofd_t2.asm.obj                                    32      0         0      
       s_copysign.c.obj                                     26      0         0      
       stdlib_typeinfo.cpp.obj                              2       21        0      
       _lock.c.obj                                          2       0         16     
       errno.c.obj                                          8       0         8      
       copy_decompress_none.c.obj                           14      0         0      
       copy_zero_init.c.obj                                 12      0         0      
       new.cpp.obj                                          12      0         0      
       exit.c.obj                                           4       0         0      
       pre_init.c.obj                                       4       0         0      
    +--+----------------------------------------------------+-------+---------+---------+
       Total:                                               7430    620       40     
                                                                                     
    /home/carlos/ti/simplelink_msp432p4_sdk_2_40_00_10/source/ti/devices/msp432p4xx/driverlib/ccs/msp432p4xx_driverlib.lib
       adc14.o                                              380     128       0      
       gpio.o                                               280     48        0      
       spi.o                                                312     0         0      
    +--+----------------------------------------------------+-------+---------+---------+
       Total:                                               972     176       0      
                                                                                     
    /home/carlos/ti/simplelink_msp432p4_sdk_2_40_00_10/source/ti/grlib/lib/ccs/m4f/grlib.a
       line.obj                                             1168    0         0      
       rectangle.obj                                        274     0         0      
       display.obj                                          230     0         0      
       context.obj                                          148     0         0      
    +--+----------------------------------------------------+-------+---------+---------+
       Total:                                               1820    0         0      
                                                                                     
       Heap:                                                0       0         4096   
       Stack:                                               0       0         1024   
       Linker Generated:                                    0       56        0      
    +--+----------------------------------------------------+-------+---------+---------+
       Grand Total:                                         15982   1274      79222  


LINKER GENERATED COPY TABLES

__TI_cinit_table @ 00004370 records: 2, size/record: 8, table size: 16
	.data: load addr=00004348, load size=00000014 bytes, run addr=20009890, run size=00000030 bytes, compression=lzss
	.bss: load addr=00004368, load size=00000008 bytes, run addr=20000000, run size=0000908e bytes, compression=zero_init


LINKER GENERATED HANDLER TABLE

__TI_handler_table @ 0000435c records: 3, size/record: 4, table size: 12
	index: 0, handler: __TI_decompress_lzss
	index: 1, handler: __TI_decompress_none
	index: 2, handler: __TI_zero_init


GLOBAL SYMBOLS: SORTED ALPHABETICALLY BY Name 

address   name                                           
-------   ----                                           
00001a7f  ADC14_IRQHandler                               
00003cd5  ADC14_getResult                                
00001a7f  AES256_IRQHandler                              
00001a7f  BusFault_Handler                               
00003f5d  C$$EXIT                                        
00001a7f  COMP_E0_IRQHandler                             
00001a7f  COMP_E1_IRQHandler                             
00001a7f  CS_IRQHandler                                  
00001a7f  DMA_ERR_IRQHandler                             
00001a7f  DMA_INT0_IRQHandler                            
00001a7f  DMA_INT1_IRQHandler                            
00001a7f  DMA_INT2_IRQHandler                            
00001a7f  DMA_INT3_IRQHandler                            
00001a7f  DebugMon_Handler                               
00001a7f  Default_Handler                                
00001a7f  EUSCIA0_IRQHandler                             
00001a7f  EUSCIA1_IRQHandler                             
00001a7f  EUSCIA2_IRQHandler                             
00001a7f  EUSCIA3_IRQHandler                             
00001a7f  EUSCIB0_IRQHandler                             
00001a7f  EUSCIB1_IRQHandler                             
00001a7f  EUSCIB2_IRQHandler                             
00001a7f  EUSCIB3_IRQHandler                             
00003dc5  EUSCI_A_SPI_enable                             
00003ddb  EUSCI_B_SPI_enable                             
00001a7f  FLCTL_IRQHandler                               
00001a7f  FPU_IRQHandler                                 
000037c9  GPIO_setAsOutputPin                            
00002f05  GPIO_setAsPeripheralModuleFunctionOutputPin    
00003b8d  GPIO_setOutputHighOnPin                        
00003bb5  GPIO_setOutputLowOnPin                         
00003e6f  Graphics_clearDisplay                          
00003d45  Graphics_clearDisplayOnDisplay                 
00003975  Graphics_drawHorizontalLineOnDisplay           
00001d99  Graphics_drawLine                              
00002c95  Graphics_drawLineH                             
00002d31  Graphics_drawLineV                             
00003b07  Graphics_drawPixelOnDisplay                    
000039ab  Graphics_drawVerticalLineOnDisplay             
00002405  Graphics_fillRectangle                         
00003cb5  Graphics_fillRectangleOnDisplay                
00003585  Graphics_initContext                           
00003d5f  Graphics_setBackgroundColor                    
00003df1  Graphics_setForegroundColor                    
00003e07  Graphics_translateColorOnDisplay               
00001a7f  HardFault_Handler                              
2000908a  Lcd_FlagRead                                   
2000908b  Lcd_FontSolid                                  
2000908c  Lcd_Orientation                                
2000908d  Lcd_PenSolid                                   
200050b4  Lcd_ScreenHeigth                               
200050b6  Lcd_ScreenWidth                                
20009088  Lcd_TouchTrim                                  
00001a7f  MemManage_Handler                              
00001a7f  NMI_Handler                                    
00001a7f  PCM_IRQHandler                                 
00001a7f  PORT1_IRQHandler                               
00001a7f  PORT2_IRQHandler                               
00001a7f  PORT3_IRQHandler                               
00001a7f  PORT4_IRQHandler                               
00001a7f  PORT5_IRQHandler                               
00001a7f  PORT6_IRQHandler                               
00001a7f  PSS_IRQHandler                                 
00001a7f  PendSV_Handler                                 
00001a7f  RTC_C_IRQHandler                               
00003ee9  Reset_Handler                                  
00004340  SHT$$INIT_ARRAY$$Base                          
00004344  SHT$$INIT_ARRAY$$Limit                         
00003cf1  SPI_enableModule                               
00002b3d  SPI_initMaster                                 
00001a7f  SVC_Handler                                    
00001a7f  SysTick_Handler                                
000029c5  SystemInit                                     
000039e1  T32_INT1_IRQHandler                            
000039e1  T32_INT1_IRQHandler                            
00001a7f  T32_INT2_IRQHandler                            
00001a7f  T32_INTC_IRQHandler                            
00001a7f  TA0_0_IRQHandler                               
00001a7f  TA0_N_IRQHandler                               
00001a7f  TA1_0_IRQHandler                               
00001a7f  TA1_N_IRQHandler                               
00001a7f  TA2_0_IRQHandler                               
00001a7f  TA2_N_IRQHandler                               
00001a7f  TA3_0_IRQHandler                               
00001a7f  TA3_N_IRQHandler                               
00001a7f  UsageFault_Handler                             
4000480c  WDTCTL_SYM                                     
00001a7f  WDT_A_IRQHandler                               
00003809  _Z15HAL_LCD_SpiInitv                           
00003a49  _Z16HAL_LCD_PortInitv                          
00003b35  _Z17HAL_LCD_writeDatah                         
00003905  _Z20HAL_LCD_writeCommandh                      
000022d9  _Z24Crystalfontz128x128_Initv                  
000021a5  _Z32Crystalfontz128x128_SetDrawFrametttt       
00003531  _Z34Crystalfontz128x128_SetOrientationh        
00003e93  _Z4acosf                                       
000036fd  _Z5Setupv                                      
00003ea3  _ZN10__cxxabiv117__class_type_infoD0Ev         
00003f4d  _ZN10__cxxabiv117__class_type_infoD1Ev         
00003f4d  _ZN10__cxxabiv117__class_type_infoD2Ev         
00003eb1  _ZN10__cxxabiv120__si_class_type_infoD0Ev      
00003f51  _ZN10__cxxabiv120__si_class_type_infoD1Ev      
00003f51  _ZN10__cxxabiv120__si_class_type_infoD2Ev      
200098a8  _ZN4Task14m_u8NextTaskIDE                      
00003ebf  _ZN4Task17GetReceiverTaskIdEv                  
00003e1d  _ZN4Task17SetTaskReceiverIdEh                  
00003ef5  _ZN4Task3runEv                                 
00003f01  _ZN4Task5setupEv                               
00003ecd  _ZN4Task9GetTaskIdEv                           
00003aa9  _ZN4TaskC1Ev                                   
00003aa9  _ZN4TaskC2Ev                                   
0000327b  _ZN7Mailbox13m_PostMessageE6st_Msg             
00003741  _ZN7Mailbox13m_ReadMessageEh                   
00003d0d  _ZN7Mailbox14m_CheckMailboxEh                  
00003f0d  _ZN7MailboxC1Ev                                
00003f0d  _ZN7MailboxC2Ev                                
00002bed  _ZN8ADC_Task10m_GetAngleEt                     
00003623  _ZN8ADC_Task18m_CreateAndPostMsgEv             
000034d5  _ZN8ADC_Task3runEv                             
00002905  _ZN8ADC_Task5setupEv                           
00003c55  _ZN8ADC_TaskC1EP7Mailbox                       
00003c55  _ZN8ADC_TaskC2EP7Mailbox                       
00000d25  _ZN8LCD_Task30m_GetHorizonBorderIntersectionEss
000013e1  _ZN8LCD_Task3runEv                             
00003785  _ZN8LCD_Task5setupEv                           
00003c75  _ZN8LCD_TaskC1EP7Mailbox                       
00003c75  _ZN8LCD_TaskC2EP7Mailbox                       
00003f19  _ZN9Scheduler21CalculateNextScheduleEv         
00002a81  _ZN9Scheduler3runEv                            
000035d7  _ZN9Scheduler5setupEv                          
00003099  _ZN9Scheduler6attachEP4Tasky                   
000038c9  _ZN9SchedulerC1Ev                              
000038c9  _ZN9SchedulerC2Ev                              
00003e33  _ZNSt3__25arrayI6st_MsgLj10EEixEj              
00003d93  _ZNSt3__25arrayINS0_I6st_MsgLj10EEELj255EEixEj 
00003e47  _ZNSt3__25arrayINS0_IsLj4EEELj2EEixEj          
00003e81  _ZNSt3__25arrayIhLj255EEixEj                   
00003e5b  _ZNSt3__25arrayIsLj4EEixEj                     
000021a3  _ZNSt9type_infoD1Ev                            
000021a3  _ZNSt9type_infoD2Ev                            
00003f5d  _ZSt17__throw_bad_allocv                       
00004328  _ZTI4Task                                      
000042cc  _ZTI8ADC_Task                                  
000042d8  _ZTI8LCD_Task                                  
000042e4  _ZTIN10__cxxabiv117__class_type_infoE          
000042f0  _ZTIN10__cxxabiv120__si_class_type_infoE       
00004330  _ZTISt9type_info                               
00004338  _ZTS4Task                                      
000042fc  _ZTS8ADC_Task                                  
00004306  _ZTS8LCD_Task                                  
0000420d  _ZTSN10__cxxabiv117__class_type_infoE          
000041e8  _ZTSN10__cxxabiv120__si_class_type_infoE       
000042bc  _ZTSSt9type_info                               
0000426c  _ZTV4Task                                      
0000427c  _ZTV8ADC_Task                                  
0000428c  _ZTV8LCD_Task                                  
0000429c  _ZTVN10__cxxabiv117__class_type_infoE          
000042ac  _ZTVN10__cxxabiv120__si_class_type_infoE       
00003f3b  _ZdlPv                                         
00003f55  _ZdlPvj                                        
20010000  __STACK_END                                    
00000200  __STACK_SIZE                                   
00000800  __SYSMEM_SIZE                                  
00004370  __TI_CINIT_Base                                
00004380  __TI_CINIT_Limit                               
0000435c  __TI_Handler_Table_Base                        
00004368  __TI_Handler_Table_Limit                       
00003475  __TI_auto_init_nobinit                         
000032e7  __TI_decompress_lzss                           
00003edb  __TI_decompress_none                           
ffffffff  __TI_pprof_out_hndl                            
ffffffff  __TI_prof_data_size                            
ffffffff  __TI_prof_data_start                           
00000000  __TI_static_base__                             
00003f25  __TI_zero_init                                 
00002f8d  __aeabi_cdcmpeq                                
00002f8d  __aeabi_cdcmple                                
00003013  __aeabi_cdrcmple                               
0000320d  __aeabi_d2f                                    
000036b5  __aeabi_d2iz                                   
000018d3  __aeabi_dadd                                   
0000206d  __aeabi_ddiv                                   
00002629  __aeabi_dmul                                   
000018c9  __aeabi_dsub                                   
00003f45  __aeabi_errno_addr                             
0000393d  __aeabi_f2d                                    
00003ad9  __aeabi_i2d                                    
00003119  __aeabi_memclr                                 
00003119  __aeabi_memclr4                                
00003119  __aeabi_memclr8                                
00002e69  __aeabi_memcpy                                 
00002e69  __aeabi_memcpy4                                
00002e69  __aeabi_memcpy8                                
0000311b  __aeabi_memset                                 
0000311b  __aeabi_memset4                                
0000311b  __aeabi_memset8                                
00003c95  __aeabi_ui2d                                   
ffffffff  __binit__                                      
ffffffff  __c_args__                                     
000000e5  __kernel_rem_pio2                              
000010c9  __kernel_tan                                   
UNDEFED   __mpu_init                                     
2000fe00  __stack                                        
00003dad  __sti___8_main_cpp_937618a8                    
00003a15  _c_int00_noargs                                
200098ac  _lock                                          
00002517  _nop                                           
20009090  _sys_memory                                    
UNDEFED   _system_post_cinit                             
00003f59  _system_pre_init                               
200098b0  _unlock                                        
00003f5d  abort                                          
00001a81  acosf                                          
ffffffff  binit                                          
00003d79  copysign                                       
00003d79  copysignl                                      
200098bc  errno                                          
00002725  floor                                          
00002725  floorl                                         
0000281d  free                                           
20000000  g_MainMailbox                                  
200050b8  g_MainScheduler                                
20009890  g_sCrystalfontz128x128                         
00004230  g_sCrystalfontz128x128_funcs                   
00000000  interruptVectors                               
00002519  ldexp                                          
00002519  ldexpl                                         
00003195  main                                           
00002e69  memcpy                                         
00003121  memset                                         
00002519  scalbn                                         
00002519  scalbnl                                        
00003c2d  sqrtf                                          
0000081d  tan                                            
0000081d  tanl                                           


GLOBAL SYMBOLS: SORTED BY Symbol Address 

address   name                                           
-------   ----                                           
00000000  __TI_static_base__                             
00000000  interruptVectors                               
000000e5  __kernel_rem_pio2                              
00000200  __STACK_SIZE                                   
00000800  __SYSMEM_SIZE                                  
0000081d  tan                                            
0000081d  tanl                                           
00000d25  _ZN8LCD_Task30m_GetHorizonBorderIntersectionEss
000010c9  __kernel_tan                                   
000013e1  _ZN8LCD_Task3runEv                             
000018c9  __aeabi_dsub                                   
000018d3  __aeabi_dadd                                   
00001a7f  ADC14_IRQHandler                               
00001a7f  AES256_IRQHandler                              
00001a7f  BusFault_Handler                               
00001a7f  COMP_E0_IRQHandler                             
00001a7f  COMP_E1_IRQHandler                             
00001a7f  CS_IRQHandler                                  
00001a7f  DMA_ERR_IRQHandler                             
00001a7f  DMA_INT0_IRQHandler                            
00001a7f  DMA_INT1_IRQHandler                            
00001a7f  DMA_INT2_IRQHandler                            
00001a7f  DMA_INT3_IRQHandler                            
00001a7f  DebugMon_Handler                               
00001a7f  Default_Handler                                
00001a7f  EUSCIA0_IRQHandler                             
00001a7f  EUSCIA1_IRQHandler                             
00001a7f  EUSCIA2_IRQHandler                             
00001a7f  EUSCIA3_IRQHandler                             
00001a7f  EUSCIB0_IRQHandler                             
00001a7f  EUSCIB1_IRQHandler                             
00001a7f  EUSCIB2_IRQHandler                             
00001a7f  EUSCIB3_IRQHandler                             
00001a7f  FLCTL_IRQHandler                               
00001a7f  FPU_IRQHandler                                 
00001a7f  HardFault_Handler                              
00001a7f  MemManage_Handler                              
00001a7f  NMI_Handler                                    
00001a7f  PCM_IRQHandler                                 
00001a7f  PORT1_IRQHandler                               
00001a7f  PORT2_IRQHandler                               
00001a7f  PORT3_IRQHandler                               
00001a7f  PORT4_IRQHandler                               
00001a7f  PORT5_IRQHandler                               
00001a7f  PORT6_IRQHandler                               
00001a7f  PSS_IRQHandler                                 
00001a7f  PendSV_Handler                                 
00001a7f  RTC_C_IRQHandler                               
00001a7f  SVC_Handler                                    
00001a7f  SysTick_Handler                                
00001a7f  T32_INT2_IRQHandler                            
00001a7f  T32_INTC_IRQHandler                            
00001a7f  TA0_0_IRQHandler                               
00001a7f  TA0_N_IRQHandler                               
00001a7f  TA1_0_IRQHandler                               
00001a7f  TA1_N_IRQHandler                               
00001a7f  TA2_0_IRQHandler                               
00001a7f  TA2_N_IRQHandler                               
00001a7f  TA3_0_IRQHandler                               
00001a7f  TA3_N_IRQHandler                               
00001a7f  UsageFault_Handler                             
00001a7f  WDT_A_IRQHandler                               
00001a81  acosf                                          
00001d99  Graphics_drawLine                              
0000206d  __aeabi_ddiv                                   
000021a3  _ZNSt9type_infoD1Ev                            
000021a3  _ZNSt9type_infoD2Ev                            
000021a5  _Z32Crystalfontz128x128_SetDrawFrametttt       
000022d9  _Z24Crystalfontz128x128_Initv                  
00002405  Graphics_fillRectangle                         
00002517  _nop                                           
00002519  ldexp                                          
00002519  ldexpl                                         
00002519  scalbn                                         
00002519  scalbnl                                        
00002629  __aeabi_dmul                                   
00002725  floor                                          
00002725  floorl                                         
0000281d  free                                           
00002905  _ZN8ADC_Task5setupEv                           
000029c5  SystemInit                                     
00002a81  _ZN9Scheduler3runEv                            
00002b3d  SPI_initMaster                                 
00002bed  _ZN8ADC_Task10m_GetAngleEt                     
00002c95  Graphics_drawLineH                             
00002d31  Graphics_drawLineV                             
00002e69  __aeabi_memcpy                                 
00002e69  __aeabi_memcpy4                                
00002e69  __aeabi_memcpy8                                
00002e69  memcpy                                         
00002f05  GPIO_setAsPeripheralModuleFunctionOutputPin    
00002f8d  __aeabi_cdcmpeq                                
00002f8d  __aeabi_cdcmple                                
00003013  __aeabi_cdrcmple                               
00003099  _ZN9Scheduler6attachEP4Tasky                   
00003119  __aeabi_memclr                                 
00003119  __aeabi_memclr4                                
00003119  __aeabi_memclr8                                
0000311b  __aeabi_memset                                 
0000311b  __aeabi_memset4                                
0000311b  __aeabi_memset8                                
00003121  memset                                         
00003195  main                                           
0000320d  __aeabi_d2f                                    
0000327b  _ZN7Mailbox13m_PostMessageE6st_Msg             
000032e7  __TI_decompress_lzss                           
00003475  __TI_auto_init_nobinit                         
000034d5  _ZN8ADC_Task3runEv                             
00003531  _Z34Crystalfontz128x128_SetOrientationh        
00003585  Graphics_initContext                           
000035d7  _ZN9Scheduler5setupEv                          
00003623  _ZN8ADC_Task18m_CreateAndPostMsgEv             
000036b5  __aeabi_d2iz                                   
000036fd  _Z5Setupv                                      
00003741  _ZN7Mailbox13m_ReadMessageEh                   
00003785  _ZN8LCD_Task5setupEv                           
000037c9  GPIO_setAsOutputPin                            
00003809  _Z15HAL_LCD_SpiInitv                           
000038c9  _ZN9SchedulerC1Ev                              
000038c9  _ZN9SchedulerC2Ev                              
00003905  _Z20HAL_LCD_writeCommandh                      
0000393d  __aeabi_f2d                                    
00003975  Graphics_drawHorizontalLineOnDisplay           
000039ab  Graphics_drawVerticalLineOnDisplay             
000039e1  T32_INT1_IRQHandler                            
000039e1  T32_INT1_IRQHandler                            
00003a15  _c_int00_noargs                                
00003a49  _Z16HAL_LCD_PortInitv                          
00003aa9  _ZN4TaskC1Ev                                   
00003aa9  _ZN4TaskC2Ev                                   
00003ad9  __aeabi_i2d                                    
00003b07  Graphics_drawPixelOnDisplay                    
00003b35  _Z17HAL_LCD_writeDatah                         
00003b8d  GPIO_setOutputHighOnPin                        
00003bb5  GPIO_setOutputLowOnPin                         
00003c2d  sqrtf                                          
00003c55  _ZN8ADC_TaskC1EP7Mailbox                       
00003c55  _ZN8ADC_TaskC2EP7Mailbox                       
00003c75  _ZN8LCD_TaskC1EP7Mailbox                       
00003c75  _ZN8LCD_TaskC2EP7Mailbox                       
00003c95  __aeabi_ui2d                                   
00003cb5  Graphics_fillRectangleOnDisplay                
00003cd5  ADC14_getResult                                
00003cf1  SPI_enableModule                               
00003d0d  _ZN7Mailbox14m_CheckMailboxEh                  
00003d45  Graphics_clearDisplayOnDisplay                 
00003d5f  Graphics_setBackgroundColor                    
00003d79  copysign                                       
00003d79  copysignl                                      
00003d93  _ZNSt3__25arrayINS0_I6st_MsgLj10EEELj255EEixEj 
00003dad  __sti___8_main_cpp_937618a8                    
00003dc5  EUSCI_A_SPI_enable                             
00003ddb  EUSCI_B_SPI_enable                             
00003df1  Graphics_setForegroundColor                    
00003e07  Graphics_translateColorOnDisplay               
00003e1d  _ZN4Task17SetTaskReceiverIdEh                  
00003e33  _ZNSt3__25arrayI6st_MsgLj10EEixEj              
00003e47  _ZNSt3__25arrayINS0_IsLj4EEELj2EEixEj          
00003e5b  _ZNSt3__25arrayIsLj4EEixEj                     
00003e6f  Graphics_clearDisplay                          
00003e81  _ZNSt3__25arrayIhLj255EEixEj                   
00003e93  _Z4acosf                                       
00003ea3  _ZN10__cxxabiv117__class_type_infoD0Ev         
00003eb1  _ZN10__cxxabiv120__si_class_type_infoD0Ev      
00003ebf  _ZN4Task17GetReceiverTaskIdEv                  
00003ecd  _ZN4Task9GetTaskIdEv                           
00003edb  __TI_decompress_none                           
00003ee9  Reset_Handler                                  
00003ef5  _ZN4Task3runEv                                 
00003f01  _ZN4Task5setupEv                               
00003f0d  _ZN7MailboxC1Ev                                
00003f0d  _ZN7MailboxC2Ev                                
00003f19  _ZN9Scheduler21CalculateNextScheduleEv         
00003f25  __TI_zero_init                                 
00003f3b  _ZdlPv                                         
00003f45  __aeabi_errno_addr                             
00003f4d  _ZN10__cxxabiv117__class_type_infoD1Ev         
00003f4d  _ZN10__cxxabiv117__class_type_infoD2Ev         
00003f51  _ZN10__cxxabiv120__si_class_type_infoD1Ev      
00003f51  _ZN10__cxxabiv120__si_class_type_infoD2Ev      
00003f55  _ZdlPvj                                        
00003f59  _system_pre_init                               
00003f5d  C$$EXIT                                        
00003f5d  _ZSt17__throw_bad_allocv                       
00003f5d  abort                                          
000041e8  _ZTSN10__cxxabiv120__si_class_type_infoE       
0000420d  _ZTSN10__cxxabiv117__class_type_infoE          
00004230  g_sCrystalfontz128x128_funcs                   
0000426c  _ZTV4Task                                      
0000427c  _ZTV8ADC_Task                                  
0000428c  _ZTV8LCD_Task                                  
0000429c  _ZTVN10__cxxabiv117__class_type_infoE          
000042ac  _ZTVN10__cxxabiv120__si_class_type_infoE       
000042bc  _ZTSSt9type_info                               
000042cc  _ZTI8ADC_Task                                  
000042d8  _ZTI8LCD_Task                                  
000042e4  _ZTIN10__cxxabiv117__class_type_infoE          
000042f0  _ZTIN10__cxxabiv120__si_class_type_infoE       
000042fc  _ZTS8ADC_Task                                  
00004306  _ZTS8LCD_Task                                  
00004328  _ZTI4Task                                      
00004330  _ZTISt9type_info                               
00004338  _ZTS4Task                                      
00004340  SHT$$INIT_ARRAY$$Base                          
00004344  SHT$$INIT_ARRAY$$Limit                         
0000435c  __TI_Handler_Table_Base                        
00004368  __TI_Handler_Table_Limit                       
00004370  __TI_CINIT_Base                                
00004380  __TI_CINIT_Limit                               
20000000  g_MainMailbox                                  
200050b4  Lcd_ScreenHeigth                               
200050b6  Lcd_ScreenWidth                                
200050b8  g_MainScheduler                                
20009088  Lcd_TouchTrim                                  
2000908a  Lcd_FlagRead                                   
2000908b  Lcd_FontSolid                                  
2000908c  Lcd_Orientation                                
2000908d  Lcd_PenSolid                                   
20009090  _sys_memory                                    
20009890  g_sCrystalfontz128x128                         
200098a8  _ZN4Task14m_u8NextTaskIDE                      
200098ac  _lock                                          
200098b0  _unlock                                        
200098bc  errno                                          
2000fe00  __stack                                        
20010000  __STACK_END                                    
4000480c  WDTCTL_SYM                                     
ffffffff  __TI_pprof_out_hndl                            
ffffffff  __TI_prof_data_size                            
ffffffff  __TI_prof_data_start                           
ffffffff  __binit__                                      
ffffffff  __c_args__                                     
ffffffff  binit                                          
UNDEFED   __mpu_init                                     
UNDEFED   _system_post_cinit                             

[235 symbols]
