<?xml version="1.0" encoding="ISO-8859-1" ?>
<link_info>
   <banner>TI ARM Linker Unix v18.12.1.LTS</banner>
   <copyright>Copyright (c) 1996-2018 Texas Instruments Incorporated</copyright>
   <link_time>0x5ceeef0a</link_time>
   <link_errors>0x0</link_errors>
   <output_file>Horizon.out</output_file>
   <entry_point>
      <name>_c_int00_noargs</name>
      <address>0x3a11</address>
   </entry_point>
   <input_file_list>
      <input_file id="fl-2">
         <path>./</path>
         <kind>object</kind>
         <file>ADC_Task.obj</file>
         <name>ADC_Task.obj</name>
      </input_file>
      <input_file id="fl-3">
         <path>./</path>
         <kind>object</kind>
         <file>LCD_Task.obj</file>
         <name>LCD_Task.obj</name>
      </input_file>
      <input_file id="fl-4">
         <path>./</path>
         <kind>object</kind>
         <file>LED.obj</file>
         <name>LED.obj</name>
      </input_file>
      <input_file id="fl-5">
         <path>./</path>
         <kind>object</kind>
         <file>Mailbox.obj</file>
         <name>Mailbox.obj</name>
      </input_file>
      <input_file id="fl-6">
         <path>./</path>
         <kind>object</kind>
         <file>Scheduler.obj</file>
         <name>Scheduler.obj</name>
      </input_file>
      <input_file id="fl-7">
         <path>./</path>
         <kind>object</kind>
         <file>Task.obj</file>
         <name>Task.obj</name>
      </input_file>
      <input_file id="fl-8">
         <path>./</path>
         <kind>object</kind>
         <file>main.obj</file>
         <name>main.obj</name>
      </input_file>
      <input_file id="fl-9">
         <path>./</path>
         <kind>object</kind>
         <file>system_msp432p401r.obj</file>
         <name>system_msp432p401r.obj</name>
      </input_file>
      <input_file id="fl-a">
         <path>./LcdDriver/</path>
         <kind>object</kind>
         <file>Crystalfontz128x128_ST7735.obj</file>
         <name>Crystalfontz128x128_ST7735.obj</name>
      </input_file>
      <input_file id="fl-b">
         <path>./LcdDriver/</path>
         <kind>object</kind>
         <file>HAL_MSP_EXP432P401R_Crystalfontz128x128_ST7735.obj</file>
         <name>HAL_MSP_EXP432P401R_Crystalfontz128x128_ST7735.obj</name>
      </input_file>
      <input_file id="fl-c">
         <path>./ccs/</path>
         <kind>object</kind>
         <file>startup_msp432p401r_ccs.obj</file>
         <name>startup_msp432p401r_ccs.obj</name>
      </input_file>
      <input_file id="fl-17">
         <kind>object</kind>
         <file>&lt;internal&gt;</file>
         <name>&lt;internal&gt;</name>
      </input_file>
      <input_file id="fl-18">
         <path>/home/carlos/ti/simplelink_msp432p4_sdk_2_40_00_10/source/ti/grlib/lib/ccs/m4f/</path>
         <kind>archive</kind>
         <file>grlib.a</file>
         <name>context.obj</name>
      </input_file>
      <input_file id="fl-19">
         <path>/home/carlos/ti/simplelink_msp432p4_sdk_2_40_00_10/source/ti/grlib/lib/ccs/m4f/</path>
         <kind>archive</kind>
         <file>grlib.a</file>
         <name>display.obj</name>
      </input_file>
      <input_file id="fl-1a">
         <path>/home/carlos/ti/simplelink_msp432p4_sdk_2_40_00_10/source/ti/grlib/lib/ccs/m4f/</path>
         <kind>archive</kind>
         <file>grlib.a</file>
         <name>fontfixed6x8.obj</name>
      </input_file>
      <input_file id="fl-1b">
         <path>/home/carlos/ti/simplelink_msp432p4_sdk_2_40_00_10/source/ti/grlib/lib/ccs/m4f/</path>
         <kind>archive</kind>
         <file>grlib.a</file>
         <name>line.obj</name>
      </input_file>
      <input_file id="fl-1c">
         <path>/home/carlos/ti/simplelink_msp432p4_sdk_2_40_00_10/source/ti/grlib/lib/ccs/m4f/</path>
         <kind>archive</kind>
         <file>grlib.a</file>
         <name>rectangle.obj</name>
      </input_file>
      <input_file id="fl-1d">
         <path>/home/carlos/ti/simplelink_msp432p4_sdk_2_40_00_10/source/ti/devices/msp432p4xx/driverlib/ccs/</path>
         <kind>archive</kind>
         <file>msp432p4xx_driverlib.lib</file>
         <name>adc14.o</name>
      </input_file>
      <input_file id="fl-1e">
         <path>/home/carlos/ti/simplelink_msp432p4_sdk_2_40_00_10/source/ti/devices/msp432p4xx/driverlib/ccs/</path>
         <kind>archive</kind>
         <file>msp432p4xx_driverlib.lib</file>
         <name>gpio.o</name>
      </input_file>
      <input_file id="fl-1f">
         <path>/home/carlos/ti/simplelink_msp432p4_sdk_2_40_00_10/source/ti/devices/msp432p4xx/driverlib/ccs/</path>
         <kind>archive</kind>
         <file>msp432p4xx_driverlib.lib</file>
         <name>interrupt.o</name>
      </input_file>
      <input_file id="fl-20">
         <path>/home/carlos/ti/simplelink_msp432p4_sdk_2_40_00_10/source/ti/devices/msp432p4xx/driverlib/ccs/</path>
         <kind>archive</kind>
         <file>msp432p4xx_driverlib.lib</file>
         <name>spi.o</name>
      </input_file>
      <input_file id="fl-21">
         <path>/home/carlos/ti/simplelink_msp432p4_sdk_2_40_00_10/source/ti/devices/msp432p4xx/driverlib/ccs/</path>
         <kind>archive</kind>
         <file>msp432p4xx_driverlib.lib</file>
         <name>cpu.o</name>
      </input_file>
      <input_file id="fl-d7">
         <path>/home/carlos/ti/ccs901/ccs/tools/compiler/ti-cgt-arm_18.12.1.LTS/lib/</path>
         <kind>archive</kind>
         <file>rtsv7M4_T_le_v4SPD16_eabi.lib</file>
         <name>typeinfo.c.obj</name>
      </input_file>
      <input_file id="fl-d8">
         <path>/home/carlos/ti/ccs901/ccs/tools/compiler/ti-cgt-arm_18.12.1.LTS/lib/</path>
         <kind>archive</kind>
         <file>rtsv7M4_T_le_v4SPD16_eabi.lib</file>
         <name>new.cpp.obj</name>
      </input_file>
      <input_file id="fl-d9">
         <path>/home/carlos/ti/ccs901/ccs/tools/compiler/ti-cgt-arm_18.12.1.LTS/lib/</path>
         <kind>archive</kind>
         <file>rtsv7M4_T_le_v4SPD16_eabi.lib</file>
         <name>s_tan.c.obj</name>
      </input_file>
      <input_file id="fl-da">
         <path>/home/carlos/ti/ccs901/ccs/tools/compiler/ti-cgt-arm_18.12.1.LTS/lib/</path>
         <kind>archive</kind>
         <file>rtsv7M4_T_le_v4SPD16_eabi.lib</file>
         <name>e_acosf.c.obj</name>
      </input_file>
      <input_file id="fl-db">
         <path>/home/carlos/ti/ccs901/ccs/tools/compiler/ti-cgt-arm_18.12.1.LTS/lib/</path>
         <kind>archive</kind>
         <file>rtsv7M4_T_le_v4SPD16_eabi.lib</file>
         <name>e_sqrtf.c.obj</name>
      </input_file>
      <input_file id="fl-dc">
         <path>/home/carlos/ti/ccs901/ccs/tools/compiler/ti-cgt-arm_18.12.1.LTS/lib/</path>
         <kind>archive</kind>
         <file>rtsv7M4_T_le_v4SPD16_eabi.lib</file>
         <name>stdlib_typeinfo.cpp.obj</name>
      </input_file>
      <input_file id="fl-dd">
         <path>/home/carlos/ti/ccs901/ccs/tools/compiler/ti-cgt-arm_18.12.1.LTS/lib/</path>
         <kind>archive</kind>
         <file>rtsv7M4_T_le_v4SPD16_eabi.lib</file>
         <name>fd_add_t2.asm.obj</name>
      </input_file>
      <input_file id="fl-de">
         <path>/home/carlos/ti/ccs901/ccs/tools/compiler/ti-cgt-arm_18.12.1.LTS/lib/</path>
         <kind>archive</kind>
         <file>rtsv7M4_T_le_v4SPD16_eabi.lib</file>
         <name>fd_cmp_t2.asm.obj</name>
      </input_file>
      <input_file id="fl-df">
         <path>/home/carlos/ti/ccs901/ccs/tools/compiler/ti-cgt-arm_18.12.1.LTS/lib/</path>
         <kind>archive</kind>
         <file>rtsv7M4_T_le_v4SPD16_eabi.lib</file>
         <name>fd_div_t2.asm.obj</name>
      </input_file>
      <input_file id="fl-e0">
         <path>/home/carlos/ti/ccs901/ccs/tools/compiler/ti-cgt-arm_18.12.1.LTS/lib/</path>
         <kind>archive</kind>
         <file>rtsv7M4_T_le_v4SPD16_eabi.lib</file>
         <name>fd_mul_t2.asm.obj</name>
      </input_file>
      <input_file id="fl-e1">
         <path>/home/carlos/ti/ccs901/ccs/tools/compiler/ti-cgt-arm_18.12.1.LTS/lib/</path>
         <kind>archive</kind>
         <file>rtsv7M4_T_le_v4SPD16_eabi.lib</file>
         <name>fd_toi_t2.asm.obj</name>
      </input_file>
      <input_file id="fl-e2">
         <path>/home/carlos/ti/ccs901/ccs/tools/compiler/ti-cgt-arm_18.12.1.LTS/lib/</path>
         <kind>archive</kind>
         <file>rtsv7M4_T_le_v4SPD16_eabi.lib</file>
         <name>fd_tos_t2.asm.obj</name>
      </input_file>
      <input_file id="fl-e3">
         <path>/home/carlos/ti/ccs901/ccs/tools/compiler/ti-cgt-arm_18.12.1.LTS/lib/</path>
         <kind>archive</kind>
         <file>rtsv7M4_T_le_v4SPD16_eabi.lib</file>
         <name>fs_tod_t2.asm.obj</name>
      </input_file>
      <input_file id="fl-e4">
         <path>/home/carlos/ti/ccs901/ccs/tools/compiler/ti-cgt-arm_18.12.1.LTS/lib/</path>
         <kind>archive</kind>
         <file>rtsv7M4_T_le_v4SPD16_eabi.lib</file>
         <name>i_tofd_t2.asm.obj</name>
      </input_file>
      <input_file id="fl-e5">
         <path>/home/carlos/ti/ccs901/ccs/tools/compiler/ti-cgt-arm_18.12.1.LTS/lib/</path>
         <kind>archive</kind>
         <file>rtsv7M4_T_le_v4SPD16_eabi.lib</file>
         <name>u_tofd_t2.asm.obj</name>
      </input_file>
      <input_file id="fl-e6">
         <path>/home/carlos/ti/ccs901/ccs/tools/compiler/ti-cgt-arm_18.12.1.LTS/lib/</path>
         <kind>archive</kind>
         <file>rtsv7M4_T_le_v4SPD16_eabi.lib</file>
         <name>copy_zero_init.c.obj</name>
      </input_file>
      <input_file id="fl-e7">
         <path>/home/carlos/ti/ccs901/ccs/tools/compiler/ti-cgt-arm_18.12.1.LTS/lib/</path>
         <kind>archive</kind>
         <file>rtsv7M4_T_le_v4SPD16_eabi.lib</file>
         <name>copy_decompress_none.c.obj</name>
      </input_file>
      <input_file id="fl-e8">
         <path>/home/carlos/ti/ccs901/ccs/tools/compiler/ti-cgt-arm_18.12.1.LTS/lib/</path>
         <kind>archive</kind>
         <file>rtsv7M4_T_le_v4SPD16_eabi.lib</file>
         <name>copy_decompress_lzss.c.obj</name>
      </input_file>
      <input_file id="fl-e9">
         <path>/home/carlos/ti/ccs901/ccs/tools/compiler/ti-cgt-arm_18.12.1.LTS/lib/</path>
         <kind>archive</kind>
         <file>rtsv7M4_T_le_v4SPD16_eabi.lib</file>
         <name>exit.c.obj</name>
      </input_file>
      <input_file id="fl-ea">
         <path>/home/carlos/ti/ccs901/ccs/tools/compiler/ti-cgt-arm_18.12.1.LTS/lib/</path>
         <kind>archive</kind>
         <file>rtsv7M4_T_le_v4SPD16_eabi.lib</file>
         <name>_lock.c.obj</name>
      </input_file>
      <input_file id="fl-eb">
         <path>/home/carlos/ti/ccs901/ccs/tools/compiler/ti-cgt-arm_18.12.1.LTS/lib/</path>
         <kind>archive</kind>
         <file>rtsv7M4_T_le_v4SPD16_eabi.lib</file>
         <name>memory.c.obj</name>
      </input_file>
      <input_file id="fl-ec">
         <path>/home/carlos/ti/ccs901/ccs/tools/compiler/ti-cgt-arm_18.12.1.LTS/lib/</path>
         <kind>archive</kind>
         <file>rtsv7M4_T_le_v4SPD16_eabi.lib</file>
         <name>errno.c.obj</name>
      </input_file>
      <input_file id="fl-ed">
         <path>/home/carlos/ti/ccs901/ccs/tools/compiler/ti-cgt-arm_18.12.1.LTS/lib/</path>
         <kind>archive</kind>
         <file>rtsv7M4_T_le_v4SPD16_eabi.lib</file>
         <name>boot_cortex_m.c.obj</name>
      </input_file>
      <input_file id="fl-ee">
         <path>/home/carlos/ti/ccs901/ccs/tools/compiler/ti-cgt-arm_18.12.1.LTS/lib/</path>
         <kind>archive</kind>
         <file>rtsv7M4_T_le_v4SPD16_eabi.lib</file>
         <name>k_rem_pio2.c.obj</name>
      </input_file>
      <input_file id="fl-ef">
         <path>/home/carlos/ti/ccs901/ccs/tools/compiler/ti-cgt-arm_18.12.1.LTS/lib/</path>
         <kind>archive</kind>
         <file>rtsv7M4_T_le_v4SPD16_eabi.lib</file>
         <name>k_tan.c.obj</name>
      </input_file>
      <input_file id="fl-f0">
         <path>/home/carlos/ti/ccs901/ccs/tools/compiler/ti-cgt-arm_18.12.1.LTS/lib/</path>
         <kind>archive</kind>
         <file>rtsv7M4_T_le_v4SPD16_eabi.lib</file>
         <name>s_floor.c.obj</name>
      </input_file>
      <input_file id="fl-f1">
         <path>/home/carlos/ti/ccs901/ccs/tools/compiler/ti-cgt-arm_18.12.1.LTS/lib/</path>
         <kind>archive</kind>
         <file>rtsv7M4_T_le_v4SPD16_eabi.lib</file>
         <name>s_scalbn.c.obj</name>
      </input_file>
      <input_file id="fl-f2">
         <path>/home/carlos/ti/ccs901/ccs/tools/compiler/ti-cgt-arm_18.12.1.LTS/lib/</path>
         <kind>archive</kind>
         <file>rtsv7M4_T_le_v4SPD16_eabi.lib</file>
         <name>s_copysign.c.obj</name>
      </input_file>
      <input_file id="fl-f3">
         <path>/home/carlos/ti/ccs901/ccs/tools/compiler/ti-cgt-arm_18.12.1.LTS/lib/</path>
         <kind>archive</kind>
         <file>rtsv7M4_T_le_v4SPD16_eabi.lib</file>
         <name>stdlib_exception.cpp.obj</name>
      </input_file>
      <input_file id="fl-f4">
         <path>/home/carlos/ti/ccs901/ccs/tools/compiler/ti-cgt-arm_18.12.1.LTS/lib/</path>
         <kind>archive</kind>
         <file>rtsv7M4_T_le_v4SPD16_eabi.lib</file>
         <name>memcpy_t2.asm.obj</name>
      </input_file>
      <input_file id="fl-f5">
         <path>/home/carlos/ti/ccs901/ccs/tools/compiler/ti-cgt-arm_18.12.1.LTS/lib/</path>
         <kind>archive</kind>
         <file>rtsv7M4_T_le_v4SPD16_eabi.lib</file>
         <name>memset_t2.asm.obj</name>
      </input_file>
      <input_file id="fl-f6">
         <path>/home/carlos/ti/ccs901/ccs/tools/compiler/ti-cgt-arm_18.12.1.LTS/lib/</path>
         <kind>archive</kind>
         <file>rtsv7M4_T_le_v4SPD16_eabi.lib</file>
         <name>autoinit.c.obj</name>
      </input_file>
      <input_file id="fl-f7">
         <path>/home/carlos/ti/ccs901/ccs/tools/compiler/ti-cgt-arm_18.12.1.LTS/lib/</path>
         <kind>archive</kind>
         <file>rtsv7M4_T_le_v4SPD16_eabi.lib</file>
         <name>pre_init.c.obj</name>
      </input_file>
      <input_file id="fl-f8">
         <path>/home/carlos/ti/ccs901/ccs/tools/compiler/ti-cgt-arm_18.12.1.LTS/lib/</path>
         <kind>archive</kind>
         <file>rtsv7M4_T_le_v4SPD16_eabi.lib</file>
         <name>cpy_tbl.c.obj</name>
      </input_file>
      <input_file id="fl-f9">
         <path>/home/carlos/ti/ccs901/ccs/tools/compiler/ti-cgt-arm_18.12.1.LTS/lib/</path>
         <kind>archive</kind>
         <file>rtsv7M4_T_le_v4SPD16_eabi.lib</file>
         <name>args_main.c.obj</name>
      </input_file>
   </input_file_list>
   <object_component_list>
      <object_component id="oc-24">
         <name>.intvecs:retain</name>
         <load_address>0x0</load_address>
         <run_address>0x0</run_address>
         <size>0xe4</size>
         <input_file_ref idref="fl-c"/>
      </object_component>
      <object_component id="oc-570">
         <name>.text:__kernel_rem_pio2</name>
         <load_address>0xe4</load_address>
         <run_address>0xe4</run_address>
         <size>0x738</size>
         <input_file_ref idref="fl-ee"/>
      </object_component>
      <object_component id="oc-45f">
         <name>.text:tan</name>
         <load_address>0x81c</load_address>
         <run_address>0x81c</run_address>
         <size>0x508</size>
         <input_file_ref idref="fl-d9"/>
      </object_component>
      <object_component id="oc-390">
         <name>.text:_ZN8LCD_Task30m_GetHorizonBorderIntersectionEss</name>
         <load_address>0xd24</load_address>
         <run_address>0xd24</run_address>
         <size>0x3a4</size>
         <input_file_ref idref="fl-3"/>
      </object_component>
      <object_component id="oc-576">
         <name>.text:__kernel_tan</name>
         <load_address>0x10c8</load_address>
         <run_address>0x10c8</run_address>
         <size>0x318</size>
         <input_file_ref idref="fl-ef"/>
      </object_component>
      <object_component id="oc-2e5">
         <name>.text:_ZN8LCD_Task3runEv</name>
         <load_address>0x13e0</load_address>
         <run_address>0x13e0</run_address>
         <size>0x310</size>
         <input_file_ref idref="fl-3"/>
      </object_component>
      <object_component id="oc-4e5">
         <name>.text:_ZN52_INTERNAL_30_Crystalfontz128x128_ST7735_cpp_acdafc1437Crystalfontz128x128_PixelDrawMultipleEPK16Graphics_DisplaysssssPKhPKj</name>
         <load_address>0x16f0</load_address>
         <run_address>0x16f0</run_address>
         <size>0x1d8</size>
         <input_file_ref idref="fl-a"/>
      </object_component>
      <object_component id="oc-3a0">
         <name>.text</name>
         <load_address>0x18c8</load_address>
         <run_address>0x18c8</run_address>
         <size>0x1b6</size>
         <input_file_ref idref="fl-dd"/>
      </object_component>
      <object_component id="oc-74">
         <name>.text:Default_Handler</name>
         <load_address>0x1a7e</load_address>
         <run_address>0x1a7e</run_address>
         <size>0x2</size>
         <input_file_ref idref="fl-c"/>
      </object_component>
      <object_component id="oc-66d">
         <name>.text:acosf</name>
         <load_address>0x1a80</load_address>
         <run_address>0x1a80</run_address>
         <size>0x198</size>
         <input_file_ref idref="fl-da"/>
      </object_component>
      <object_component id="oc-48b">
         <name>.text:Graphics_clipLine</name>
         <load_address>0x1c18</load_address>
         <run_address>0x1c18</run_address>
         <size>0x180</size>
         <input_file_ref idref="fl-1b"/>
      </object_component>
      <object_component id="oc-3bd">
         <name>.text:Graphics_drawLine</name>
         <load_address>0x1d98</load_address>
         <run_address>0x1d98</run_address>
         <size>0x174</size>
         <input_file_ref idref="fl-1b"/>
      </object_component>
      <object_component id="oc-517">
         <name>.text:_getIndexForMemRegister</name>
         <load_address>0x1f0c</load_address>
         <run_address>0x1f0c</run_address>
         <size>0x160</size>
         <input_file_ref idref="fl-1d"/>
      </object_component>
      <object_component id="oc-45a">
         <name>.text</name>
         <load_address>0x206c</load_address>
         <run_address>0x206c</run_address>
         <size>0x136</size>
         <input_file_ref idref="fl-df"/>
      </object_component>
      <object_component id="oc-601">
         <name>.text:_ZNSt9type_infoD1Ev</name>
         <load_address>0x21a2</load_address>
         <run_address>0x21a2</run_address>
         <size>0x2</size>
         <input_file_ref idref="fl-dc"/>
      </object_component>
      <object_component id="oc-4c1">
         <name>.text:_Z32Crystalfontz128x128_SetDrawFrametttt</name>
         <load_address>0x21a4</load_address>
         <run_address>0x21a4</run_address>
         <size>0x134</size>
         <input_file_ref idref="fl-a"/>
      </object_component>
      <object_component id="oc-3ca">
         <name>.text:_Z24Crystalfontz128x128_Initv</name>
         <load_address>0x22d8</load_address>
         <run_address>0x22d8</run_address>
         <size>0x12c</size>
         <input_file_ref idref="fl-a"/>
      </object_component>
      <object_component id="oc-3b7">
         <name>.text:Graphics_fillRectangle</name>
         <load_address>0x2404</load_address>
         <run_address>0x2404</run_address>
         <size>0x112</size>
         <input_file_ref idref="fl-1c"/>
      </object_component>
      <object_component id="oc-33f">
         <name>.text:_nop</name>
         <load_address>0x2516</load_address>
         <run_address>0x2516</run_address>
         <size>0x2</size>
         <input_file_ref idref="fl-ea"/>
      </object_component>
      <object_component id="oc-613">
         <name>.text:scalbn</name>
         <load_address>0x2518</load_address>
         <run_address>0x2518</run_address>
         <size>0x110</size>
         <input_file_ref idref="fl-f1"/>
      </object_component>
      <object_component id="oc-39b">
         <name>.text</name>
         <load_address>0x2628</load_address>
         <run_address>0x2628</run_address>
         <size>0xfc</size>
         <input_file_ref idref="fl-e0"/>
      </object_component>
      <object_component id="oc-619">
         <name>.text:floor</name>
         <load_address>0x2724</load_address>
         <run_address>0x2724</run_address>
         <size>0xf8</size>
         <input_file_ref idref="fl-f0"/>
      </object_component>
      <object_component id="oc-67c">
         <name>.text:free</name>
         <load_address>0x281c</load_address>
         <run_address>0x281c</run_address>
         <size>0xe8</size>
         <input_file_ref idref="fl-eb"/>
      </object_component>
      <object_component id="oc-326">
         <name>.text:_ZN8ADC_Task5setupEv</name>
         <load_address>0x2904</load_address>
         <run_address>0x2904</run_address>
         <size>0xc0</size>
         <input_file_ref idref="fl-2"/>
      </object_component>
      <object_component id="oc-cf">
         <name>.text:SystemInit</name>
         <load_address>0x29c4</load_address>
         <run_address>0x29c4</run_address>
         <size>0xbc</size>
         <input_file_ref idref="fl-9"/>
      </object_component>
      <object_component id="oc-128">
         <name>.text:_ZN9Scheduler3runEv</name>
         <load_address>0x2a80</load_address>
         <run_address>0x2a80</run_address>
         <size>0xbc</size>
         <input_file_ref idref="fl-6"/>
      </object_component>
      <object_component id="oc-5b5">
         <name>.text:SPI_initMaster</name>
         <load_address>0x2b3c</load_address>
         <run_address>0x2b3c</run_address>
         <size>0xb0</size>
         <input_file_ref idref="fl-20"/>
      </object_component>
      <object_component id="oc-526">
         <name>.text:_ZN8ADC_Task10m_GetAngleEt</name>
         <load_address>0x2bec</load_address>
         <run_address>0x2bec</run_address>
         <size>0xa8</size>
         <input_file_ref idref="fl-2"/>
      </object_component>
      <object_component id="oc-485">
         <name>.text:Graphics_drawLineH</name>
         <load_address>0x2c94</load_address>
         <run_address>0x2c94</run_address>
         <size>0x9c</size>
         <input_file_ref idref="fl-1b"/>
      </object_component>
      <object_component id="oc-47f">
         <name>.text:Graphics_drawLineV</name>
         <load_address>0x2d30</load_address>
         <run_address>0x2d30</run_address>
         <size>0x9c</size>
         <input_file_ref idref="fl-1b"/>
      </object_component>
      <object_component id="oc-4f7">
         <name>.text:_ZN52_INTERNAL_30_Crystalfontz128x128_ST7735_cpp_acdafc1428Crystalfontz128x128_RectFillEPK16Graphics_DisplayPK18Graphics_Rectanglet</name>
         <load_address>0x2dcc</load_address>
         <run_address>0x2dcc</run_address>
         <size>0x9c</size>
         <input_file_ref idref="fl-a"/>
      </object_component>
      <object_component id="oc-38">
         <name>.text</name>
         <load_address>0x2e68</load_address>
         <run_address>0x2e68</run_address>
         <size>0x9c</size>
         <input_file_ref idref="fl-f4"/>
      </object_component>
      <object_component id="oc-5a8">
         <name>.text:GPIO_setAsPeripheralModuleFunctionOutputPin</name>
         <load_address>0x2f04</load_address>
         <run_address>0x2f04</run_address>
         <size>0x88</size>
         <input_file_ref idref="fl-1e"/>
      </object_component>
      <object_component id="oc-56b">
         <name>.text:__aeabi_cdcmple</name>
         <load_address>0x2f8c</load_address>
         <run_address>0x2f8c</run_address>
         <size>0x86</size>
         <input_file_ref idref="fl-de"/>
      </object_component>
      <object_component id="oc-61f">
         <name>.text:__aeabi_cdrcmple</name>
         <load_address>0x3012</load_address>
         <run_address>0x3012</run_address>
         <size>0x86</size>
         <input_file_ref idref="fl-de"/>
      </object_component>
      <object_component id="oc-11c">
         <name>.text:_ZN9Scheduler6attachEP4Tasky</name>
         <load_address>0x3098</load_address>
         <run_address>0x3098</run_address>
         <size>0x80</size>
         <input_file_ref idref="fl-6"/>
      </object_component>
      <object_component id="oc-9e">
         <name>.text</name>
         <load_address>0x3118</load_address>
         <run_address>0x3118</run_address>
         <size>0x7a</size>
         <input_file_ref idref="fl-f5"/>
      </object_component>
      <object_component id="oc-aa">
         <name>.text:main</name>
         <load_address>0x3194</load_address>
         <run_address>0x3194</run_address>
         <size>0x78</size>
         <input_file_ref idref="fl-8"/>
      </object_component>
      <object_component id="oc-5e3">
         <name>.text</name>
         <load_address>0x320c</load_address>
         <run_address>0x320c</run_address>
         <size>0x6e</size>
         <input_file_ref idref="fl-e2"/>
      </object_component>
      <object_component id="oc-14">
         <name>.text:decompress:lzss:__TI_decompress_lzss</name>
         <load_address>0x327a</load_address>
         <run_address>0x327a</run_address>
         <size>0x68</size>
         <input_file_ref idref="fl-e8"/>
      </object_component>
      <object_component id="oc-59e">
         <name>.text:Graphics_getClipCode</name>
         <load_address>0x32e2</load_address>
         <run_address>0x32e2</run_address>
         <size>0x64</size>
         <input_file_ref idref="fl-1b"/>
      </object_component>
      <object_component id="oc-4eb">
         <name>.text:_ZN52_INTERNAL_30_Crystalfontz128x128_ST7735_cpp_acdafc1429Crystalfontz128x128_LineDrawHEPK16Graphics_Displayssst</name>
         <load_address>0x3346</load_address>
         <run_address>0x3346</run_address>
         <size>0x60</size>
         <input_file_ref idref="fl-a"/>
      </object_component>
      <object_component id="oc-4f1">
         <name>.text:_ZN52_INTERNAL_30_Crystalfontz128x128_ST7735_cpp_acdafc1429Crystalfontz128x128_LineDrawVEPK16Graphics_Displayssst</name>
         <load_address>0x33a6</load_address>
         <run_address>0x33a6</run_address>
         <size>0x60</size>
         <input_file_ref idref="fl-a"/>
      </object_component>
      <object_component id="oc-14b">
         <name>.text:__TI_auto_init_nobinit:__TI_auto_init_nobinit</name>
         <load_address>0x3408</load_address>
         <run_address>0x3408</run_address>
         <size>0x60</size>
         <input_file_ref idref="fl-f6"/>
      </object_component>
      <object_component id="oc-320">
         <name>.text:_ZN8ADC_Task3runEv</name>
         <load_address>0x3468</load_address>
         <run_address>0x3468</run_address>
         <size>0x5c</size>
         <input_file_ref idref="fl-2"/>
      </object_component>
      <object_component id="oc-532">
         <name>.text:_ZN7Mailbox13m_PostMessageE6st_Msg</name>
         <load_address>0x34c4</load_address>
         <run_address>0x34c4</run_address>
         <size>0x58</size>
         <input_file_ref idref="fl-5"/>
      </object_component>
      <object_component id="oc-3d0">
         <name>.text:_Z34Crystalfontz128x128_SetOrientationh</name>
         <load_address>0x351c</load_address>
         <run_address>0x351c</run_address>
         <size>0x54</size>
         <input_file_ref idref="fl-a"/>
      </object_component>
      <object_component id="oc-2eb">
         <name>.text:_ZN8LCD_Task5setupEv</name>
         <load_address>0x3570</load_address>
         <run_address>0x3570</run_address>
         <size>0x54</size>
         <input_file_ref idref="fl-3"/>
      </object_component>
      <object_component id="oc-3d6">
         <name>.text:Graphics_initContext</name>
         <load_address>0x35c4</load_address>
         <run_address>0x35c4</run_address>
         <size>0x52</size>
         <input_file_ref idref="fl-18"/>
      </object_component>
      <object_component id="oc-122">
         <name>.text:_ZN9Scheduler5setupEv</name>
         <load_address>0x3616</load_address>
         <run_address>0x3616</run_address>
         <size>0x4c</size>
         <input_file_ref idref="fl-6"/>
      </object_component>
      <object_component id="oc-408">
         <name>.text:_ZN8ADC_Task18m_CreateAndPostMsgEv</name>
         <load_address>0x3662</load_address>
         <run_address>0x3662</run_address>
         <size>0x4a</size>
         <input_file_ref idref="fl-2"/>
      </object_component>
      <object_component id="oc-1c5">
         <name>.text:_ZN29_INTERNAL_8_main_cpp_937618a818__NVIC_SetPriorityE4IRQnj</name>
         <load_address>0x36ac</load_address>
         <run_address>0x36ac</run_address>
         <size>0x48</size>
         <input_file_ref idref="fl-8"/>
      </object_component>
      <object_component id="oc-3a5">
         <name>.text</name>
         <load_address>0x36f4</load_address>
         <run_address>0x36f4</run_address>
         <size>0x48</size>
         <input_file_ref idref="fl-e1"/>
      </object_component>
      <object_component id="oc-116">
         <name>.text:_Z5Setupv</name>
         <load_address>0x373c</load_address>
         <run_address>0x373c</run_address>
         <size>0x44</size>
         <input_file_ref idref="fl-8"/>
      </object_component>
      <object_component id="oc-383">
         <name>.text:_ZN7Mailbox13m_ReadMessageEh</name>
         <load_address>0x3780</load_address>
         <run_address>0x3780</run_address>
         <size>0x44</size>
         <input_file_ref idref="fl-5"/>
      </object_component>
      <object_component id="oc-5ae">
         <name>.text:GPIO_setAsOutputPin</name>
         <load_address>0x37c4</load_address>
         <run_address>0x37c4</run_address>
         <size>0x40</size>
         <input_file_ref idref="fl-1e"/>
      </object_component>
      <object_component id="oc-4a3">
         <name>.text:_Z15HAL_LCD_SpiInitv</name>
         <load_address>0x3804</load_address>
         <run_address>0x3804</run_address>
         <size>0x40</size>
         <input_file_ref idref="fl-b"/>
      </object_component>
      <object_component id="oc-4df">
         <name>.text:_ZN52_INTERNAL_30_Crystalfontz128x128_ST7735_cpp_acdafc1429Crystalfontz128x128_PixelDrawEPK16Graphics_Displaysst</name>
         <load_address>0x3844</load_address>
         <run_address>0x3844</run_address>
         <size>0x40</size>
         <input_file_ref idref="fl-a"/>
      </object_component>
      <object_component id="oc-647">
         <name>.text:is_A_Module</name>
         <load_address>0x3884</load_address>
         <run_address>0x3884</run_address>
         <size>0x40</size>
         <input_file_ref idref="fl-20"/>
      </object_component>
      <object_component id="oc-c2">
         <name>.text:_ZN9SchedulerC1Ev</name>
         <load_address>0x38c4</load_address>
         <run_address>0x38c4</run_address>
         <size>0x3a</size>
         <input_file_ref idref="fl-6"/>
      </object_component>
      <object_component id="oc-4b5">
         <name>.text:_Z20HAL_LCD_writeCommandh</name>
         <load_address>0x3900</load_address>
         <run_address>0x3900</run_address>
         <size>0x38</size>
         <input_file_ref idref="fl-b"/>
      </object_component>
      <object_component id="oc-5ef">
         <name>.text</name>
         <load_address>0x3938</load_address>
         <run_address>0x3938</run_address>
         <size>0x38</size>
         <input_file_ref idref="fl-e3"/>
      </object_component>
      <object_component id="oc-597">
         <name>.text:Graphics_drawHorizontalLineOnDisplay</name>
         <load_address>0x3970</load_address>
         <run_address>0x3970</run_address>
         <size>0x36</size>
         <input_file_ref idref="fl-19"/>
      </object_component>
      <object_component id="oc-590">
         <name>.text:Graphics_drawVerticalLineOnDisplay</name>
         <load_address>0x39a6</load_address>
         <run_address>0x39a6</run_address>
         <size>0x36</size>
         <input_file_ref idref="fl-19"/>
      </object_component>
      <object_component id="oc-7a">
         <name>.text:T32_INT1_IRQHandler</name>
         <load_address>0x39dc</load_address>
         <run_address>0x39dc</run_address>
         <size>0x34</size>
         <input_file_ref idref="fl-8"/>
      </object_component>
      <object_component id="oc-56">
         <name>.text:_c_int00_noargs:_c_int00_noargs</name>
         <load_address>0x3a10</load_address>
         <run_address>0x3a10</run_address>
         <size>0x34</size>
         <input_file_ref idref="fl-ed"/>
      </object_component>
      <object_component id="oc-49d">
         <name>.text:_Z16HAL_LCD_PortInitv</name>
         <load_address>0x3a44</load_address>
         <run_address>0x3a44</run_address>
         <size>0x30</size>
         <input_file_ref idref="fl-b"/>
      </object_component>
      <object_component id="oc-1cb">
         <name>.text:_ZN29_INTERNAL_8_main_cpp_937618a816__NVIC_EnableIRQE4IRQn</name>
         <load_address>0x3a74</load_address>
         <run_address>0x3a74</run_address>
         <size>0x30</size>
         <input_file_ref idref="fl-8"/>
      </object_component>
      <object_component id="oc-1a5">
         <name>.text:_ZN4TaskC1Ev</name>
         <load_address>0x3aa4</load_address>
         <run_address>0x3aa4</run_address>
         <size>0x30</size>
         <input_file_ref idref="fl-7"/>
      </object_component>
      <object_component id="oc-396">
         <name>.text</name>
         <load_address>0x3ad4</load_address>
         <run_address>0x3ad4</run_address>
         <size>0x2e</size>
         <input_file_ref idref="fl-e4"/>
      </object_component>
      <object_component id="oc-491">
         <name>.text:Graphics_drawPixelOnDisplay</name>
         <load_address>0x3b02</load_address>
         <run_address>0x3b02</run_address>
         <size>0x2c</size>
         <input_file_ref idref="fl-19"/>
      </object_component>
      <object_component id="oc-4bb">
         <name>.text:_Z17HAL_LCD_writeDatah</name>
         <load_address>0x3b30</load_address>
         <run_address>0x3b30</run_address>
         <size>0x2c</size>
         <input_file_ref idref="fl-b"/>
      </object_component>
      <object_component id="oc-509">
         <name>.text:_ZN52_INTERNAL_30_Crystalfontz128x128_ST7735_cpp_acdafc1431Crystalfontz128x128_ClearScreenEPK16Graphics_Displayt</name>
         <load_address>0x3b5c</load_address>
         <run_address>0x3b5c</run_address>
         <size>0x2c</size>
         <input_file_ref idref="fl-a"/>
      </object_component>
      <object_component id="oc-4af">
         <name>.text:GPIO_setOutputHighOnPin</name>
         <load_address>0x3b88</load_address>
         <run_address>0x3b88</run_address>
         <size>0x28</size>
         <input_file_ref idref="fl-1e"/>
      </object_component>
      <object_component id="oc-4a9">
         <name>.text:GPIO_setOutputLowOnPin</name>
         <load_address>0x3bb0</load_address>
         <run_address>0x3bb0</run_address>
         <size>0x28</size>
         <input_file_ref idref="fl-1e"/>
      </object_component>
      <object_component id="oc-4fd">
         <name>.text:_ZN52_INTERNAL_30_Crystalfontz128x128_ST7735_cpp_acdafc1434Crystalfontz128x128_ColorTranslateEPK16Graphics_Displayj</name>
         <load_address>0x3bd8</load_address>
         <run_address>0x3bd8</run_address>
         <size>0x28</size>
         <input_file_ref idref="fl-a"/>
      </object_component>
      <object_component id="oc-6ce">
         <name>.text:free_list_insert</name>
         <load_address>0x3c00</load_address>
         <run_address>0x3c00</run_address>
         <size>0x28</size>
         <input_file_ref idref="fl-eb"/>
      </object_component>
      <object_component id="oc-6b4">
         <name>.text:sqrtf</name>
         <load_address>0x3c28</load_address>
         <run_address>0x3c28</run_address>
         <size>0x28</size>
         <input_file_ref idref="fl-db"/>
      </object_component>
      <object_component id="oc-104">
         <name>.text:_ZN8ADC_TaskC1EP7Mailbox</name>
         <load_address>0x3c50</load_address>
         <run_address>0x3c50</run_address>
         <size>0x20</size>
         <input_file_ref idref="fl-2"/>
      </object_component>
      <object_component id="oc-fe">
         <name>.text:_ZN8LCD_TaskC1EP7Mailbox</name>
         <load_address>0x3c70</load_address>
         <run_address>0x3c70</run_address>
         <size>0x20</size>
         <input_file_ref idref="fl-3"/>
      </object_component>
      <object_component id="oc-455">
         <name>.text</name>
         <load_address>0x3c90</load_address>
         <run_address>0x3c90</run_address>
         <size>0x20</size>
         <input_file_ref idref="fl-e5"/>
      </object_component>
      <object_component id="oc-472">
         <name>.text:Graphics_fillRectangleOnDisplay</name>
         <load_address>0x3cb0</load_address>
         <run_address>0x3cb0</run_address>
         <size>0x1e</size>
         <input_file_ref idref="fl-19"/>
      </object_component>
      <object_component id="oc-402">
         <name>.text:ADC14_getResult</name>
         <load_address>0x3cd0</load_address>
         <run_address>0x3cd0</run_address>
         <size>0x1c</size>
         <input_file_ref idref="fl-1d"/>
      </object_component>
      <object_component id="oc-5bb">
         <name>.text:SPI_enableModule</name>
         <load_address>0x3cec</load_address>
         <run_address>0x3cec</run_address>
         <size>0x1c</size>
         <input_file_ref idref="fl-20"/>
      </object_component>
      <object_component id="oc-37d">
         <name>.text:_ZN7Mailbox14m_CheckMailboxEh</name>
         <load_address>0x3d08</load_address>
         <run_address>0x3d08</run_address>
         <size>0x1c</size>
         <input_file_ref idref="fl-5"/>
      </object_component>
      <object_component id="oc-6c8">
         <name>.text:free_list_remove</name>
         <load_address>0x3d24</load_address>
         <run_address>0x3d24</run_address>
         <size>0x1c</size>
         <input_file_ref idref="fl-eb"/>
      </object_component>
      <object_component id="oc-4d6">
         <name>.text:Graphics_clearDisplayOnDisplay</name>
         <load_address>0x3d40</load_address>
         <run_address>0x3d40</run_address>
         <size>0x1a</size>
         <input_file_ref idref="fl-19"/>
      </object_component>
      <object_component id="oc-3dc">
         <name>.text:Graphics_setBackgroundColor</name>
         <load_address>0x3d5a</load_address>
         <run_address>0x3d5a</run_address>
         <size>0x1a</size>
         <input_file_ref idref="fl-18"/>
      </object_component>
      <object_component id="oc-3e2">
         <name>.text:Graphics_setFont</name>
         <load_address>0x3d74</load_address>
         <run_address>0x3d74</run_address>
         <size>0x1a</size>
         <input_file_ref idref="fl-18"/>
      </object_component>
      <object_component id="oc-68a">
         <name>.text:copysign</name>
         <load_address>0x3d8e</load_address>
         <run_address>0x3d8e</run_address>
         <size>0x1a</size>
         <input_file_ref idref="fl-f2"/>
      </object_component>
      <object_component id="oc-446">
         <name>.text:_ZNSt3__25arrayINS0_I6st_MsgLj10EEELj255EEixEj</name>
         <load_address>0x3da8</load_address>
         <run_address>0x3da8</run_address>
         <size>0x18</size>
         <input_file_ref idref="fl-5"/>
      </object_component>
      <object_component id="oc-68">
         <name>.text:__sti___8_main_cpp_937618a8</name>
         <load_address>0x3dc0</load_address>
         <run_address>0x3dc0</run_address>
         <size>0x18</size>
         <input_file_ref idref="fl-8"/>
      </object_component>
      <object_component id="oc-64f">
         <name>.text:EUSCI_A_SPI_enable</name>
         <load_address>0x3dd8</load_address>
         <run_address>0x3dd8</run_address>
         <size>0x16</size>
         <input_file_ref idref="fl-20"/>
      </object_component>
      <object_component id="oc-655">
         <name>.text:EUSCI_B_SPI_enable</name>
         <load_address>0x3dee</load_address>
         <run_address>0x3dee</run_address>
         <size>0x16</size>
         <input_file_ref idref="fl-20"/>
      </object_component>
      <object_component id="oc-3b1">
         <name>.text:Graphics_setForegroundColor</name>
         <load_address>0x3e04</load_address>
         <run_address>0x3e04</run_address>
         <size>0x16</size>
         <input_file_ref idref="fl-18"/>
      </object_component>
      <object_component id="oc-46a">
         <name>.text:Graphics_translateColorOnDisplay</name>
         <load_address>0x3e1a</load_address>
         <run_address>0x3e1a</run_address>
         <size>0x16</size>
         <input_file_ref idref="fl-19"/>
      </object_component>
      <object_component id="oc-110">
         <name>.text:_ZN4Task17SetTaskReceiverIdEh</name>
         <load_address>0x3e30</load_address>
         <run_address>0x3e30</run_address>
         <size>0x16</size>
         <input_file_ref idref="fl-7"/>
      </object_component>
      <object_component id="oc-44d">
         <name>.text:_ZNSt3__25arrayI6st_MsgLj10EEixEj</name>
         <load_address>0x3e46</load_address>
         <run_address>0x3e46</run_address>
         <size>0x14</size>
         <input_file_ref idref="fl-5"/>
      </object_component>
      <object_component id="oc-389">
         <name>.text:_ZNSt3__25arrayINS0_IsLj4EEELj2EEixEj</name>
         <load_address>0x3e5a</load_address>
         <run_address>0x3e5a</run_address>
         <size>0x14</size>
         <input_file_ref idref="fl-3"/>
      </object_component>
      <object_component id="oc-3aa">
         <name>.text:_ZNSt3__25arrayIsLj4EEixEj</name>
         <load_address>0x3e6e</load_address>
         <run_address>0x3e6e</run_address>
         <size>0x14</size>
         <input_file_ref idref="fl-3"/>
      </object_component>
      <object_component id="oc-3e8">
         <name>.text:Graphics_clearDisplay</name>
         <load_address>0x3e82</load_address>
         <run_address>0x3e82</run_address>
         <size>0x12</size>
         <input_file_ref idref="fl-18"/>
      </object_component>
      <object_component id="oc-43e">
         <name>.text:_ZNSt3__25arrayIhLj255EEixEj</name>
         <load_address>0x3e94</load_address>
         <run_address>0x3e94</run_address>
         <size>0x12</size>
         <input_file_ref idref="fl-5"/>
      </object_component>
      <object_component id="oc-5e8">
         <name>.text:_Z4acosf</name>
         <load_address>0x3ea6</load_address>
         <run_address>0x3ea6</run_address>
         <size>0x10</size>
         <input_file_ref idref="fl-2"/>
      </object_component>
      <object_component id="oc-544">
         <name>.text:_ZN10__cxxabiv117__class_type_infoD0Ev</name>
         <load_address>0x3eb6</load_address>
         <run_address>0x3eb6</run_address>
         <size>0xe</size>
         <input_file_ref idref="fl-d7"/>
      </object_component>
      <object_component id="oc-436">
         <name>.text:_ZN10__cxxabiv120__si_class_type_infoD0Ev</name>
         <load_address>0x3ec4</load_address>
         <run_address>0x3ec4</run_address>
         <size>0xe</size>
         <input_file_ref idref="fl-d7"/>
      </object_component>
      <object_component id="oc-52c">
         <name>.text:_ZN4Task17GetReceiverTaskIdEv</name>
         <load_address>0x3ed2</load_address>
         <run_address>0x3ed2</run_address>
         <size>0xe</size>
         <input_file_ref idref="fl-7"/>
      </object_component>
      <object_component id="oc-10a">
         <name>.text:_ZN4Task9GetTaskIdEv</name>
         <load_address>0x3ee0</load_address>
         <run_address>0x3ee0</run_address>
         <size>0xe</size>
         <input_file_ref idref="fl-7"/>
      </object_component>
      <object_component id="oc-1a">
         <name>.text:decompress:none:__TI_decompress_none</name>
         <load_address>0x3eee</load_address>
         <run_address>0x3eee</run_address>
         <size>0xe</size>
         <input_file_ref idref="fl-e7"/>
      </object_component>
      <object_component id="oc-6e">
         <name>.text:Reset_Handler</name>
         <load_address>0x3efc</load_address>
         <run_address>0x3efc</run_address>
         <size>0xc</size>
         <input_file_ref idref="fl-c"/>
      </object_component>
      <object_component id="oc-365">
         <name>.text:_ZN4Task3runEv</name>
         <load_address>0x3f08</load_address>
         <run_address>0x3f08</run_address>
         <size>0xc</size>
         <input_file_ref idref="fl-7"/>
      </object_component>
      <object_component id="oc-36c">
         <name>.text:_ZN4Task5setupEv</name>
         <load_address>0x3f14</load_address>
         <run_address>0x3f14</run_address>
         <size>0xc</size>
         <input_file_ref idref="fl-7"/>
      </object_component>
      <object_component id="oc-bc">
         <name>.text:_ZN7MailboxC1Ev</name>
         <load_address>0x3f20</load_address>
         <run_address>0x3f20</run_address>
         <size>0xc</size>
         <input_file_ref idref="fl-5"/>
      </object_component>
      <object_component id="oc-1d4">
         <name>.text:_ZN9Scheduler21CalculateNextScheduleEv</name>
         <load_address>0x3f2c</load_address>
         <run_address>0x3f2c</run_address>
         <size>0xc</size>
         <input_file_ref idref="fl-6"/>
      </object_component>
      <object_component id="oc-4a">
         <name>.text:decompress:ZI:__TI_zero_init</name>
         <load_address>0x3f38</load_address>
         <run_address>0x3f38</run_address>
         <size>0xc</size>
         <input_file_ref idref="fl-e6"/>
      </object_component>
      <object_component id="oc-503">
         <name>.text:_ZN52_INTERNAL_30_Crystalfontz128x128_ST7735_cpp_acdafc1425Crystalfontz128x128_FlushEPK16Graphics_Display</name>
         <load_address>0x3f44</load_address>
         <run_address>0x3f44</run_address>
         <size>0xa</size>
         <input_file_ref idref="fl-a"/>
      </object_component>
      <object_component id="oc-609">
         <name>.text:_ZdlPv</name>
         <load_address>0x3f4e</load_address>
         <run_address>0x3f4e</run_address>
         <size>0x8</size>
         <input_file_ref idref="fl-d8"/>
      </object_component>
      <object_component id="oc-57c">
         <name>.text:__aeabi_errno_addr</name>
         <load_address>0x3f58</load_address>
         <run_address>0x3f58</run_address>
         <size>0x8</size>
         <input_file_ref idref="fl-ec"/>
      </object_component>
      <object_component id="oc-53e">
         <name>.text:_ZN10__cxxabiv117__class_type_infoD1Ev</name>
         <load_address>0x3f60</load_address>
         <run_address>0x3f60</run_address>
         <size>0x4</size>
         <input_file_ref idref="fl-d7"/>
      </object_component>
      <object_component id="oc-430">
         <name>.text:_ZN10__cxxabiv120__si_class_type_infoD1Ev</name>
         <load_address>0x3f64</load_address>
         <run_address>0x3f64</run_address>
         <size>0x4</size>
         <input_file_ref idref="fl-d7"/>
      </object_component>
      <object_component id="oc-555">
         <name>.text:_ZdlPvj</name>
         <load_address>0x3f68</load_address>
         <run_address>0x3f68</run_address>
         <size>0x4</size>
         <input_file_ref idref="fl-d8"/>
      </object_component>
      <object_component id="oc-a4">
         <name>.text:_system_pre_init</name>
         <load_address>0x3f6c</load_address>
         <run_address>0x3f6c</run_address>
         <size>0x4</size>
         <input_file_ref idref="fl-f7"/>
      </object_component>
      <object_component id="oc-139">
         <name>.text:abort:abort</name>
         <load_address>0x3f70</load_address>
         <run_address>0x3f70</run_address>
         <size>0x4</size>
         <input_file_ref idref="fl-e9"/>
      </object_component>
      <object_component id="oc-511">
         <name>.const:.string:g_pucFontFixed6x8Data</name>
         <load_address>0x3f78</load_address>
         <run_address>0x3f78</run_address>
         <size>0x2f8</size>
         <input_file_ref idref="fl-1a"/>
      </object_component>
      <object_component id="oc-624">
         <name>.const:$O1$$</name>
         <load_address>0x4270</load_address>
         <run_address>0x4270</run_address>
         <size>0x158</size>
         <input_file_ref idref="fl-ee"/>
      </object_component>
      <object_component id="oc-3f4">
         <name>.const:g_sFontFixed6x8</name>
         <load_address>0x43c8</load_address>
         <run_address>0x43c8</run_address>
         <size>0xc8</size>
         <input_file_ref idref="fl-1a"/>
      </object_component>
      <object_component id="oc-51d">
         <name>.const:_ctlRegs</name>
         <load_address>0x4490</load_address>
         <run_address>0x4490</run_address>
         <size>0x80</size>
         <input_file_ref idref="fl-1d"/>
      </object_component>
      <object_component id="oc-62f">
         <name>.const:xxx</name>
         <load_address>0x4510</load_address>
         <run_address>0x4510</run_address>
         <size>0x80</size>
         <input_file_ref idref="fl-ef"/>
      </object_component>
      <object_component id="oc-5c5">
         <name>.const:GPIO_PORT_TO_BASE</name>
         <load_address>0x4590</load_address>
         <run_address>0x4590</run_address>
         <size>0x30</size>
         <input_file_ref idref="fl-1e"/>
      </object_component>
      <object_component id="oc-54a">
         <name>.const:.typeinfo:_ZTSN10__cxxabiv120__si_class_type_infoE</name>
         <load_address>0x45c0</load_address>
         <run_address>0x45c0</run_address>
         <size>0x25</size>
         <input_file_ref idref="fl-d7"/>
      </object_component>
      <object_component id="oc-5f7">
         <name>.const:.typeinfo:_ZTSN10__cxxabiv117__class_type_infoE</name>
         <load_address>0x45e5</load_address>
         <run_address>0x45e5</run_address>
         <size>0x22</size>
         <input_file_ref idref="fl-d7"/>
      </object_component>
      <object_component id="oc-3f1">
         <name>.const:g_sCrystalfontz128x128_funcs</name>
         <load_address>0x4608</load_address>
         <run_address>0x4608</run_address>
         <size>0x20</size>
         <input_file_ref idref="fl-a"/>
      </object_component>
      <object_component id="oc-5c1">
         <name>.const:$P$T40$1</name>
         <load_address>0x4628</load_address>
         <run_address>0x4628</run_address>
         <size>0x1c</size>
         <input_file_ref idref="fl-b"/>
      </object_component>
      <object_component id="oc-2da">
         <name>.const:_ZTV4Task</name>
         <load_address>0x4644</load_address>
         <run_address>0x4644</run_address>
         <size>0x10</size>
         <input_file_ref idref="fl-7"/>
      </object_component>
      <object_component id="oc-1b9">
         <name>.const:_ZTV8ADC_Task</name>
         <load_address>0x4654</load_address>
         <run_address>0x4654</run_address>
         <size>0x10</size>
         <input_file_ref idref="fl-2"/>
      </object_component>
      <object_component id="oc-1ab">
         <name>.const:_ZTV8LCD_Task</name>
         <load_address>0x4664</load_address>
         <run_address>0x4664</run_address>
         <size>0x10</size>
         <input_file_ref idref="fl-3"/>
      </object_component>
      <object_component id="oc-421">
         <name>.const:_ZTVN10__cxxabiv117__class_type_infoE</name>
         <load_address>0x4674</load_address>
         <run_address>0x4674</run_address>
         <size>0x10</size>
         <input_file_ref idref="fl-d7"/>
      </object_component>
      <object_component id="oc-373">
         <name>.const:_ZTVN10__cxxabiv120__si_class_type_infoE</name>
         <load_address>0x4684</load_address>
         <run_address>0x4684</run_address>
         <size>0x10</size>
         <input_file_ref idref="fl-d7"/>
      </object_component>
      <object_component id="oc-674">
         <name>.const:.typeinfo:_ZTSSt9type_info</name>
         <load_address>0x4694</load_address>
         <run_address>0x4694</run_address>
         <size>0xd</size>
         <input_file_ref idref="fl-dc"/>
      </object_component>
      <object_component id="oc-31b">
         <name>.const:.typeinfo:_ZTI8ADC_Task</name>
         <load_address>0x46a4</load_address>
         <run_address>0x46a4</run_address>
         <size>0xc</size>
         <input_file_ref idref="fl-2"/>
      </object_component>
      <object_component id="oc-2e0">
         <name>.const:.typeinfo:_ZTI8LCD_Task</name>
         <load_address>0x46b0</load_address>
         <run_address>0x46b0</run_address>
         <size>0xc</size>
         <input_file_ref idref="fl-3"/>
      </object_component>
      <object_component id="oc-539">
         <name>.const:.typeinfo:_ZTIN10__cxxabiv117__class_type_infoE</name>
         <load_address>0x46bc</load_address>
         <run_address>0x46bc</run_address>
         <size>0xc</size>
         <input_file_ref idref="fl-d7"/>
      </object_component>
      <object_component id="oc-42b">
         <name>.const:.typeinfo:_ZTIN10__cxxabiv120__si_class_type_infoE</name>
         <load_address>0x46c8</load_address>
         <run_address>0x46c8</run_address>
         <size>0xc</size>
         <input_file_ref idref="fl-d7"/>
      </object_component>
      <object_component id="oc-3fd">
         <name>.const:.typeinfo:_ZTS8ADC_Task</name>
         <load_address>0x46d4</load_address>
         <run_address>0x46d4</run_address>
         <size>0xa</size>
         <input_file_ref idref="fl-2"/>
      </object_component>
      <object_component id="oc-378">
         <name>.const:.typeinfo:_ZTS8LCD_Task</name>
         <load_address>0x46de</load_address>
         <run_address>0x46de</run_address>
         <size>0xa</size>
         <input_file_ref idref="fl-3"/>
      </object_component>
      <object_component id="oc-5d7">
         <name>.const:$P$T40$1</name>
         <load_address>0x46e8</load_address>
         <run_address>0x46e8</run_address>
         <size>0x8</size>
         <input_file_ref idref="fl-a"/>
      </object_component>
      <object_component id="oc-3c3">
         <name>.const:$P$T41$1</name>
         <load_address>0x46f0</load_address>
         <run_address>0x46f0</run_address>
         <size>0x8</size>
         <input_file_ref idref="fl-3"/>
      </object_component>
      <object_component id="oc-3c6">
         <name>.const:$P$T42$2</name>
         <load_address>0x46f8</load_address>
         <run_address>0x46f8</run_address>
         <size>0x8</size>
         <input_file_ref idref="fl-3"/>
      </object_component>
      <object_component id="oc-360">
         <name>.const:.typeinfo:_ZTI4Task</name>
         <load_address>0x4700</load_address>
         <run_address>0x4700</run_address>
         <size>0x8</size>
         <input_file_ref idref="fl-2"/>
      </object_component>
      <object_component id="oc-5fc">
         <name>.const:.typeinfo:_ZTISt9type_info</name>
         <load_address>0x4708</load_address>
         <run_address>0x4708</run_address>
         <size>0x8</size>
         <input_file_ref idref="fl-dc"/>
      </object_component>
      <object_component id="oc-426">
         <name>.const:.typeinfo:_ZTS4Task</name>
         <load_address>0x4710</load_address>
         <run_address>0x4710</run_address>
         <size>0x6</size>
         <input_file_ref idref="fl-2"/>
      </object_component>
      <object_component id="oc-716">
         <name>.cinit..data.load</name>
         <load_address>0x4718</load_address>
         <run_address>0x4718</run_address>
         <size>0x14</size>
      </object_component>
      <object_component id="oc-714">
         <name>__TI_handler_table</name>
         <load_address>0x472c</load_address>
         <run_address>0x472c</run_address>
         <size>0xc</size>
      </object_component>
      <object_component id="oc-717">
         <name>.cinit..bss.load</name>
         <load_address>0x4738</load_address>
         <run_address>0x4738</run_address>
         <size>0x8</size>
      </object_component>
      <object_component id="oc-715">
         <name>__TI_cinit_table</name>
         <load_address>0x4740</load_address>
         <run_address>0x4740</run_address>
         <size>0x10</size>
      </object_component>
      <object_component id="oc-23">
         <name>.init_array</name>
         <load_address>0x3f74</load_address>
         <run_address>0x3f74</run_address>
         <size>0x4</size>
         <input_file_ref idref="fl-8"/>
      </object_component>
      <object_component id="oc-718">
         <name>SHT$$INIT_ARRAY$$Limit</name>
         <load_address>0x3f78</load_address>
         <run_address>0x3f78</run_address>
         <size>0x0</size>
      </object_component>
      <object_component id="oc-6e9">
         <name>.binit</name>
         <load_address>0x0</load_address>
         <run_address>0x0</run_address>
         <size>0x0</size>
      </object_component>
      <object_component id="oc-d7">
         <name>.data</name>
         <load_address>0x200098a0</load_address>
         <run_address>0x200098a0</run_address>
         <size>0x9</size>
         <input_file_ref idref="fl-8"/>
      </object_component>
      <object_component id="oc-3ee">
         <name>.data:g_sCrystalfontz128x128</name>
         <load_address>0x20009890</load_address>
         <run_address>0x20009890</run_address>
         <size>0x10</size>
         <input_file_ref idref="fl-a"/>
      </object_component>
      <object_component id="oc-1e9">
         <name>.data:$O1$$</name>
         <load_address>0x200098ac</load_address>
         <run_address>0x200098ac</run_address>
         <size>0x8</size>
         <input_file_ref idref="fl-ea"/>
      </object_component>
      <object_component id="oc-6de">
         <name>.data:$O1$$</name>
         <load_address>0x200098b4</load_address>
         <run_address>0x200098b4</run_address>
         <size>0x8</size>
         <input_file_ref idref="fl-eb"/>
      </object_component>
      <object_component id="oc-634">
         <name>.data</name>
         <load_address>0x200098bc</load_address>
         <run_address>0x200098bc</run_address>
         <size>0x4</size>
         <input_file_ref idref="fl-ec"/>
      </object_component>
      <object_component id="oc-c8">
         <name>.bss:g_MainMailbox</name>
         <uninitialized>true</uninitialized>
         <run_address>0x20000000</run_address>
         <size>0x50b4</size>
         <input_file_ref idref="fl-8"/>
      </object_component>
      <object_component id="oc-cb">
         <name>.bss:g_MainScheduler</name>
         <uninitialized>true</uninitialized>
         <run_address>0x200050b8</run_address>
         <size>0x3fd0</size>
         <input_file_ref idref="fl-8"/>
      </object_component>
      <object_component id="oc-4d1">
         <name>.common:Lcd_Orientation</name>
         <uninitialized>true</uninitialized>
         <run_address>0x2000908c</run_address>
         <size>0x1</size>
      </object_component>
      <object_component id="oc-4c7">
         <name>.common:Lcd_ScreenWidth</name>
         <uninitialized>true</uninitialized>
         <run_address>0x200050b6</run_address>
         <size>0x2</size>
      </object_component>
      <object_component id="oc-4cb">
         <name>.common:Lcd_ScreenHeigth</name>
         <uninitialized>true</uninitialized>
         <run_address>0x200050b4</run_address>
         <size>0x2</size>
      </object_component>
      <object_component id="oc-4cc">
         <name>.common:Lcd_PenSolid</name>
         <uninitialized>true</uninitialized>
         <run_address>0x2000908d</run_address>
         <size>0x1</size>
      </object_component>
      <object_component id="oc-4cd">
         <name>.common:Lcd_FontSolid</name>
         <uninitialized>true</uninitialized>
         <run_address>0x2000908b</run_address>
         <size>0x1</size>
      </object_component>
      <object_component id="oc-4ce">
         <name>.common:Lcd_FlagRead</name>
         <uninitialized>true</uninitialized>
         <run_address>0x2000908a</run_address>
         <size>0x1</size>
      </object_component>
      <object_component id="oc-4cf">
         <name>.common:Lcd_TouchTrim</name>
         <uninitialized>true</uninitialized>
         <run_address>0x20009088</run_address>
         <size>0x2</size>
      </object_component>
      <object_component id="oc-27">
         <name>.sysmem</name>
         <uninitialized>true</uninitialized>
         <run_address>0x20009090</run_address>
         <size>0x10</size>
         <input_file_ref idref="fl-eb"/>
      </object_component>
      <object_component id="oc-71a">
         <name>.sysmem</name>
         <uninitialized>true</uninitialized>
         <run_address>0x20009090</run_address>
         <size>0x0</size>
      </object_component>
      <object_component id="oc-2a">
         <name>.stack</name>
         <uninitialized>true</uninitialized>
         <run_address>0x2000fe00</run_address>
         <size>0x4</size>
         <input_file_ref idref="fl-ed"/>
      </object_component>
      <object_component id="oc-719">
         <name>.stack</name>
         <uninitialized>true</uninitialized>
         <run_address>0x2000fe00</run_address>
         <size>0x0</size>
      </object_component>
      <object_component id="oc-1bf">
         <name>.debug_info</name>
         <load_address>0x0</load_address>
         <run_address>0x0</run_address>
         <size>0x4fde</size>
         <input_file_ref idref="fl-2"/>
      </object_component>
      <object_component id="oc-1ba">
         <name>.debug_info</name>
         <load_address>0x4fde</load_address>
         <run_address>0x4fde</run_address>
         <size>0xf0</size>
         <input_file_ref idref="fl-2"/>
      </object_component>
      <object_component id="oc-31c">
         <name>.debug_info</name>
         <load_address>0x50ce</load_address>
         <run_address>0x50ce</run_address>
         <size>0xe2</size>
         <input_file_ref idref="fl-2"/>
      </object_component>
      <object_component id="oc-361">
         <name>.debug_info</name>
         <load_address>0x51b0</load_address>
         <run_address>0x51b0</run_address>
         <size>0xda</size>
         <input_file_ref idref="fl-2"/>
      </object_component>
      <object_component id="oc-427">
         <name>.debug_info</name>
         <load_address>0x528a</load_address>
         <run_address>0x528a</run_address>
         <size>0xdf</size>
         <input_file_ref idref="fl-2"/>
      </object_component>
      <object_component id="oc-3fe">
         <name>.debug_info</name>
         <load_address>0x5369</load_address>
         <run_address>0x5369</run_address>
         <size>0xe7</size>
         <input_file_ref idref="fl-2"/>
      </object_component>
      <object_component id="oc-5e9">
         <name>.debug_info</name>
         <load_address>0x5450</load_address>
         <run_address>0x5450</run_address>
         <size>0x1d7</size>
         <input_file_ref idref="fl-2"/>
      </object_component>
      <object_component id="oc-105">
         <name>.debug_info</name>
         <load_address>0x5627</load_address>
         <run_address>0x5627</run_address>
         <size>0x18a</size>
         <input_file_ref idref="fl-2"/>
      </object_component>
      <object_component id="oc-321">
         <name>.debug_info</name>
         <load_address>0x57b1</load_address>
         <run_address>0x57b1</run_address>
         <size>0x1bc</size>
         <input_file_ref idref="fl-2"/>
      </object_component>
      <object_component id="oc-327">
         <name>.debug_info</name>
         <load_address>0x596d</load_address>
         <run_address>0x596d</run_address>
         <size>0x185</size>
         <input_file_ref idref="fl-2"/>
      </object_component>
      <object_component id="oc-409">
         <name>.debug_info</name>
         <load_address>0x5af2</load_address>
         <run_address>0x5af2</run_address>
         <size>0x216</size>
         <input_file_ref idref="fl-2"/>
      </object_component>
      <object_component id="oc-527">
         <name>.debug_info</name>
         <load_address>0x5d08</load_address>
         <run_address>0x5d08</run_address>
         <size>0x22e</size>
         <input_file_ref idref="fl-2"/>
      </object_component>
      <object_component id="oc-281">
         <name>.debug_info</name>
         <load_address>0x5f36</load_address>
         <run_address>0x5f36</run_address>
         <size>0x139b</size>
         <input_file_ref idref="fl-2"/>
      </object_component>
      <object_component id="oc-286">
         <name>.debug_info</name>
         <load_address>0x72d1</load_address>
         <run_address>0x72d1</run_address>
         <size>0x46de</size>
         <input_file_ref idref="fl-2"/>
      </object_component>
      <object_component id="oc-20c">
         <name>.debug_info</name>
         <load_address>0xb9af</load_address>
         <run_address>0xb9af</run_address>
         <size>0x1342</size>
         <input_file_ref idref="fl-2"/>
      </object_component>
      <object_component id="oc-12f">
         <name>.debug_info</name>
         <load_address>0xccf1</load_address>
         <run_address>0xccf1</run_address>
         <size>0x132</size>
         <input_file_ref idref="fl-2"/>
      </object_component>
      <object_component id="oc-178">
         <name>.debug_info</name>
         <load_address>0xce23</load_address>
         <run_address>0xce23</run_address>
         <size>0x1e1</size>
         <input_file_ref idref="fl-2"/>
      </object_component>
      <object_component id="oc-297">
         <name>.debug_info</name>
         <load_address>0xd004</load_address>
         <run_address>0xd004</run_address>
         <size>0x221</size>
         <input_file_ref idref="fl-2"/>
      </object_component>
      <object_component id="oc-28b">
         <name>.debug_info</name>
         <load_address>0xd225</load_address>
         <run_address>0xd225</run_address>
         <size>0x73</size>
         <input_file_ref idref="fl-2"/>
      </object_component>
      <object_component id="oc-193">
         <name>.debug_info</name>
         <load_address>0xd298</load_address>
         <run_address>0xd298</run_address>
         <size>0x194</size>
         <input_file_ref idref="fl-2"/>
      </object_component>
      <object_component id="oc-29c">
         <name>.debug_info</name>
         <load_address>0xd42c</load_address>
         <run_address>0xd42c</run_address>
         <size>0xd0</size>
         <input_file_ref idref="fl-2"/>
      </object_component>
      <object_component id="oc-2a1">
         <name>.debug_info</name>
         <load_address>0xd4fc</load_address>
         <run_address>0xd4fc</run_address>
         <size>0xbc</size>
         <input_file_ref idref="fl-2"/>
      </object_component>
      <object_component id="oc-2a6">
         <name>.debug_info</name>
         <load_address>0xd5b8</load_address>
         <run_address>0xd5b8</run_address>
         <size>0xf8</size>
         <input_file_ref idref="fl-2"/>
      </object_component>
      <object_component id="oc-2ab">
         <name>.debug_info</name>
         <load_address>0xd6b0</load_address>
         <run_address>0xd6b0</run_address>
         <size>0x46d</size>
         <input_file_ref idref="fl-2"/>
      </object_component>
      <object_component id="oc-234">
         <name>.debug_info</name>
         <load_address>0xdb1d</load_address>
         <run_address>0xdb1d</run_address>
         <size>0x1c0</size>
         <input_file_ref idref="fl-2"/>
      </object_component>
      <object_component id="oc-32e">
         <name>.debug_info</name>
         <load_address>0xdcdd</load_address>
         <run_address>0xdcdd</run_address>
         <size>0x1789</size>
         <input_file_ref idref="fl-2"/>
      </object_component>
      <object_component id="oc-23e">
         <name>.debug_info</name>
         <load_address>0xf466</load_address>
         <run_address>0xf466</run_address>
         <size>0x1c6</size>
         <input_file_ref idref="fl-2"/>
      </object_component>
      <object_component id="oc-216">
         <name>.debug_info</name>
         <load_address>0xf62c</load_address>
         <run_address>0xf62c</run_address>
         <size>0x763</size>
         <input_file_ref idref="fl-2"/>
      </object_component>
      <object_component id="oc-187">
         <name>.debug_info</name>
         <load_address>0xfd8f</load_address>
         <run_address>0xfd8f</run_address>
         <size>0x8b</size>
         <input_file_ref idref="fl-2"/>
      </object_component>
      <object_component id="oc-22a">
         <name>.debug_info</name>
         <load_address>0xfe1a</load_address>
         <run_address>0xfe1a</run_address>
         <size>0x2c</size>
         <input_file_ref idref="fl-2"/>
      </object_component>
      <object_component id="oc-239">
         <name>.debug_info</name>
         <load_address>0xfe46</load_address>
         <run_address>0xfe46</run_address>
         <size>0x54b</size>
         <input_file_ref idref="fl-2"/>
      </object_component>
      <object_component id="oc-27a">
         <name>.debug_info</name>
         <load_address>0x10391</load_address>
         <run_address>0x10391</run_address>
         <size>0x198</size>
         <input_file_ref idref="fl-2"/>
      </object_component>
      <object_component id="oc-26b">
         <name>.debug_info</name>
         <load_address>0x10529</load_address>
         <run_address>0x10529</run_address>
         <size>0x201</size>
         <input_file_ref idref="fl-2"/>
      </object_component>
      <object_component id="oc-225">
         <name>.debug_info</name>
         <load_address>0x1072a</load_address>
         <run_address>0x1072a</run_address>
         <size>0x25f</size>
         <input_file_ref idref="fl-2"/>
      </object_component>
      <object_component id="oc-248">
         <name>.debug_info</name>
         <load_address>0x10989</load_address>
         <run_address>0x10989</run_address>
         <size>0x11e</size>
         <input_file_ref idref="fl-2"/>
      </object_component>
      <object_component id="oc-275">
         <name>.debug_info</name>
         <load_address>0x10aa7</load_address>
         <run_address>0x10aa7</run_address>
         <size>0x235</size>
         <input_file_ref idref="fl-2"/>
      </object_component>
      <object_component id="oc-243">
         <name>.debug_info</name>
         <load_address>0x10cdc</load_address>
         <run_address>0x10cdc</run_address>
         <size>0xea</size>
         <input_file_ref idref="fl-2"/>
      </object_component>
      <object_component id="oc-22f">
         <name>.debug_info</name>
         <load_address>0x10dc6</load_address>
         <run_address>0x10dc6</run_address>
         <size>0xa0a</size>
         <input_file_ref idref="fl-2"/>
      </object_component>
      <object_component id="oc-25c">
         <name>.debug_info</name>
         <load_address>0x117d0</load_address>
         <run_address>0x117d0</run_address>
         <size>0x2c9</size>
         <input_file_ref idref="fl-2"/>
      </object_component>
      <object_component id="oc-333">
         <name>.debug_info</name>
         <load_address>0x11a99</load_address>
         <run_address>0x11a99</run_address>
         <size>0xef</size>
         <input_file_ref idref="fl-2"/>
      </object_component>
      <object_component id="oc-198">
         <name>.debug_info</name>
         <load_address>0x11b88</load_address>
         <run_address>0x11b88</run_address>
         <size>0xbb</size>
         <input_file_ref idref="fl-2"/>
      </object_component>
      <object_component id="oc-252">
         <name>.debug_info</name>
         <load_address>0x11c43</load_address>
         <run_address>0x11c43</run_address>
         <size>0x2a1</size>
         <input_file_ref idref="fl-2"/>
      </object_component>
      <object_component id="oc-205">
         <name>.debug_info</name>
         <load_address>0x11ee4</load_address>
         <run_address>0x11ee4</run_address>
         <size>0x8e7</size>
         <input_file_ref idref="fl-2"/>
      </object_component>
      <object_component id="oc-21b">
         <name>.debug_info</name>
         <load_address>0x127cb</load_address>
         <run_address>0x127cb</run_address>
         <size>0x46</size>
         <input_file_ref idref="fl-2"/>
      </object_component>
      <object_component id="oc-266">
         <name>.debug_info</name>
         <load_address>0x12811</load_address>
         <run_address>0x12811</run_address>
         <size>0x2fe</size>
         <input_file_ref idref="fl-2"/>
      </object_component>
      <object_component id="oc-220">
         <name>.debug_info</name>
         <load_address>0x12b0f</load_address>
         <run_address>0x12b0f</run_address>
         <size>0x519</size>
         <input_file_ref idref="fl-2"/>
      </object_component>
      <object_component id="oc-24d">
         <name>.debug_info</name>
         <load_address>0x13028</load_address>
         <run_address>0x13028</run_address>
         <size>0x626</size>
         <input_file_ref idref="fl-2"/>
      </object_component>
      <object_component id="oc-257">
         <name>.debug_info</name>
         <load_address>0x1364e</load_address>
         <run_address>0x1364e</run_address>
         <size>0x401</size>
         <input_file_ref idref="fl-2"/>
      </object_component>
      <object_component id="oc-2b5">
         <name>.debug_info</name>
         <load_address>0x13a4f</load_address>
         <run_address>0x13a4f</run_address>
         <size>0x195</size>
         <input_file_ref idref="fl-2"/>
      </object_component>
      <object_component id="oc-2ba">
         <name>.debug_info</name>
         <load_address>0x13be4</load_address>
         <run_address>0x13be4</run_address>
         <size>0x120</size>
         <input_file_ref idref="fl-2"/>
      </object_component>
      <object_component id="oc-261">
         <name>.debug_info</name>
         <load_address>0x13d04</load_address>
         <run_address>0x13d04</run_address>
         <size>0x35</size>
         <input_file_ref idref="fl-2"/>
      </object_component>
      <object_component id="oc-270">
         <name>.debug_info</name>
         <load_address>0x13d39</load_address>
         <run_address>0x13d39</run_address>
         <size>0x21e</size>
         <input_file_ref idref="fl-2"/>
      </object_component>
      <object_component id="oc-2c4">
         <name>.debug_info</name>
         <load_address>0x13f57</load_address>
         <run_address>0x13f57</run_address>
         <size>0xd0</size>
         <input_file_ref idref="fl-2"/>
      </object_component>
      <object_component id="oc-1b6">
         <name>.debug_info</name>
         <load_address>0x14027</load_address>
         <run_address>0x14027</run_address>
         <size>0x5853</size>
         <input_file_ref idref="fl-3"/>
      </object_component>
      <object_component id="oc-1ac">
         <name>.debug_info</name>
         <load_address>0x1987a</load_address>
         <run_address>0x1987a</run_address>
         <size>0xf0</size>
         <input_file_ref idref="fl-3"/>
      </object_component>
      <object_component id="oc-2e1">
         <name>.debug_info</name>
         <load_address>0x1996a</load_address>
         <run_address>0x1996a</run_address>
         <size>0xe2</size>
         <input_file_ref idref="fl-3"/>
      </object_component>
      <object_component id="oc-379">
         <name>.debug_info</name>
         <load_address>0x19a4c</load_address>
         <run_address>0x19a4c</run_address>
         <size>0xe7</size>
         <input_file_ref idref="fl-3"/>
      </object_component>
      <object_component id="oc-3c4">
         <name>.debug_info</name>
         <load_address>0x19b33</load_address>
         <run_address>0x19b33</run_address>
         <size>0xcf</size>
         <input_file_ref idref="fl-3"/>
      </object_component>
      <object_component id="oc-3c7">
         <name>.debug_info</name>
         <load_address>0x19c02</load_address>
         <run_address>0x19c02</run_address>
         <size>0xcf</size>
         <input_file_ref idref="fl-3"/>
      </object_component>
      <object_component id="oc-3ab">
         <name>.debug_info</name>
         <load_address>0x19cd1</load_address>
         <run_address>0x19cd1</run_address>
         <size>0x1e4</size>
         <input_file_ref idref="fl-3"/>
      </object_component>
      <object_component id="oc-38a">
         <name>.debug_info</name>
         <load_address>0x19eb5</load_address>
         <run_address>0x19eb5</run_address>
         <size>0x1ef</size>
         <input_file_ref idref="fl-3"/>
      </object_component>
      <object_component id="oc-ff">
         <name>.debug_info</name>
         <load_address>0x1a0a4</load_address>
         <run_address>0x1a0a4</run_address>
         <size>0x18a</size>
         <input_file_ref idref="fl-3"/>
      </object_component>
      <object_component id="oc-2e6">
         <name>.debug_info</name>
         <load_address>0x1a22e</load_address>
         <run_address>0x1a22e</run_address>
         <size>0x911</size>
         <input_file_ref idref="fl-3"/>
      </object_component>
      <object_component id="oc-2ec">
         <name>.debug_info</name>
         <load_address>0x1ab3f</load_address>
         <run_address>0x1ab3f</run_address>
         <size>0x215</size>
         <input_file_ref idref="fl-3"/>
      </object_component>
      <object_component id="oc-391">
         <name>.debug_info</name>
         <load_address>0x1ad54</load_address>
         <run_address>0x1ad54</run_address>
         <size>0x8f0</size>
         <input_file_ref idref="fl-3"/>
      </object_component>
      <object_component id="oc-302">
         <name>.debug_info</name>
         <load_address>0x1b644</load_address>
         <run_address>0x1b644</run_address>
         <size>0x1342</size>
         <input_file_ref idref="fl-3"/>
      </object_component>
      <object_component id="oc-2f8">
         <name>.debug_info</name>
         <load_address>0x1c986</load_address>
         <run_address>0x1c986</run_address>
         <size>0x132</size>
         <input_file_ref idref="fl-3"/>
      </object_component>
      <object_component id="oc-1db">
         <name>.debug_info</name>
         <load_address>0x1cab8</load_address>
         <run_address>0x1cab8</run_address>
         <size>0x57e</size>
         <input_file_ref idref="fl-3"/>
      </object_component>
      <object_component id="oc-1b1">
         <name>.debug_info</name>
         <load_address>0x1d036</load_address>
         <run_address>0x1d036</run_address>
         <size>0x164</size>
         <input_file_ref idref="fl-3"/>
      </object_component>
      <object_component id="oc-2fd">
         <name>.debug_info</name>
         <load_address>0x1d19a</load_address>
         <run_address>0x1d19a</run_address>
         <size>0x1e1</size>
         <input_file_ref idref="fl-3"/>
      </object_component>
      <object_component id="oc-307">
         <name>.debug_info</name>
         <load_address>0x1d37b</load_address>
         <run_address>0x1d37b</run_address>
         <size>0x1789</size>
         <input_file_ref idref="fl-3"/>
      </object_component>
      <object_component id="oc-311">
         <name>.debug_info</name>
         <load_address>0x1eb04</load_address>
         <run_address>0x1eb04</run_address>
         <size>0x54b</size>
         <input_file_ref idref="fl-3"/>
      </object_component>
      <object_component id="oc-2bf">
         <name>.debug_info</name>
         <load_address>0x1f04f</load_address>
         <run_address>0x1f04f</run_address>
         <size>0x25d</size>
         <input_file_ref idref="fl-3"/>
      </object_component>
      <object_component id="oc-2f1">
         <name>.debug_info</name>
[...]
         <object_component_ref idref="oc-472"/>
      </symbol>
      <symbol id="sm-552">
         <name>g_sFontFixed6x8</name>
         <value>0x43c8</value>
         <object_component_ref idref="oc-3f4"/>
      </symbol>
      <symbol id="sm-5af">
         <name>Graphics_drawLineH</name>
         <value>0x2c95</value>
         <object_component_ref idref="oc-485"/>
      </symbol>
      <symbol id="sm-5b0">
         <name>Graphics_drawLineV</name>
         <value>0x2d31</value>
         <object_component_ref idref="oc-47f"/>
      </symbol>
      <symbol id="sm-5b1">
         <name>Graphics_drawLine</name>
         <value>0x1d99</value>
         <object_component_ref idref="oc-3bd"/>
      </symbol>
      <symbol id="sm-5c8">
         <name>Graphics_fillRectangle</name>
         <value>0x2405</value>
         <object_component_ref idref="oc-3b7"/>
      </symbol>
      <symbol id="sm-614">
         <name>ADC14_getResult</name>
         <value>0x3cd1</value>
         <object_component_ref idref="oc-402"/>
      </symbol>
      <symbol id="sm-64d">
         <name>GPIO_setOutputHighOnPin</name>
         <value>0x3b89</value>
         <object_component_ref idref="oc-4af"/>
      </symbol>
      <symbol id="sm-64e">
         <name>GPIO_setAsOutputPin</name>
         <value>0x37c5</value>
         <object_component_ref idref="oc-5ae"/>
      </symbol>
      <symbol id="sm-64f">
         <name>GPIO_setOutputLowOnPin</name>
         <value>0x3bb1</value>
         <object_component_ref idref="oc-4a9"/>
      </symbol>
      <symbol id="sm-650">
         <name>GPIO_setAsPeripheralModuleFunctionOutputPin</name>
         <value>0x2f05</value>
         <object_component_ref idref="oc-5a8"/>
      </symbol>
      <symbol id="sm-690">
         <name>EUSCI_B_SPI_enable</name>
         <value>0x3def</value>
         <object_component_ref idref="oc-655"/>
      </symbol>
      <symbol id="sm-691">
         <name>SPI_enableModule</name>
         <value>0x3ced</value>
         <object_component_ref idref="oc-5bb"/>
      </symbol>
      <symbol id="sm-692">
         <name>EUSCI_A_SPI_enable</name>
         <value>0x3dd9</value>
         <object_component_ref idref="oc-64f"/>
      </symbol>
      <symbol id="sm-693">
         <name>SPI_initMaster</name>
         <value>0x2b3d</value>
         <object_component_ref idref="oc-5b5"/>
      </symbol>
      <symbol id="sm-6ee">
         <name>_ZN10__cxxabiv117__class_type_infoD1Ev</name>
         <value>0x3f61</value>
         <object_component_ref idref="oc-53e"/>
      </symbol>
      <symbol id="sm-6ef">
         <name>_ZTSN10__cxxabiv120__si_class_type_infoE</name>
         <value>0x45c0</value>
         <object_component_ref idref="oc-54a"/>
      </symbol>
      <symbol id="sm-6f0">
         <name>_ZTSN10__cxxabiv117__class_type_infoE</name>
         <value>0x45e5</value>
         <object_component_ref idref="oc-5f7"/>
      </symbol>
      <symbol id="sm-6f1">
         <name>_ZN10__cxxabiv117__class_type_infoD2Ev</name>
         <value>0x3f61</value>
         <object_component_ref idref="oc-53e"/>
      </symbol>
      <symbol id="sm-6f2">
         <name>_ZN10__cxxabiv120__si_class_type_infoD2Ev</name>
         <value>0x3f65</value>
         <object_component_ref idref="oc-430"/>
      </symbol>
      <symbol id="sm-6f3">
         <name>_ZTVN10__cxxabiv117__class_type_infoE</name>
         <value>0x4674</value>
         <object_component_ref idref="oc-421"/>
      </symbol>
      <symbol id="sm-6f4">
         <name>_ZTIN10__cxxabiv117__class_type_infoE</name>
         <value>0x46bc</value>
         <object_component_ref idref="oc-539"/>
      </symbol>
      <symbol id="sm-6f5">
         <name>_ZN10__cxxabiv120__si_class_type_infoD1Ev</name>
         <value>0x3f65</value>
         <object_component_ref idref="oc-430"/>
      </symbol>
      <symbol id="sm-6f6">
         <name>_ZTIN10__cxxabiv120__si_class_type_infoE</name>
         <value>0x46c8</value>
         <object_component_ref idref="oc-42b"/>
      </symbol>
      <symbol id="sm-6f7">
         <name>_ZN10__cxxabiv117__class_type_infoD0Ev</name>
         <value>0x3eb7</value>
         <object_component_ref idref="oc-544"/>
      </symbol>
      <symbol id="sm-6f8">
         <name>_ZTVN10__cxxabiv120__si_class_type_infoE</name>
         <value>0x4684</value>
         <object_component_ref idref="oc-373"/>
      </symbol>
      <symbol id="sm-6f9">
         <name>_ZN10__cxxabiv120__si_class_type_infoD0Ev</name>
         <value>0x3ec5</value>
         <object_component_ref idref="oc-436"/>
      </symbol>
      <symbol id="sm-715">
         <name>_ZdlPv</name>
         <value>0x3f4f</value>
         <object_component_ref idref="oc-609"/>
      </symbol>
      <symbol id="sm-716">
         <name>_ZdlPvj</name>
         <value>0x3f69</value>
         <object_component_ref idref="oc-555"/>
      </symbol>
      <symbol id="sm-770">
         <name>tanl</name>
         <value>0x81d</value>
         <object_component_ref idref="oc-45f"/>
      </symbol>
      <symbol id="sm-771">
         <name>tan</name>
         <value>0x81d</value>
         <object_component_ref idref="oc-45f"/>
      </symbol>
      <symbol id="sm-79f">
         <name>acosf</name>
         <value>0x1a81</value>
         <object_component_ref idref="oc-66d"/>
      </symbol>
      <symbol id="sm-7af">
         <name>sqrtf</name>
         <value>0x3c29</value>
         <object_component_ref idref="oc-6b4"/>
      </symbol>
      <symbol id="sm-7d3">
         <name>_ZTSSt9type_info</name>
         <value>0x4694</value>
         <object_component_ref idref="oc-674"/>
      </symbol>
      <symbol id="sm-7d4">
         <name>_ZNSt9type_infoD2Ev</name>
         <value>0x21a3</value>
         <object_component_ref idref="oc-601"/>
      </symbol>
      <symbol id="sm-7d5">
         <name>_ZNSt9type_infoD1Ev</name>
         <value>0x21a3</value>
         <object_component_ref idref="oc-601"/>
      </symbol>
      <symbol id="sm-7d6">
         <name>_ZTISt9type_info</name>
         <value>0x4708</value>
         <object_component_ref idref="oc-5fc"/>
      </symbol>
      <symbol id="sm-7ed">
         <name>__aeabi_dsub</name>
         <value>0x18c9</value>
         <object_component_ref idref="oc-3a0"/>
      </symbol>
      <symbol id="sm-7ee">
         <name>__aeabi_dadd</name>
         <value>0x18d3</value>
         <object_component_ref idref="oc-3a0"/>
      </symbol>
      <symbol id="sm-810">
         <name>__aeabi_cdcmpeq</name>
         <value>0x2f8d</value>
         <object_component_ref idref="oc-56b"/>
      </symbol>
      <symbol id="sm-811">
         <name>__aeabi_cdcmple</name>
         <value>0x2f8d</value>
         <object_component_ref idref="oc-56b"/>
      </symbol>
      <symbol id="sm-812">
         <name>__aeabi_cdrcmple</name>
         <value>0x3013</value>
         <object_component_ref idref="oc-61f"/>
      </symbol>
      <symbol id="sm-826">
         <name>__aeabi_ddiv</name>
         <value>0x206d</value>
         <object_component_ref idref="oc-45a"/>
      </symbol>
      <symbol id="sm-831">
         <name>__aeabi_dmul</name>
         <value>0x2629</value>
         <object_component_ref idref="oc-39b"/>
      </symbol>
      <symbol id="sm-83b">
         <name>__aeabi_d2iz</name>
         <value>0x36f5</value>
         <object_component_ref idref="oc-3a5"/>
      </symbol>
      <symbol id="sm-847">
         <name>__aeabi_d2f</name>
         <value>0x320d</value>
         <object_component_ref idref="oc-5e3"/>
      </symbol>
      <symbol id="sm-852">
         <name>__aeabi_f2d</name>
         <value>0x3939</value>
         <object_component_ref idref="oc-5ef"/>
      </symbol>
      <symbol id="sm-85c">
         <name>__aeabi_i2d</name>
         <value>0x3ad5</value>
         <object_component_ref idref="oc-396"/>
      </symbol>
      <symbol id="sm-866">
         <name>__aeabi_ui2d</name>
         <value>0x3c91</value>
         <object_component_ref idref="oc-455"/>
      </symbol>
      <symbol id="sm-87d">
         <name>__TI_zero_init</name>
         <value>0x3f39</value>
         <object_component_ref idref="oc-4a"/>
      </symbol>
      <symbol id="sm-894">
         <name>__TI_decompress_none</name>
         <value>0x3eef</value>
         <object_component_ref idref="oc-1a"/>
      </symbol>
      <symbol id="sm-8b7">
         <name>__TI_decompress_lzss</name>
         <value>0x327b</value>
         <object_component_ref idref="oc-14"/>
      </symbol>
      <symbol id="sm-8c2">
         <name>C$$EXIT</name>
         <value>0x3f71</value>
         <object_component_ref idref="oc-139"/>
      </symbol>
      <symbol id="sm-8c3">
         <name>abort</name>
         <value>0x3f71</value>
         <object_component_ref idref="oc-139"/>
      </symbol>
      <symbol id="sm-8d8">
         <name>_nop</name>
         <value>0x2517</value>
         <object_component_ref idref="oc-33f"/>
      </symbol>
      <symbol id="sm-8d9">
         <name>_lock</name>
         <value>0x200098ac</value>
         <object_component_ref idref="oc-1e9"/>
      </symbol>
      <symbol id="sm-8da">
         <name>_unlock</name>
         <value>0x200098b0</value>
         <object_component_ref idref="oc-1e9"/>
      </symbol>
      <symbol id="sm-92f">
         <name>_sys_memory</name>
         <value>0x20009090</value>
         <object_component_ref idref="oc-27"/>
      </symbol>
      <symbol id="sm-930">
         <name>free</name>
         <value>0x281d</value>
         <object_component_ref idref="oc-67c"/>
      </symbol>
      <symbol id="sm-946">
         <name>__aeabi_errno_addr</name>
         <value>0x3f59</value>
         <object_component_ref idref="oc-57c"/>
      </symbol>
      <symbol id="sm-947">
         <name>errno</name>
         <value>0x200098bc</value>
         <object_component_ref idref="oc-634"/>
      </symbol>
      <symbol id="sm-95a">
         <name>__stack</name>
         <value>0x2000fe00</value>
         <object_component_ref idref="oc-2a"/>
      </symbol>
      <symbol id="sm-95b">
         <name>_c_int00_noargs</name>
         <value>0x3a11</value>
         <object_component_ref idref="oc-56"/>
      </symbol>
      <symbol id="sm-9c1">
         <name>__kernel_rem_pio2</name>
         <value>0xe5</value>
         <object_component_ref idref="oc-570"/>
      </symbol>
      <symbol id="sm-9df">
         <name>__kernel_tan</name>
         <value>0x10c9</value>
         <object_component_ref idref="oc-576"/>
      </symbol>
      <symbol id="sm-9fc">
         <name>floorl</name>
         <value>0x2725</value>
         <object_component_ref idref="oc-619"/>
      </symbol>
      <symbol id="sm-9fd">
         <name>floor</name>
         <value>0x2725</value>
         <object_component_ref idref="oc-619"/>
      </symbol>
      <symbol id="sm-a1a">
         <name>scalbn</name>
         <value>0x2519</value>
         <object_component_ref idref="oc-613"/>
      </symbol>
      <symbol id="sm-a1b">
         <name>scalbnl</name>
         <value>0x2519</value>
         <object_component_ref idref="oc-613"/>
      </symbol>
      <symbol id="sm-a1c">
         <name>ldexpl</name>
         <value>0x2519</value>
         <object_component_ref idref="oc-613"/>
      </symbol>
      <symbol id="sm-a1d">
         <name>ldexp</name>
         <value>0x2519</value>
         <object_component_ref idref="oc-613"/>
      </symbol>
      <symbol id="sm-a27">
         <name>copysign</name>
         <value>0x3d8f</value>
         <object_component_ref idref="oc-68a"/>
      </symbol>
      <symbol id="sm-a28">
         <name>copysignl</name>
         <value>0x3d8f</value>
         <object_component_ref idref="oc-68a"/>
      </symbol>
      <symbol id="sm-a44">
         <name>memcpy</name>
         <value>0x2e69</value>
         <object_component_ref idref="oc-38"/>
      </symbol>
      <symbol id="sm-a45">
         <name>__aeabi_memcpy</name>
         <value>0x2e69</value>
         <object_component_ref idref="oc-38"/>
      </symbol>
      <symbol id="sm-a46">
         <name>__aeabi_memcpy8</name>
         <value>0x2e69</value>
         <object_component_ref idref="oc-38"/>
      </symbol>
      <symbol id="sm-a47">
         <name>__aeabi_memcpy4</name>
         <value>0x2e69</value>
         <object_component_ref idref="oc-38"/>
      </symbol>
      <symbol id="sm-a56">
         <name>__aeabi_memset</name>
         <value>0x311b</value>
         <object_component_ref idref="oc-9e"/>
      </symbol>
      <symbol id="sm-a57">
         <name>memset</name>
         <value>0x3121</value>
         <object_component_ref idref="oc-9e"/>
      </symbol>
      <symbol id="sm-a58">
         <name>__aeabi_memset8</name>
         <value>0x311b</value>
         <object_component_ref idref="oc-9e"/>
      </symbol>
      <symbol id="sm-a59">
         <name>__aeabi_memset4</name>
         <value>0x311b</value>
         <object_component_ref idref="oc-9e"/>
      </symbol>
      <symbol id="sm-a5a">
         <name>__aeabi_memclr8</name>
         <value>0x3119</value>
         <object_component_ref idref="oc-9e"/>
      </symbol>
      <symbol id="sm-a5b">
         <name>__aeabi_memclr4</name>
         <value>0x3119</value>
         <object_component_ref idref="oc-9e"/>
      </symbol>
      <symbol id="sm-a5c">
         <name>__aeabi_memclr</name>
         <value>0x3119</value>
         <object_component_ref idref="oc-9e"/>
      </symbol>
      <symbol id="sm-a89">
         <name>__TI_auto_init_nobinit</name>
         <value>0x3409</value>
         <object_component_ref idref="oc-14b"/>
      </symbol>
      <symbol id="sm-a93">
         <name>_system_pre_init</name>
         <value>0x3f6d</value>
         <object_component_ref idref="oc-a4"/>
      </symbol>
      <symbol id="sm-a96">
         <name>__TI_static_base__</name>
         <value>0x0</value>
      </symbol>
      <symbol id="sm-a99">
         <name>__mpu_init</name>
         <value>0x0</value>
      </symbol>
      <symbol id="sm-a9a">
         <name>_system_post_cinit</name>
         <value>0x0</value>
      </symbol>
      <symbol id="sm-a9b">
         <name>NMI_Handler</name>
         <value>0x1a7f</value>
      </symbol>
      <symbol id="sm-a9c">
         <name>HardFault_Handler</name>
         <value>0x1a7f</value>
      </symbol>
      <symbol id="sm-a9d">
         <name>MemManage_Handler</name>
         <value>0x1a7f</value>
      </symbol>
      <symbol id="sm-a9e">
         <name>BusFault_Handler</name>
         <value>0x1a7f</value>
      </symbol>
      <symbol id="sm-a9f">
         <name>UsageFault_Handler</name>
         <value>0x1a7f</value>
      </symbol>
      <symbol id="sm-aa0">
         <name>SVC_Handler</name>
         <value>0x1a7f</value>
      </symbol>
      <symbol id="sm-aa1">
         <name>DebugMon_Handler</name>
         <value>0x1a7f</value>
      </symbol>
      <symbol id="sm-aa2">
         <name>PendSV_Handler</name>
         <value>0x1a7f</value>
      </symbol>
      <symbol id="sm-aa3">
         <name>SysTick_Handler</name>
         <value>0x1a7f</value>
      </symbol>
      <symbol id="sm-aa4">
         <name>PSS_IRQHandler</name>
         <value>0x1a7f</value>
      </symbol>
      <symbol id="sm-aa5">
         <name>CS_IRQHandler</name>
         <value>0x1a7f</value>
      </symbol>
      <symbol id="sm-aa6">
         <name>PCM_IRQHandler</name>
         <value>0x1a7f</value>
      </symbol>
      <symbol id="sm-aa7">
         <name>WDT_A_IRQHandler</name>
         <value>0x1a7f</value>
      </symbol>
      <symbol id="sm-aa8">
         <name>FPU_IRQHandler</name>
         <value>0x1a7f</value>
      </symbol>
      <symbol id="sm-aa9">
         <name>FLCTL_IRQHandler</name>
         <value>0x1a7f</value>
      </symbol>
      <symbol id="sm-aaa">
         <name>COMP_E0_IRQHandler</name>
         <value>0x1a7f</value>
      </symbol>
      <symbol id="sm-aab">
         <name>COMP_E1_IRQHandler</name>
         <value>0x1a7f</value>
      </symbol>
      <symbol id="sm-aac">
         <name>TA0_0_IRQHandler</name>
         <value>0x1a7f</value>
      </symbol>
      <symbol id="sm-aad">
         <name>TA0_N_IRQHandler</name>
         <value>0x1a7f</value>
      </symbol>
      <symbol id="sm-aae">
         <name>TA1_0_IRQHandler</name>
         <value>0x1a7f</value>
      </symbol>
      <symbol id="sm-aaf">
         <name>TA1_N_IRQHandler</name>
         <value>0x1a7f</value>
      </symbol>
      <symbol id="sm-ab0">
         <name>TA2_0_IRQHandler</name>
         <value>0x1a7f</value>
      </symbol>
      <symbol id="sm-ab1">
         <name>TA2_N_IRQHandler</name>
         <value>0x1a7f</value>
      </symbol>
      <symbol id="sm-ab2">
         <name>TA3_0_IRQHandler</name>
         <value>0x1a7f</value>
      </symbol>
      <symbol id="sm-ab3">
         <name>TA3_N_IRQHandler</name>
         <value>0x1a7f</value>
      </symbol>
      <symbol id="sm-ab4">
         <name>EUSCIA0_IRQHandler</name>
         <value>0x1a7f</value>
      </symbol>
      <symbol id="sm-ab5">
         <name>EUSCIA1_IRQHandler</name>
         <value>0x1a7f</value>
      </symbol>
      <symbol id="sm-ab6">
         <name>EUSCIA2_IRQHandler</name>
         <value>0x1a7f</value>
      </symbol>
      <symbol id="sm-ab7">
         <name>EUSCIA3_IRQHandler</name>
         <value>0x1a7f</value>
      </symbol>
      <symbol id="sm-ab8">
         <name>EUSCIB0_IRQHandler</name>
         <value>0x1a7f</value>
      </symbol>
      <symbol id="sm-ab9">
         <name>EUSCIB1_IRQHandler</name>
         <value>0x1a7f</value>
      </symbol>
      <symbol id="sm-aba">
         <name>EUSCIB2_IRQHandler</name>
         <value>0x1a7f</value>
      </symbol>
      <symbol id="sm-abb">
         <name>EUSCIB3_IRQHandler</name>
         <value>0x1a7f</value>
      </symbol>
      <symbol id="sm-abc">
         <name>ADC14_IRQHandler</name>
         <value>0x1a7f</value>
      </symbol>
      <symbol id="sm-abd">
         <name>T32_INT1_IRQHandler</name>
         <value>0x39dd</value>
      </symbol>
      <symbol id="sm-abe">
         <name>T32_INT2_IRQHandler</name>
         <value>0x1a7f</value>
      </symbol>
      <symbol id="sm-abf">
         <name>T32_INTC_IRQHandler</name>
         <value>0x1a7f</value>
      </symbol>
      <symbol id="sm-ac0">
         <name>AES256_IRQHandler</name>
         <value>0x1a7f</value>
      </symbol>
      <symbol id="sm-ac1">
         <name>RTC_C_IRQHandler</name>
         <value>0x1a7f</value>
      </symbol>
      <symbol id="sm-ac2">
         <name>DMA_ERR_IRQHandler</name>
         <value>0x1a7f</value>
      </symbol>
      <symbol id="sm-ac3">
         <name>DMA_INT3_IRQHandler</name>
         <value>0x1a7f</value>
      </symbol>
      <symbol id="sm-ac4">
         <name>DMA_INT2_IRQHandler</name>
         <value>0x1a7f</value>
      </symbol>
      <symbol id="sm-ac5">
         <name>DMA_INT1_IRQHandler</name>
         <value>0x1a7f</value>
      </symbol>
      <symbol id="sm-ac6">
         <name>DMA_INT0_IRQHandler</name>
         <value>0x1a7f</value>
      </symbol>
      <symbol id="sm-ac7">
         <name>PORT1_IRQHandler</name>
         <value>0x1a7f</value>
      </symbol>
      <symbol id="sm-ac8">
         <name>PORT2_IRQHandler</name>
         <value>0x1a7f</value>
      </symbol>
      <symbol id="sm-ac9">
         <name>PORT3_IRQHandler</name>
         <value>0x1a7f</value>
      </symbol>
      <symbol id="sm-aca">
         <name>PORT4_IRQHandler</name>
         <value>0x1a7f</value>
      </symbol>
      <symbol id="sm-acb">
         <name>PORT5_IRQHandler</name>
         <value>0x1a7f</value>
      </symbol>
      <symbol id="sm-acc">
         <name>PORT6_IRQHandler</name>
         <value>0x1a7f</value>
      </symbol>
      <symbol id="sm-acd">
         <name>_ZSt17__throw_bad_allocv</name>
         <value>0x3f71</value>
      </symbol>
   </symbol_table>
   <title>Link successful</title>
</link_info>
