******************************************************************************
                  TI ARM Linker Unix v18.12.1                  
******************************************************************************
>> Linked Tue May 28 00:51:52 2019

OUTPUT FILE NAME:   <Horizon.out>
ENTRY POINT SYMBOL: "_c_int00_noargs"  address: 000019a9


MEMORY CONFIGURATION

         name            origin    length      used     unused   attr    fill
----------------------  --------  ---------  --------  --------  ----  --------
  MAIN                  00000000   00040000  00002420  0003dbe0  R  X
  INFO                  00200000   00004000  00000000  00004000  R  X
  SRAM_CODE             01000000   00010000  00009aba  00006546  RW X
  SRAM_DATA             20000000   00010000  00009aba  00006546  RW  


SEGMENT ALLOCATION MAP

run origin  load origin   length   init length attrs members
----------  ----------- ---------- ----------- ----- -------
00000000    00000000    00002428   00002428    r-x
  00000000    00000000    000000e4   000000e4    r-- .intvecs
  000000e4    000000e4    00001d4a   00001d4a    r-x .text
  00001e30    00001e30    000005b6   000005b6    r-- .const
  000023e8    000023e8    00000004   00000004    r-- .init_array
  000023f0    000023f0    00000038   00000038    r-- .cinit
20000000    20000000    000098bc   00000000    rw-
  20000000    20000000    0000908e   00000000    rw- .bss
  20009090    20009090    00000800   00000000    rw- .sysmem
  20009890    20009890    0000002c   00000000    rw- .data
2000fe00    2000fe00    00000200   00000000    rw-
  2000fe00    2000fe00    00000200   00000000    rw- .stack


SECTION ALLOCATION MAP

 output                                  attributes/
section   page    origin      length       input sections
--------  ----  ----------  ----------   ----------------
.intvecs   0    00000000    000000e4     
                  00000000    000000e4     startup_msp432p401r_ccs.obj (.intvecs:retain)

.binit     0    00000000    00000000     

.text      0    000000e4    00001d4a     
                  000000e4    000001d8     Crystalfontz128x128_ST7735.obj (.text:_ZN52_INTERNAL_30_Crystalfontz128x128_ST7735_cpp_acdafc1437Crystalfontz128x128_PixelDrawMultipleEPK16Graphics_DisplaysssssPKhPKj)
                  000002bc    000001b6     rtsv7M4_T_le_v4SPD16_eabi.lib : fd_add_t2.asm.obj (.text)
                  00000472    00000002     startup_msp432p401r_ccs.obj (.text:Default_Handler)
                  00000474    00000160     msp432p4xx_driverlib.lib : adc14.o (.text:_getIndexForMemRegister)
                  000005d4    00000136     LCD_Task.obj (.text:_ZN8LCD_Task3runEv)
                  0000070a    00000136     rtsv7M4_T_le_v4SPD16_eabi.lib : fd_div_t2.asm.obj (.text)
                  00000840    00000134     Crystalfontz128x128_ST7735.obj (.text:_Z32Crystalfontz128x128_SetDrawFrametttt)
                  00000974    0000012c     Crystalfontz128x128_ST7735.obj (.text:_Z24Crystalfontz128x128_Initv)
                  00000aa0    000000e8     rtsv7M4_T_le_v4SPD16_eabi.lib : memory.c.obj (.text:free)
                  00000b88    000000c0     ADC_Task.obj (.text:_ZN8ADC_Task5setupEv)
                  00000c48    000000bc     system_msp432p401r.obj (.text:SystemInit)
                  00000d04    000000bc     Scheduler.obj (.text:_ZN9Scheduler3runEv)
                  00000dc0    000000b0     msp432p4xx_driverlib.lib : spi.o (.text:SPI_initMaster)
                  00000e70    0000009c     grlib.a : line.obj (.text:Graphics_drawLineH)
                  00000f0c    0000009c     Crystalfontz128x128_ST7735.obj (.text:_ZN52_INTERNAL_30_Crystalfontz128x128_ST7735_cpp_acdafc1428Crystalfontz128x128_RectFillEPK16Graphics_DisplayPK18Graphics_Rectanglet)
                  00000fa8    0000009c     rtsv7M4_T_le_v4SPD16_eabi.lib : memcpy_t2.asm.obj (.text)
                  00001044    00000088     msp432p4xx_driverlib.lib : gpio.o (.text:GPIO_setAsPeripheralModuleFunctionOutputPin)
                  000010cc    00000088     LCD_Task.obj (.text:_ZN8LCD_Task10conversionEP16Graphics_Contextt)
                  00001154    00000080     Scheduler.obj (.text:_ZN9Scheduler6attachEP4Tasky)
                  000011d4    0000007a     rtsv7M4_T_le_v4SPD16_eabi.lib : memset_t2.asm.obj (.text)
                  0000124e    00000002                                   : stdlib_typeinfo.cpp.obj (.text:_ZNSt9type_infoD1Ev)
                  00001250    00000078     main.obj (.text:main)
                  000012c8    0000006e     rtsv7M4_T_le_v4SPD16_eabi.lib : fd_tos_t2.asm.obj (.text)
                  00001336    00000068                                   : copy_decompress_lzss.c.obj (.text:decompress:lzss:__TI_decompress_lzss)
                  0000139e    00000060     Crystalfontz128x128_ST7735.obj (.text:_ZN52_INTERNAL_30_Crystalfontz128x128_ST7735_cpp_acdafc1429Crystalfontz128x128_LineDrawHEPK16Graphics_Displayssst)
                  000013fe    00000060     Crystalfontz128x128_ST7735.obj (.text:_ZN52_INTERNAL_30_Crystalfontz128x128_ST7735_cpp_acdafc1429Crystalfontz128x128_LineDrawVEPK16Graphics_Displayssst)
                  0000145e    00000002     rtsv7M4_T_le_v4SPD16_eabi.lib : _lock.c.obj (.text:_nop)
                  00001460    00000060                                   : autoinit.c.obj (.text:__TI_auto_init_nobinit:__TI_auto_init_nobinit)
                  000014c0    0000005c     ADC_Task.obj (.text:_ZN8ADC_Task3runEv)
                  0000151c    00000058     Mailbox.obj (.text:_ZN7Mailbox13m_PostMessageE6st_Msg)
                  00001574    00000054     Crystalfontz128x128_ST7735.obj (.text:_Z34Crystalfontz128x128_SetOrientationh)
                  000015c8    00000054     LCD_Task.obj (.text:_ZN8LCD_Task5setupEv)
                  0000161c    00000052     grlib.a : context.obj (.text:Graphics_initContext)
                  0000166e    0000004c     Scheduler.obj (.text:_ZN9Scheduler5setupEv)
                  000016ba    00000002     --HOLE-- [fill = 0]
                  000016bc    00000048     main.obj (.text:_ZN29_INTERNAL_8_main_cpp_937618a818__NVIC_SetPriorityE4IRQnj)
                  00001704    00000044     main.obj (.text:_Z5Setupv)
                  00001748    00000044     Mailbox.obj (.text:_ZN7Mailbox13m_ReadMessageEh)
                  0000178c    00000040     msp432p4xx_driverlib.lib : gpio.o (.text:GPIO_setAsOutputPin)
                  000017cc    00000040     HAL_MSP_EXP432P401R_Crystalfontz128x128_ST7735.obj (.text:_Z15HAL_LCD_SpiInitv)
                  0000180c    00000040     Crystalfontz128x128_ST7735.obj (.text:_ZN52_INTERNAL_30_Crystalfontz128x128_ST7735_cpp_acdafc1429Crystalfontz128x128_PixelDrawEPK16Graphics_Displaysst)
                  0000184c    00000040     msp432p4xx_driverlib.lib : spi.o (.text:is_A_Module)
                  0000188c    0000003e     ADC_Task.obj (.text:_ZN8ADC_Task18m_CreateAndPostMsgEv)
                  000018ca    0000003a     Scheduler.obj (.text:_ZN9SchedulerC1Ev)
                  00001904    00000038     HAL_MSP_EXP432P401R_Crystalfontz128x128_ST7735.obj (.text:_Z20HAL_LCD_writeCommandh)
                  0000193c    00000036     grlib.a : display.obj (.text:Graphics_drawHorizontalLineOnDisplay)
                  00001972    00000002     --HOLE-- [fill = 0]
                  00001974    00000034     main.obj (.text:T32_INT1_IRQHandler)
                  000019a8    00000034     rtsv7M4_T_le_v4SPD16_eabi.lib : boot_cortex_m.c.obj (.text:_c_int00_noargs:_c_int00_noargs)
                  000019dc    00000030     HAL_MSP_EXP432P401R_Crystalfontz128x128_ST7735.obj (.text:_Z16HAL_LCD_PortInitv)
                  00001a0c    00000030     main.obj (.text:_ZN29_INTERNAL_8_main_cpp_937618a816__NVIC_EnableIRQE4IRQn)
                  00001a3c    00000030     Task.obj (.text:_ZN4TaskC1Ev)
                  00001a6c    0000002c     HAL_MSP_EXP432P401R_Crystalfontz128x128_ST7735.obj (.text:_Z17HAL_LCD_writeDatah)
                  00001a98    0000002c     Crystalfontz128x128_ST7735.obj (.text:_ZN52_INTERNAL_30_Crystalfontz128x128_ST7735_cpp_acdafc1431Crystalfontz128x128_ClearScreenEPK16Graphics_Displayt)
                  00001ac4    00000028     msp432p4xx_driverlib.lib : gpio.o (.text:GPIO_setOutputHighOnPin)
                  00001aec    00000028                              : gpio.o (.text:GPIO_setOutputLowOnPin)
                  00001b14    00000028     Crystalfontz128x128_ST7735.obj (.text:_ZN52_INTERNAL_30_Crystalfontz128x128_ST7735_cpp_acdafc1434Crystalfontz128x128_ColorTranslateEPK16Graphics_Displayj)
                  00001b3c    00000028     rtsv7M4_T_le_v4SPD16_eabi.lib : memory.c.obj (.text:free_list_insert)
                  00001b64    00000020     ADC_Task.obj (.text:_ZN8ADC_TaskC1EP7Mailbox)
                  00001b84    00000020     LCD_Task.obj (.text:_ZN8LCD_TaskC1EP7Mailbox)
                  00001ba4    00000020     rtsv7M4_T_le_v4SPD16_eabi.lib : u_tofd_t2.asm.obj (.text)
                  00001bc4    0000001c     msp432p4xx_driverlib.lib : adc14.o (.text:ADC14_getResult)
                  00001be0    0000001c                              : spi.o (.text:SPI_enableModule)
                  00001bfc    0000001c     Mailbox.obj (.text:_ZN7Mailbox14m_CheckMailboxEh)
                  00001c18    0000001c     rtsv7M4_T_le_v4SPD16_eabi.lib : memory.c.obj (.text:free_list_remove)
                  00001c34    0000001a     grlib.a : display.obj (.text:Graphics_clearDisplayOnDisplay)
                  00001c4e    0000001a             : context.obj (.text:Graphics_setBackgroundColor)
                  00001c68    0000001a             : context.obj (.text:Graphics_setFont)
                  00001c82    00000018     Mailbox.obj (.text:_ZNSt3__25arrayINS0_I6st_MsgLj10EEELj255EEixEj)
                  00001c9a    00000002     --HOLE-- [fill = 0]
                  00001c9c    00000018     main.obj (.text:__sti___8_main_cpp_937618a8)
                  00001cb4    00000016     msp432p4xx_driverlib.lib : spi.o (.text:EUSCI_A_SPI_enable)
                  00001cca    00000016                              : spi.o (.text:EUSCI_B_SPI_enable)
                  00001ce0    00000016     grlib.a : context.obj (.text:Graphics_setForegroundColor)
                  00001cf6    00000016             : display.obj (.text:Graphics_translateColorOnDisplay)
                  00001d0c    00000016     Task.obj (.text:_ZN4Task17SetTaskReceiverIdEh)
                  00001d22    00000014     Mailbox.obj (.text:_ZNSt3__25arrayI6st_MsgLj10EEixEj)
                  00001d36    00000012     grlib.a : context.obj (.text:Graphics_clearDisplay)
                  00001d48    00000012     Mailbox.obj (.text:_ZNSt3__25arrayIhLj255EEixEj)
                  00001d5a    00000010     grlib.a : context.obj (.text:Graphics_getDisplayHeight)
                  00001d6a    00000010             : context.obj (.text:Graphics_getDisplayWidth)
                  00001d7a    0000000e     rtsv7M4_T_le_v4SPD16_eabi.lib : typeinfo.c.obj (.text:_ZN10__cxxabiv117__class_type_infoD0Ev)
                  00001d88    0000000e                                   : typeinfo.c.obj (.text:_ZN10__cxxabiv120__si_class_type_infoD0Ev)
                  00001d96    0000000e     Task.obj (.text:_ZN4Task17GetReceiverTaskIdEv)
                  00001da4    0000000e     Task.obj (.text:_ZN4Task9GetTaskIdEv)
                  00001db2    0000000e     rtsv7M4_T_le_v4SPD16_eabi.lib : copy_decompress_none.c.obj (.text:decompress:none:__TI_decompress_none)
                  00001dc0    0000000c     startup_msp432p401r_ccs.obj (.text:Reset_Handler)
                  00001dcc    0000000c     Task.obj (.text:_ZN4Task3runEv)
                  00001dd8    0000000c     Task.obj (.text:_ZN4Task5setupEv)
                  00001de4    0000000c     Mailbox.obj (.text:_ZN7MailboxC1Ev)
                  00001df0    0000000c     Scheduler.obj (.text:_ZN9Scheduler21CalculateNextScheduleEv)
                  00001dfc    0000000c     rtsv7M4_T_le_v4SPD16_eabi.lib : copy_zero_init.c.obj (.text:decompress:ZI:__TI_zero_init)
                  00001e08    0000000a     Crystalfontz128x128_ST7735.obj (.text:_ZN52_INTERNAL_30_Crystalfontz128x128_ST7735_cpp_acdafc1425Crystalfontz128x128_FlushEPK16Graphics_Display)
                  00001e12    00000008     rtsv7M4_T_le_v4SPD16_eabi.lib : new.cpp.obj (.text:_ZdlPv)
                  00001e1a    00000004                                   : typeinfo.c.obj (.text:_ZN10__cxxabiv117__class_type_infoD1Ev)
                  00001e1e    00000004                                   : typeinfo.c.obj (.text:_ZN10__cxxabiv120__si_class_type_infoD1Ev)
                  00001e22    00000004                                   : new.cpp.obj (.text:_ZdlPvj)
                  00001e26    00000004                                   : pre_init.c.obj (.text:_system_pre_init)
                  00001e2a    00000004                                   : exit.c.obj (.text:abort:abort)

.const     0    00001e30    000005b6     
                  00001e30    000002f8     grlib.a : fontfixed6x8.obj (.const:.string:g_pucFontFixed6x8Data)
                  00002128    000000c8             : fontfixed6x8.obj (.const:g_sFontFixed6x8)
                  000021f0    00000080     msp432p4xx_driverlib.lib : adc14.o (.const:_ctlRegs)
                  00002270    00000030                              : gpio.o (.const:GPIO_PORT_TO_BASE)
                  000022a0    00000025     rtsv7M4_T_le_v4SPD16_eabi.lib : typeinfo.c.obj (.const:.typeinfo:_ZTSN10__cxxabiv120__si_class_type_infoE)
                  000022c5    00000022                                   : typeinfo.c.obj (.const:.typeinfo:_ZTSN10__cxxabiv117__class_type_infoE)
                  000022e7    00000001     --HOLE-- [fill = 0]
                  000022e8    00000020     Crystalfontz128x128_ST7735.obj (.const:g_sCrystalfontz128x128_funcs)
                  00002308    0000001c     HAL_MSP_EXP432P401R_Crystalfontz128x128_ST7735.obj (.const:$P$T40$1)
                  00002324    00000010     Task.obj (.const:_ZTV4Task)
                  00002334    00000010     ADC_Task.obj (.const:_ZTV8ADC_Task)
                  00002344    00000010     LCD_Task.obj (.const:_ZTV8LCD_Task)
                  00002354    00000010     rtsv7M4_T_le_v4SPD16_eabi.lib : typeinfo.c.obj (.const:_ZTVN10__cxxabiv117__class_type_infoE)
                  00002364    00000010                                   : typeinfo.c.obj (.const:_ZTVN10__cxxabiv120__si_class_type_infoE)
                  00002374    0000000d                                   : stdlib_typeinfo.cpp.obj (.const:.typeinfo:_ZTSSt9type_info)
                  00002381    00000003     --HOLE-- [fill = 0]
                  00002384    0000000c     ADC_Task.obj (.const:.typeinfo:_ZTI8ADC_Task)
                  00002390    0000000c     LCD_Task.obj (.const:.typeinfo:_ZTI8LCD_Task)
                  0000239c    0000000c     rtsv7M4_T_le_v4SPD16_eabi.lib : typeinfo.c.obj (.const:.typeinfo:_ZTIN10__cxxabiv117__class_type_infoE)
                  000023a8    0000000c                                   : typeinfo.c.obj (.const:.typeinfo:_ZTIN10__cxxabiv120__si_class_type_infoE)
                  000023b4    0000000a     ADC_Task.obj (.const:.typeinfo:_ZTS8ADC_Task)
                  000023be    0000000a     LCD_Task.obj (.const:.typeinfo:_ZTS8LCD_Task)
                  000023c8    00000008     Crystalfontz128x128_ST7735.obj (.const:$P$T40$1)
                  000023d0    00000008     ADC_Task.obj (.const:.typeinfo:_ZTI4Task)
                  000023d8    00000008     rtsv7M4_T_le_v4SPD16_eabi.lib : stdlib_typeinfo.cpp.obj (.const:.typeinfo:_ZTISt9type_info)
                  000023e0    00000006     ADC_Task.obj (.const:.typeinfo:_ZTS4Task)

.cinit     0    000023f0    00000038     
                  000023f0    00000014     (.cinit..data.load) [load image, compression = lzss]
                  00002404    0000000c     (__TI_handler_table)
                  00002410    00000008     (.cinit..bss.load) [load image, compression = zero_init]
                  00002418    00000010     (__TI_cinit_table)

.init_array 
*          0    000023e8    00000004     
                  000023e8    00000004     main.obj (.init_array)

.bss       0    20000000    0000908e     UNINITIALIZED
                  20000000    000050b4     main.obj (.bss:g_MainMailbox)
                  200050b4    00000002     (.common:Lcd_ScreenHeigth)
                  200050b6    00000002     (.common:Lcd_ScreenWidth)
                  200050b8    00003fd0     main.obj (.bss:g_MainScheduler)
                  20009088    00000002     (.common:Lcd_TouchTrim)
                  2000908a    00000001     (.common:Lcd_FlagRead)
                  2000908b    00000001     (.common:Lcd_FontSolid)
                  2000908c    00000001     (.common:Lcd_Orientation)
                  2000908d    00000001     (.common:Lcd_PenSolid)

.sysmem    0    20009090    00000800     UNINITIALIZED
                  20009090    00000010     rtsv7M4_T_le_v4SPD16_eabi.lib : memory.c.obj (.sysmem)
                  200090a0    000007f0     --HOLE--

.data      0    20009890    0000002c     UNINITIALIZED
                  20009890    00000010     Crystalfontz128x128_ST7735.obj (.data:g_sCrystalfontz128x128)
                  200098a0    00000009     main.obj (.data)
                  200098a9    00000003     --HOLE--
                  200098ac    00000008     rtsv7M4_T_le_v4SPD16_eabi.lib : _lock.c.obj (.data:$O1$$)
                  200098b4    00000008                                   : memory.c.obj (.data:$O1$$)

.stack     0    2000fe00    00000200     UNINITIALIZED
                  2000fe00    00000004     rtsv7M4_T_le_v4SPD16_eabi.lib : boot_cortex_m.c.obj (.stack)
                  2000fe04    000001fc     --HOLE--

MODULE SUMMARY

       Module                                               code   ro data   rw data
       ------                                               ----   -------   -------
    ./
       main.obj                                             384    4         74010  
       LCD_Task.obj                                         562    38        0      
       Scheduler.obj                                        462    0         0      
       ADC_Task.obj                                         378    52        0      
       Mailbox.obj                                          258    0         0      
       system_msp432p401r.obj                               188    0         0      
       Task.obj                                             122    16        0      
    +--+----------------------------------------------------+------+---------+---------+
       Total:                                               2354   110       74010  
                                                                                    
    ./LcdDriver/
       Crystalfontz128x128_ST7735.obj                       1670   40        52     
       HAL_MSP_EXP432P401R_Crystalfontz128x128_ST7735.obj   212    28        0      
    +--+----------------------------------------------------+------+---------+---------+
       Total:                                               1882   68        52     
                                                                                    
    ./ccs/
       startup_msp432p401r_ccs.obj                          14     228       0      
    +--+----------------------------------------------------+------+---------+---------+
       Total:                                               14     228       0      
                                                                                    
    /home/carlos/ti/ccs901/ccs/tools/compiler/ti-cgt-arm_18.12.1.LTS/lib/rtsv7M4_T_le_v4SPD16_eabi.lib
       fd_add_t2.asm.obj                                    438    0         0      
       memory.c.obj                                         300    0         16     
       fd_div_t2.asm.obj                                    310    0         0      
       typeinfo.c.obj                                       36     127       0      
       memcpy_t2.asm.obj                                    156    0         0      
       memset_t2.asm.obj                                    122    0         0      
       fd_tos_t2.asm.obj                                    110    0         0      
       copy_decompress_lzss.c.obj                           104    0         0      
       autoinit.c.obj                                       96     0         0      
       boot_cortex_m.c.obj                                  52     0         0      
       u_tofd_t2.asm.obj                                    32     0         0      
       stdlib_typeinfo.cpp.obj                              2      21        0      
       _lock.c.obj                                          2      0         16     
       copy_decompress_none.c.obj                           14     0         0      
       copy_zero_init.c.obj                                 12     0         0      
       new.cpp.obj                                          12     0         0      
       exit.c.obj                                           4      0         0      
       pre_init.c.obj                                       4      0         0      
    +--+----------------------------------------------------+------+---------+---------+
       Total:                                               1806   148       32     
                                                                                    
    /home/carlos/ti/simplelink_msp432p4_sdk_2_40_00_10/source/ti/devices/msp432p4xx/driverlib/ccs/msp432p4xx_driverlib.lib
       adc14.o                                              380    128       0      
       gpio.o                                               280    48        0      
       spi.o                                                312    0         0      
    +--+----------------------------------------------------+------+---------+---------+
       Total:                                               972    176       0      
                                                                                    
    /home/carlos/ti/simplelink_msp432p4_sdk_2_40_00_10/source/ti/grlib/lib/ccs/m4f/grlib.a
       fontfixed6x8.obj                                     0      960       0      
       context.obj                                          206    0         0      
       line.obj                                             156    0         0      
       display.obj                                          102    0         0      
    +--+----------------------------------------------------+------+---------+---------+
       Total:                                               464    960       0      
                                                                                    
       Heap:                                                0      0         4096   
       Stack:                                               0      0         1024   
       Linker Generated:                                    0      56        0      
    +--+----------------------------------------------------+------+---------+---------+
       Grand Total:                                         7492   1746      79214  


LINKER GENERATED COPY TABLES

__TI_cinit_table @ 00002418 records: 2, size/record: 8, table size: 16
	.data: load addr=000023f0, load size=00000014 bytes, run addr=20009890, run size=0000002c bytes, compression=lzss
	.bss: load addr=00002410, load size=00000008 bytes, run addr=20000000, run size=0000908e bytes, compression=zero_init


LINKER GENERATED HANDLER TABLE

__TI_handler_table @ 00002404 records: 3, size/record: 4, table size: 12
	index: 0, handler: __TI_decompress_lzss
	index: 1, handler: __TI_decompress_none
	index: 2, handler: __TI_zero_init


GLOBAL SYMBOLS: SORTED ALPHABETICALLY BY Name 

address   name                                          
-------   ----                                          
00000473  ADC14_IRQHandler                              
00001bc5  ADC14_getResult                               
00000473  AES256_IRQHandler                             
00000473  BusFault_Handler                              
00001e2b  C$$EXIT                                       
00000473  COMP_E0_IRQHandler                            
00000473  COMP_E1_IRQHandler                            
00000473  CS_IRQHandler                                 
00000473  DMA_ERR_IRQHandler                            
00000473  DMA_INT0_IRQHandler                           
00000473  DMA_INT1_IRQHandler                           
00000473  DMA_INT2_IRQHandler                           
00000473  DMA_INT3_IRQHandler                           
00000473  DebugMon_Handler                              
00000473  Default_Handler                               
00000473  EUSCIA0_IRQHandler                            
00000473  EUSCIA1_IRQHandler                            
00000473  EUSCIA2_IRQHandler                            
00000473  EUSCIA3_IRQHandler                            
00000473  EUSCIB0_IRQHandler                            
00000473  EUSCIB1_IRQHandler                            
00000473  EUSCIB2_IRQHandler                            
00000473  EUSCIB3_IRQHandler                            
00001cb5  EUSCI_A_SPI_enable                            
00001ccb  EUSCI_B_SPI_enable                            
00000473  FLCTL_IRQHandler                              
00000473  FPU_IRQHandler                                
0000178d  GPIO_setAsOutputPin                           
00001045  GPIO_setAsPeripheralModuleFunctionOutputPin   
00001ac5  GPIO_setOutputHighOnPin                       
00001aed  GPIO_setOutputLowOnPin                        
00001d37  Graphics_clearDisplay                         
00001c35  Graphics_clearDisplayOnDisplay                
0000193d  Graphics_drawHorizontalLineOnDisplay          
00000e71  Graphics_drawLineH                            
00001d5b  Graphics_getDisplayHeight                     
00001d6b  Graphics_getDisplayWidth                      
0000161d  Graphics_initContext                          
00001c4f  Graphics_setBackgroundColor                   
00001c69  Graphics_setFont                              
00001ce1  Graphics_setForegroundColor                   
00001cf7  Graphics_translateColorOnDisplay              
00000473  HardFault_Handler                             
2000908a  Lcd_FlagRead                                  
2000908b  Lcd_FontSolid                                 
2000908c  Lcd_Orientation                               
2000908d  Lcd_PenSolid                                  
200050b4  Lcd_ScreenHeigth                              
200050b6  Lcd_ScreenWidth                               
20009088  Lcd_TouchTrim                                 
00000473  MemManage_Handler                             
00000473  NMI_Handler                                   
00000473  PCM_IRQHandler                                
00000473  PORT1_IRQHandler                              
00000473  PORT2_IRQHandler                              
00000473  PORT3_IRQHandler                              
00000473  PORT4_IRQHandler                              
00000473  PORT5_IRQHandler                              
00000473  PORT6_IRQHandler                              
00000473  PSS_IRQHandler                                
00000473  PendSV_Handler                                
00000473  RTC_C_IRQHandler                              
00001dc1  Reset_Handler                                 
000023e8  SHT$$INIT_ARRAY$$Base                         
000023ec  SHT$$INIT_ARRAY$$Limit                        
00001be1  SPI_enableModule                              
00000dc1  SPI_initMaster                                
00000473  SVC_Handler                                   
00000473  SysTick_Handler                               
00000c49  SystemInit                                    
00001975  T32_INT1_IRQHandler                           
00001975  T32_INT1_IRQHandler                           
00000473  T32_INT2_IRQHandler                           
00000473  T32_INTC_IRQHandler                           
00000473  TA0_0_IRQHandler                              
00000473  TA0_N_IRQHandler                              
00000473  TA1_0_IRQHandler                              
00000473  TA1_N_IRQHandler                              
00000473  TA2_0_IRQHandler                              
00000473  TA2_N_IRQHandler                              
00000473  TA3_0_IRQHandler                              
00000473  TA3_N_IRQHandler                              
00000473  UsageFault_Handler                            
4000480c  WDTCTL_SYM                                    
00000473  WDT_A_IRQHandler                              
000017cd  _Z15HAL_LCD_SpiInitv                          
000019dd  _Z16HAL_LCD_PortInitv                         
00001a6d  _Z17HAL_LCD_writeDatah                        
00001905  _Z20HAL_LCD_writeCommandh                     
00000975  _Z24Crystalfontz128x128_Initv                 
00000841  _Z32Crystalfontz128x128_SetDrawFrametttt      
00001575  _Z34Crystalfontz128x128_SetOrientationh       
00001705  _Z5Setupv                                     
00001d7b  _ZN10__cxxabiv117__class_type_infoD0Ev        
00001e1b  _ZN10__cxxabiv117__class_type_infoD1Ev        
00001e1b  _ZN10__cxxabiv117__class_type_infoD2Ev        
00001d89  _ZN10__cxxabiv120__si_class_type_infoD0Ev     
00001e1f  _ZN10__cxxabiv120__si_class_type_infoD1Ev     
00001e1f  _ZN10__cxxabiv120__si_class_type_infoD2Ev     
200098a8  _ZN4Task14m_u8NextTaskIDE                     
00001d97  _ZN4Task17GetReceiverTaskIdEv                 
00001d0d  _ZN4Task17SetTaskReceiverIdEh                 
00001dcd  _ZN4Task3runEv                                
00001dd9  _ZN4Task5setupEv                              
00001da5  _ZN4Task9GetTaskIdEv                          
00001a3d  _ZN4TaskC1Ev                                  
00001a3d  _ZN4TaskC2Ev                                  
0000151d  _ZN7Mailbox13m_PostMessageE6st_Msg            
00001749  _ZN7Mailbox13m_ReadMessageEh                  
00001bfd  _ZN7Mailbox14m_CheckMailboxEh                 
00001de5  _ZN7MailboxC1Ev                               
00001de5  _ZN7MailboxC2Ev                               
0000188d  _ZN8ADC_Task18m_CreateAndPostMsgEv            
000014c1  _ZN8ADC_Task3runEv                            
00000b89  _ZN8ADC_Task5setupEv                          
00001b65  _ZN8ADC_TaskC1EP7Mailbox                      
00001b65  _ZN8ADC_TaskC2EP7Mailbox                      
000010cd  _ZN8LCD_Task10conversionEP16Graphics_Contextt 
000005d5  _ZN8LCD_Task3runEv                            
000015c9  _ZN8LCD_Task5setupEv                          
00001b85  _ZN8LCD_TaskC1EP7Mailbox                      
00001b85  _ZN8LCD_TaskC2EP7Mailbox                      
00001df1  _ZN9Scheduler21CalculateNextScheduleEv        
00000d05  _ZN9Scheduler3runEv                           
0000166f  _ZN9Scheduler5setupEv                         
00001155  _ZN9Scheduler6attachEP4Tasky                  
000018cb  _ZN9SchedulerC1Ev                             
000018cb  _ZN9SchedulerC2Ev                             
00001d23  _ZNSt3__25arrayI6st_MsgLj10EEixEj             
00001c83  _ZNSt3__25arrayINS0_I6st_MsgLj10EEELj255EEixEj
00001d49  _ZNSt3__25arrayIhLj255EEixEj                  
0000124f  _ZNSt9type_infoD1Ev                           
0000124f  _ZNSt9type_infoD2Ev                           
00001e2b  _ZSt17__throw_bad_allocv                      
000023d0  _ZTI4Task                                     
00002384  _ZTI8ADC_Task                                 
00002390  _ZTI8LCD_Task                                 
0000239c  _ZTIN10__cxxabiv117__class_type_infoE         
000023a8  _ZTIN10__cxxabiv120__si_class_type_infoE      
000023d8  _ZTISt9type_info                              
000023e0  _ZTS4Task                                     
000023b4  _ZTS8ADC_Task                                 
000023be  _ZTS8LCD_Task                                 
000022c5  _ZTSN10__cxxabiv117__class_type_infoE         
000022a0  _ZTSN10__cxxabiv120__si_class_type_infoE      
00002374  _ZTSSt9type_info                              
00002324  _ZTV4Task                                     
00002334  _ZTV8ADC_Task                                 
00002344  _ZTV8LCD_Task                                 
00002354  _ZTVN10__cxxabiv117__class_type_infoE         
00002364  _ZTVN10__cxxabiv120__si_class_type_infoE      
00001e13  _ZdlPv                                        
00001e23  _ZdlPvj                                       
20010000  __STACK_END                                   
00000200  __STACK_SIZE                                  
00000800  __SYSMEM_SIZE                                 
00002418  __TI_CINIT_Base                               
00002428  __TI_CINIT_Limit                              
00002404  __TI_Handler_Table_Base                       
00002410  __TI_Handler_Table_Limit                      
00001461  __TI_auto_init_nobinit                        
00001337  __TI_decompress_lzss                          
00001db3  __TI_decompress_none                          
ffffffff  __TI_pprof_out_hndl                           
ffffffff  __TI_prof_data_size                           
ffffffff  __TI_prof_data_start                          
00000000  __TI_static_base__                            
00001dfd  __TI_zero_init                                
000012c9  __aeabi_d2f                                   
000002c7  __aeabi_dadd                                  
0000070b  __aeabi_ddiv                                  
000002bd  __aeabi_dsub                                  
000011d5  __aeabi_memclr                                
000011d5  __aeabi_memclr4                               
000011d5  __aeabi_memclr8                               
00000fa9  __aeabi_memcpy                                
00000fa9  __aeabi_memcpy4                               
00000fa9  __aeabi_memcpy8                               
000011d7  __aeabi_memset                                
000011d7  __aeabi_memset4                               
000011d7  __aeabi_memset8                               
00001ba5  __aeabi_ui2d                                  
ffffffff  __binit__                                     
ffffffff  __c_args__                                    
UNDEFED   __mpu_init                                    
2000fe00  __stack                                       
00001c9d  __sti___8_main_cpp_937618a8                   
000019a9  _c_int00_noargs                               
200098ac  _lock                                         
0000145f  _nop                                          
20009090  _sys_memory                                   
UNDEFED   _system_post_cinit                            
00001e27  _system_pre_init                              
200098b0  _unlock                                       
00001e2b  abort                                         
ffffffff  binit                                         
00000aa1  free                                          
20000000  g_MainMailbox                                 
200050b8  g_MainScheduler                               
20009890  g_sCrystalfontz128x128                        
000022e8  g_sCrystalfontz128x128_funcs                  
00002128  g_sFontFixed6x8                               
00000000  interruptVectors                              
00001251  main                                          
00000fa9  memcpy                                        
000011dd  memset                                        


GLOBAL SYMBOLS: SORTED BY Symbol Address 

address   name                                          
-------   ----                                          
00000000  __TI_static_base__                            
00000000  interruptVectors                              
00000200  __STACK_SIZE                                  
000002bd  __aeabi_dsub                                  
000002c7  __aeabi_dadd                                  
00000473  ADC14_IRQHandler                              
00000473  AES256_IRQHandler                             
00000473  BusFault_Handler                              
00000473  COMP_E0_IRQHandler                            
00000473  COMP_E1_IRQHandler                            
00000473  CS_IRQHandler                                 
00000473  DMA_ERR_IRQHandler                            
00000473  DMA_INT0_IRQHandler                           
00000473  DMA_INT1_IRQHandler                           
00000473  DMA_INT2_IRQHandler                           
00000473  DMA_INT3_IRQHandler                           
00000473  DebugMon_Handler                              
00000473  Default_Handler                               
00000473  EUSCIA0_IRQHandler                            
00000473  EUSCIA1_IRQHandler                            
00000473  EUSCIA2_IRQHandler                            
00000473  EUSCIA3_IRQHandler                            
00000473  EUSCIB0_IRQHandler                            
00000473  EUSCIB1_IRQHandler                            
00000473  EUSCIB2_IRQHandler                            
00000473  EUSCIB3_IRQHandler                            
00000473  FLCTL_IRQHandler                              
00000473  FPU_IRQHandler                                
00000473  HardFault_Handler                             
00000473  MemManage_Handler                             
00000473  NMI_Handler                                   
00000473  PCM_IRQHandler                                
00000473  PORT1_IRQHandler                              
00000473  PORT2_IRQHandler                              
00000473  PORT3_IRQHandler                              
00000473  PORT4_IRQHandler                              
00000473  PORT5_IRQHandler                              
00000473  PORT6_IRQHandler                              
00000473  PSS_IRQHandler                                
00000473  PendSV_Handler                                
00000473  RTC_C_IRQHandler                              
00000473  SVC_Handler                                   
00000473  SysTick_Handler                               
00000473  T32_INT2_IRQHandler                           
00000473  T32_INTC_IRQHandler                           
00000473  TA0_0_IRQHandler                              
00000473  TA0_N_IRQHandler                              
00000473  TA1_0_IRQHandler                              
00000473  TA1_N_IRQHandler                              
00000473  TA2_0_IRQHandler                              
00000473  TA2_N_IRQHandler                              
00000473  TA3_0_IRQHandler                              
00000473  TA3_N_IRQHandler                              
00000473  UsageFault_Handler                            
00000473  WDT_A_IRQHandler                              
000005d5  _ZN8LCD_Task3runEv                            
0000070b  __aeabi_ddiv                                  
00000800  __SYSMEM_SIZE                                 
00000841  _Z32Crystalfontz128x128_SetDrawFrametttt      
00000975  _Z24Crystalfontz128x128_Initv                 
00000aa1  free                                          
00000b89  _ZN8ADC_Task5setupEv                          
00000c49  SystemInit                                    
00000d05  _ZN9Scheduler3runEv                           
00000dc1  SPI_initMaster                                
00000e71  Graphics_drawLineH                            
00000fa9  __aeabi_memcpy                                
00000fa9  __aeabi_memcpy4                               
00000fa9  __aeabi_memcpy8                               
00000fa9  memcpy                                        
00001045  GPIO_setAsPeripheralModuleFunctionOutputPin   
000010cd  _ZN8LCD_Task10conversionEP16Graphics_Contextt 
00001155  _ZN9Scheduler6attachEP4Tasky                  
000011d5  __aeabi_memclr                                
000011d5  __aeabi_memclr4                               
000011d5  __aeabi_memclr8                               
000011d7  __aeabi_memset                                
000011d7  __aeabi_memset4                               
000011d7  __aeabi_memset8                               
000011dd  memset                                        
0000124f  _ZNSt9type_infoD1Ev                           
0000124f  _ZNSt9type_infoD2Ev                           
00001251  main                                          
000012c9  __aeabi_d2f                                   
00001337  __TI_decompress_lzss                          
0000145f  _nop                                          
00001461  __TI_auto_init_nobinit                        
000014c1  _ZN8ADC_Task3runEv                            
0000151d  _ZN7Mailbox13m_PostMessageE6st_Msg            
00001575  _Z34Crystalfontz128x128_SetOrientationh       
000015c9  _ZN8LCD_Task5setupEv                          
0000161d  Graphics_initContext                          
0000166f  _ZN9Scheduler5setupEv                         
00001705  _Z5Setupv                                     
00001749  _ZN7Mailbox13m_ReadMessageEh                  
0000178d  GPIO_setAsOutputPin                           
000017cd  _Z15HAL_LCD_SpiInitv                          
0000188d  _ZN8ADC_Task18m_CreateAndPostMsgEv            
000018cb  _ZN9SchedulerC1Ev                             
000018cb  _ZN9SchedulerC2Ev                             
00001905  _Z20HAL_LCD_writeCommandh                     
0000193d  Graphics_drawHorizontalLineOnDisplay          
00001975  T32_INT1_IRQHandler                           
00001975  T32_INT1_IRQHandler                           
000019a9  _c_int00_noargs                               
000019dd  _Z16HAL_LCD_PortInitv                         
00001a3d  _ZN4TaskC1Ev                                  
00001a3d  _ZN4TaskC2Ev                                  
00001a6d  _Z17HAL_LCD_writeDatah                        
00001ac5  GPIO_setOutputHighOnPin                       
00001aed  GPIO_setOutputLowOnPin                        
00001b65  _ZN8ADC_TaskC1EP7Mailbox                      
00001b65  _ZN8ADC_TaskC2EP7Mailbox                      
00001b85  _ZN8LCD_TaskC1EP7Mailbox                      
00001b85  _ZN8LCD_TaskC2EP7Mailbox                      
00001ba5  __aeabi_ui2d                                  
00001bc5  ADC14_getResult                               
00001be1  SPI_enableModule                              
00001bfd  _ZN7Mailbox14m_CheckMailboxEh                 
00001c35  Graphics_clearDisplayOnDisplay                
00001c4f  Graphics_setBackgroundColor                   
00001c69  Graphics_setFont                              
00001c83  _ZNSt3__25arrayINS0_I6st_MsgLj10EEELj255EEixEj
00001c9d  __sti___8_main_cpp_937618a8                   
00001cb5  EUSCI_A_SPI_enable                            
00001ccb  EUSCI_B_SPI_enable                            
00001ce1  Graphics_setForegroundColor                   
00001cf7  Graphics_translateColorOnDisplay              
00001d0d  _ZN4Task17SetTaskReceiverIdEh                 
00001d23  _ZNSt3__25arrayI6st_MsgLj10EEixEj             
00001d37  Graphics_clearDisplay                         
00001d49  _ZNSt3__25arrayIhLj255EEixEj                  
00001d5b  Graphics_getDisplayHeight                     
00001d6b  Graphics_getDisplayWidth                      
00001d7b  _ZN10__cxxabiv117__class_type_infoD0Ev        
00001d89  _ZN10__cxxabiv120__si_class_type_infoD0Ev     
00001d97  _ZN4Task17GetReceiverTaskIdEv                 
00001da5  _ZN4Task9GetTaskIdEv                          
00001db3  __TI_decompress_none                          
00001dc1  Reset_Handler                                 
00001dcd  _ZN4Task3runEv                                
00001dd9  _ZN4Task5setupEv                              
00001de5  _ZN7MailboxC1Ev                               
00001de5  _ZN7MailboxC2Ev                               
00001df1  _ZN9Scheduler21CalculateNextScheduleEv        
00001dfd  __TI_zero_init                                
00001e13  _ZdlPv                                        
00001e1b  _ZN10__cxxabiv117__class_type_infoD1Ev        
00001e1b  _ZN10__cxxabiv117__class_type_infoD2Ev        
00001e1f  _ZN10__cxxabiv120__si_class_type_infoD1Ev     
00001e1f  _ZN10__cxxabiv120__si_class_type_infoD2Ev     
00001e23  _ZdlPvj                                       
00001e27  _system_pre_init                              
00001e2b  C$$EXIT                                       
00001e2b  _ZSt17__throw_bad_allocv                      
00001e2b  abort                                         
00002128  g_sFontFixed6x8                               
000022a0  _ZTSN10__cxxabiv120__si_class_type_infoE      
000022c5  _ZTSN10__cxxabiv117__class_type_infoE         
000022e8  g_sCrystalfontz128x128_funcs                  
00002324  _ZTV4Task                                     
00002334  _ZTV8ADC_Task                                 
00002344  _ZTV8LCD_Task                                 
00002354  _ZTVN10__cxxabiv117__class_type_infoE         
00002364  _ZTVN10__cxxabiv120__si_class_type_infoE      
00002374  _ZTSSt9type_info                              
00002384  _ZTI8ADC_Task                                 
00002390  _ZTI8LCD_Task                                 
0000239c  _ZTIN10__cxxabiv117__class_type_infoE         
000023a8  _ZTIN10__cxxabiv120__si_class_type_infoE      
000023b4  _ZTS8ADC_Task                                 
000023be  _ZTS8LCD_Task                                 
000023d0  _ZTI4Task                                     
000023d8  _ZTISt9type_info                              
000023e0  _ZTS4Task                                     
000023e8  SHT$$INIT_ARRAY$$Base                         
000023ec  SHT$$INIT_ARRAY$$Limit                        
00002404  __TI_Handler_Table_Base                       
00002410  __TI_Handler_Table_Limit                      
00002418  __TI_CINIT_Base                               
00002428  __TI_CINIT_Limit                              
20000000  g_MainMailbox                                 
200050b4  Lcd_ScreenHeigth                              
200050b6  Lcd_ScreenWidth                               
200050b8  g_MainScheduler                               
20009088  Lcd_TouchTrim                                 
2000908a  Lcd_FlagRead                                  
2000908b  Lcd_FontSolid                                 
2000908c  Lcd_Orientation                               
2000908d  Lcd_PenSolid                                  
20009090  _sys_memory                                   
20009890  g_sCrystalfontz128x128                        
200098a8  _ZN4Task14m_u8NextTaskIDE                     
200098ac  _lock                                         
200098b0  _unlock                                       
2000fe00  __stack                                       
20010000  __STACK_END                                   
4000480c  WDTCTL_SYM                                    
ffffffff  __TI_pprof_out_hndl                           
ffffffff  __TI_prof_data_size                           
ffffffff  __TI_prof_data_start                          
ffffffff  __binit__                                     
ffffffff  __c_args__                                    
ffffffff  binit                                         
UNDEFED   __mpu_init                                    
UNDEFED   _system_post_cinit                            

[206 symbols]
